../Core/Src/main.c:107:5:main	8	static
../Core/Src/main.c:171:6:SystemClock_Config	88	static
../Core/Src/main.c:225:13:MX_CAN1_Init	8	static
../Core/Src/main.c:262:13:MX_I2C1_Init	8	static
../Core/Src/main.c:296:13:MX_I2C2_Init	8	static
../Core/Src/main.c:330:13:MX_I2C3_Init	8	static
../Core/Src/main.c:364:13:MX_TIM1_Init	56	static
../Core/Src/main.c:414:13:MX_TIM2_Init	56	static
../Core/Src/main.c:463:13:MX_TIM3_Init	56	static
../Core/Src/main.c:512:13:MX_TIM4_Init	64	static
../Core/Src/main.c:583:13:MX_TIM5_Init	64	static
../Core/Src/main.c:650:13:MX_TIM8_Init	96	static
../Core/Src/main.c:737:13:MX_TIM9_Init	56	static
../Core/Src/main.c:793:13:MX_TIM10_Init	8	static
../Core/Src/main.c:824:13:MX_TIM11_Init	8	static
../Core/Src/main.c:855:13:MX_TIM12_Init	56	static
../Core/Src/main.c:911:13:MX_TIM14_Init	40	static
../Core/Src/main.c:957:13:MX_UART4_Init	8	static
../Core/Src/main.c:990:13:MX_UART5_Init	8	static
../Core/Src/main.c:1023:13:MX_USART2_UART_Init	8	static
../Core/Src/main.c:1056:13:MX_USART3_UART_Init	8	static
../Core/Src/main.c:1089:13:MX_USART6_UART_Init	8	static
../Core/Src/main.c:1122:13:MX_GPIO_Init	40	static
../Core/Src/main.c:1149:6:Error_Handler	4	static,ignoring_inline_asm
