../Core/Inc/BNO055_STM32.h:26:6:bno055_assignI2C	16	static
../Core/Inc/BNO055_STM32.h:30:6:bno055_delay	16	static
../Core/Inc/BNO055_STM32.h:38:6:bno055_writeData	40	static
../Core/Inc/BNO055_STM32.h:103:6:bno055_readData	24	static
../Core/Src/main.c:248:7:radians	16	static
../Core/Src/main.c:252:7:degrees	16	static
../Core/Src/main.c:256:7:map	32	static
../Core/Src/main.c:260:7:constrain	24	static
../Core/Src/main.c:275:6:clearModeFlags	4	static
../Core/Src/main.c:287:7:normalise_angle	16	static
../Core/Src/main.c:297:6:rotate	16	static
../Core/Src/main.c:314:6:get_angle	40	static
../Core/Src/main.c:320:6:Area1	8	static
../Core/Src/main.c:404:6:Area2	8	static
../Core/Src/main.c:526:6:Area3	8	static
../Core/Src/main.c:744:6:Navigation	32	static
../Core/Src/main.c:811:5:main	24	static
../Core/Src/main.c:974:6:SystemClock_Config	88	static
../Core/Src/main.c:1028:13:MX_FMPI2C1_Init	8	static
../Core/Src/main.c:1069:13:MX_I2C1_Init	8	static
../Core/Src/main.c:1103:13:MX_I2C2_Init	8	static
../Core/Src/main.c:1137:13:MX_TIM1_Init	56	static
../Core/Src/main.c:1187:13:MX_TIM4_Init	64	static
../Core/Src/main.c:1254:13:MX_TIM5_Init	64	static
../Core/Src/main.c:1313:13:MX_TIM6_Init	16	static
../Core/Src/main.c:1351:13:MX_TIM7_Init	16	static
../Core/Src/main.c:1389:13:MX_TIM8_Init	96	static
../Core/Src/main.c:1463:13:MX_TIM9_Init	56	static
../Core/Src/main.c:1515:13:MX_TIM12_Init	56	static
../Core/Src/main.c:1567:13:MX_UART5_Init	8	static
../Core/Src/main.c:1600:13:MX_USART2_UART_Init	8	static
../Core/Src/main.c:1633:13:MX_USART3_UART_Init	8	static
../Core/Src/main.c:1666:13:MX_GPIO_Init	56	static
../Core/Src/main.c:1737:6:HAL_UART_RxCpltCallback	24	static
../Core/Src/main.c:1842:6:HAL_TIM_PeriodElapsedCallback	16	static
../Core/Src/main.c:1860:6:Error_Handler	4	static,ignoring_inline_asm
