../Core/Inc/BNO055_STM32.h:26:6:bno055_assignI2C	1
../Core/Inc/BNO055_STM32.h:30:6:bno055_delay	1
../Core/Inc/BNO055_STM32.h:38:6:bno055_writeData	21
../Core/Inc/BNO055_STM32.h:103:6:bno055_readData	1
../Core/Src/main.c:248:7:radians	1
../Core/Src/main.c:252:7:degrees	1
../Core/Src/main.c:256:7:map	1
../Core/Src/main.c:260:7:constrain	3
../Core/Src/main.c:275:6:clearModeFlags	1
../Core/Src/main.c:287:7:normalise_angle	3
../Core/Src/main.c:297:6:rotate	3
../Core/Src/main.c:314:6:get_angle	1
../Core/Src/main.c:320:6:Area1	16
../Core/Src/main.c:404:6:Area2	23
../Core/Src/main.c:526:6:Area3	25
../Core/Src/main.c:744:6:Navigation	7
../Core/Src/main.c:811:5:main	6
../Core/Src/main.c:974:6:SystemClock_Config	4
../Core/Src/main.c:1028:13:MX_FMPI2C1_Init	3
../Core/Src/main.c:1069:13:MX_I2C1_Init	2
../Core/Src/main.c:1103:13:MX_I2C2_Init	2
../Core/Src/main.c:1137:13:MX_TIM1_Init	3
../Core/Src/main.c:1187:13:MX_TIM4_Init	8
../Core/Src/main.c:1254:13:MX_TIM5_Init	6
../Core/Src/main.c:1313:13:MX_TIM6_Init	3
../Core/Src/main.c:1351:13:MX_TIM7_Init	3
../Core/Src/main.c:1389:13:MX_TIM8_Init	7
../Core/Src/main.c:1463:13:MX_TIM9_Init	5
../Core/Src/main.c:1515:13:MX_TIM12_Init	5
../Core/Src/main.c:1567:13:MX_UART5_Init	2
../Core/Src/main.c:1600:13:MX_USART2_UART_Init	2
../Core/Src/main.c:1633:13:MX_USART3_UART_Init	2
../Core/Src/main.c:1666:13:MX_GPIO_Init	1
../Core/Src/main.c:1737:6:HAL_UART_RxCpltCallback	28
../Core/Src/main.c:1842:6:HAL_TIM_PeriodElapsedCallback	2
../Core/Src/main.c:1860:6:Error_Handler	1
