Archive member included to satisfy reference by file (symbol)

C:/ST/STM32CubeIDE_1.17.0/STM32CubeIDE/plugins/com.st.stm32cube.ide.mcu.externaltools.gnu-tools-for-stm32.12.3.rel1.win32_1.1.0.202410251130/tools/bin/../lib/gcc/arm-none-eabi/12.3.1/../../../../arm-none-eabi/lib/thumb/v7e-m+fp/hard\libc_nano.a(libc_a-atof.o)
                              ./Core/Src/OdriveS1.o (atof)
C:/ST/STM32CubeIDE_1.17.0/STM32CubeIDE/plugins/com.st.stm32cube.ide.mcu.externaltools.gnu-tools-for-stm32.12.3.rel1.win32_1.1.0.202410251130/tools/bin/../lib/gcc/arm-none-eabi/12.3.1/../../../../arm-none-eabi/lib/thumb/v7e-m+fp/hard\libc_nano.a(libc_a-atol.o)
                              ./Core/Src/OdriveS1.o (atol)
C:/ST/STM32CubeIDE_1.17.0/STM32CubeIDE/plugins/com.st.stm32cube.ide.mcu.externaltools.gnu-tools-for-stm32.12.3.rel1.win32_1.1.0.202410251130/tools/bin/../lib/gcc/arm-none-eabi/12.3.1/../../../../arm-none-eabi/lib/thumb/v7e-m+fp/hard\libc_nano.a(libc_a-exit.o)
                              C:/ST/STM32CubeIDE_1.17.0/STM32CubeIDE/plugins/com.st.stm32cube.ide.mcu.externaltools.gnu-tools-for-stm32.12.3.rel1.win32_1.1.0.202410251130/tools/bin/../lib/gcc/arm-none-eabi/12.3.1/../../../../arm-none-eabi/lib/thumb/v7e-m+fp/hard/crt0.o (exit)
C:/ST/STM32CubeIDE_1.17.0/STM32CubeIDE/plugins/com.st.stm32cube.ide.mcu.externaltools.gnu-tools-for-stm32.12.3.rel1.win32_1.1.0.202410251130/tools/bin/../lib/gcc/arm-none-eabi/12.3.1/../../../../arm-none-eabi/lib/thumb/v7e-m+fp/hard\libc_nano.a(libc_a-strtod.o)
                              C:/ST/STM32CubeIDE_1.17.0/STM32CubeIDE/plugins/com.st.stm32cube.ide.mcu.externaltools.gnu-tools-for-stm32.12.3.rel1.win32_1.1.0.202410251130/tools/bin/../lib/gcc/arm-none-eabi/12.3.1/../../../../arm-none-eabi/lib/thumb/v7e-m+fp/hard\libc_nano.a(libc_a-atof.o) (strtod)
C:/ST/STM32CubeIDE_1.17.0/STM32CubeIDE/plugins/com.st.stm32cube.ide.mcu.externaltools.gnu-tools-for-stm32.12.3.rel1.win32_1.1.0.202410251130/tools/bin/../lib/gcc/arm-none-eabi/12.3.1/../../../../arm-none-eabi/lib/thumb/v7e-m+fp/hard\libc_nano.a(libc_a-strtol.o)
                              C:/ST/STM32CubeIDE_1.17.0/STM32CubeIDE/plugins/com.st.stm32cube.ide.mcu.externaltools.gnu-tools-for-stm32.12.3.rel1.win32_1.1.0.202410251130/tools/bin/../lib/gcc/arm-none-eabi/12.3.1/../../../../arm-none-eabi/lib/thumb/v7e-m+fp/hard\libc_nano.a(libc_a-atol.o) (_strtol_r)
C:/ST/STM32CubeIDE_1.17.0/STM32CubeIDE/plugins/com.st.stm32cube.ide.mcu.externaltools.gnu-tools-for-stm32.12.3.rel1.win32_1.1.0.202410251130/tools/bin/../lib/gcc/arm-none-eabi/12.3.1/../../../../arm-none-eabi/lib/thumb/v7e-m+fp/hard\libc_nano.a(libc_a-ctype_.o)
                              C:/ST/STM32CubeIDE_1.17.0/STM32CubeIDE/plugins/com.st.stm32cube.ide.mcu.externaltools.gnu-tools-for-stm32.12.3.rel1.win32_1.1.0.202410251130/tools/bin/../lib/gcc/arm-none-eabi/12.3.1/../../../../arm-none-eabi/lib/thumb/v7e-m+fp/hard\libc_nano.a(libc_a-strtol.o) (_ctype_)
C:/ST/STM32CubeIDE_1.17.0/STM32CubeIDE/plugins/com.st.stm32cube.ide.mcu.externaltools.gnu-tools-for-stm32.12.3.rel1.win32_1.1.0.202410251130/tools/bin/../lib/gcc/arm-none-eabi/12.3.1/../../../../arm-none-eabi/lib/thumb/v7e-m+fp/hard\libc_nano.a(libc_a-findfp.o)
                              C:/ST/STM32CubeIDE_1.17.0/STM32CubeIDE/plugins/com.st.stm32cube.ide.mcu.externaltools.gnu-tools-for-stm32.12.3.rel1.win32_1.1.0.202410251130/tools/bin/../lib/gcc/arm-none-eabi/12.3.1/../../../../arm-none-eabi/lib/thumb/v7e-m+fp/hard\libc_nano.a(libc_a-exit.o) (__stdio_exit_handler)
C:/ST/STM32CubeIDE_1.17.0/STM32CubeIDE/plugins/com.st.stm32cube.ide.mcu.externaltools.gnu-tools-for-stm32.12.3.rel1.win32_1.1.0.202410251130/tools/bin/../lib/gcc/arm-none-eabi/12.3.1/../../../../arm-none-eabi/lib/thumb/v7e-m+fp/hard\libc_nano.a(libc_a-fwalk.o)
                              C:/ST/STM32CubeIDE_1.17.0/STM32CubeIDE/plugins/com.st.stm32cube.ide.mcu.externaltools.gnu-tools-for-stm32.12.3.rel1.win32_1.1.0.202410251130/tools/bin/../lib/gcc/arm-none-eabi/12.3.1/../../../../arm-none-eabi/lib/thumb/v7e-m+fp/hard\libc_nano.a(libc_a-findfp.o) (_fwalk_sglue)
C:/ST/STM32CubeIDE_1.17.0/STM32CubeIDE/plugins/com.st.stm32cube.ide.mcu.externaltools.gnu-tools-for-stm32.12.3.rel1.win32_1.1.0.202410251130/tools/bin/../lib/gcc/arm-none-eabi/12.3.1/../../../../arm-none-eabi/lib/thumb/v7e-m+fp/hard\libc_nano.a(libc_a-printf.o)
                              ./Core/Src/bno055.o (printf)
C:/ST/STM32CubeIDE_1.17.0/STM32CubeIDE/plugins/com.st.stm32cube.ide.mcu.externaltools.gnu-tools-for-stm32.12.3.rel1.win32_1.1.0.202410251130/tools/bin/../lib/gcc/arm-none-eabi/12.3.1/../../../../arm-none-eabi/lib/thumb/v7e-m+fp/hard\libc_nano.a(libc_a-puts.o)
                              ./Core/Src/main.o (puts)
C:/ST/STM32CubeIDE_1.17.0/STM32CubeIDE/plugins/com.st.stm32cube.ide.mcu.externaltools.gnu-tools-for-stm32.12.3.rel1.win32_1.1.0.202410251130/tools/bin/../lib/gcc/arm-none-eabi/12.3.1/../../../../arm-none-eabi/lib/thumb/v7e-m+fp/hard\libc_nano.a(libc_a-snprintf.o)
[...]
Memory Configuration

Name             Origin             Length             Attributes
RAM              0x20000000         0x00020000         xrw
FLASH            0x08000000         0x00080000         xr
*default*        0x00000000         0xffffffff

Linker script and memory map

LOAD C:/ST/STM32CubeIDE_1.17.0/STM32CubeIDE/plugins/com.st.stm32cube.ide.mcu.externaltools.gnu-tools-for-stm32.12.3.rel1.win32_1.1.0.202410251130/tools/bin/../lib/gcc/arm-none-eabi/12.3.1/thumb/v7e-m+fp/hard/crti.o
LOAD C:/ST/STM32CubeIDE_1.17.0/STM32CubeIDE/plugins/com.st.stm32cube.ide.mcu.externaltools.gnu-tools-for-stm32.12.3.rel1.win32_1.1.0.202410251130/tools/bin/../lib/gcc/arm-none-eabi/12.3.1/thumb/v7e-m+fp/hard/crtbegin.o
LOAD C:/ST/STM32CubeIDE_1.17.0/STM32CubeIDE/plugins/com.st.stm32cube.ide.mcu.externaltools.gnu-tools-for-stm32.12.3.rel1.win32_1.1.0.202410251130/tools/bin/../lib/gcc/arm-none-eabi/12.3.1/../../../../arm-none-eabi/lib/thumb/v7e-m+fp/hard/crt0.o
LOAD ./Core/Src/Cytron.o
LOAD ./Core/Src/Encoderlib.o
LOAD ./Core/Src/OdriveS1.o
LOAD ./Core/Src/PCA9685.o
LOAD ./Core/Src/bno055.o
LOAD ./Core/Src/main.o
LOAD ./Core/Src/stm32f4xx_hal_msp.o
LOAD ./Core/Src/stm32f4xx_it.o
LOAD ./Core/Src/syscalls.o
LOAD ./Core/Src/sysmem.o
LOAD ./Core/Src/system_stm32f4xx.o
LOAD ./Core/Src/tfluna_uart.o
LOAD ./Core/Startup/startup_stm32f446zetx.o
LOAD ./Drivers/STM32F4xx_HAL_Driver/Src/stm32f4xx_hal.o
LOAD ./Drivers/STM32F4xx_HAL_Driver/Src/stm32f4xx_hal_cortex.o
LOAD ./Drivers/STM32F4xx_HAL_Driver/Src/stm32f4xx_hal_dma.o
LOAD ./Drivers/STM32F4xx_HAL_Driver/Src/stm32f4xx_hal_dma_ex.o
LOAD ./Drivers/STM32F4xx_HAL_Driver/Src/stm32f4xx_hal_exti.o
LOAD ./Drivers/STM32F4xx_HAL_Driver/Src/stm32f4xx_hal_flash.o
LOAD ./Drivers/STM32F4xx_HAL_Driver/Src/stm32f4xx_hal_flash_ex.o
LOAD ./Drivers/STM32F4xx_HAL_Driver/Src/stm32f4xx_hal_flash_ramfunc.o
LOAD ./Drivers/STM32F4xx_HAL_Driver/Src/stm32f4xx_hal_fmpi2c.o
LOAD ./Drivers/STM32F4xx_HAL_Driver/Src/stm32f4xx_hal_fmpi2c_ex.o
LOAD ./Drivers/STM32F4xx_HAL_Driver/Src/stm32f4xx_hal_gpio.o
LOAD ./Drivers/STM32F4xx_HAL_Driver/Src/stm32f4xx_hal_i2c.o
LOAD ./Drivers/STM32F4xx_HAL_Driver/Src/stm32f4xx_hal_i2c_ex.o
LOAD ./Drivers/STM32F4xx_HAL_Driver/Src/stm32f4xx_hal_pwr.o
LOAD ./Drivers/STM32F4xx_HAL_Driver/Src/stm32f4xx_hal_pwr_ex.o
LOAD ./Drivers/STM32F4xx_HAL_Driver/Src/stm32f4xx_hal_rcc.o
LOAD ./Drivers/STM32F4xx_HAL_Driver/Src/stm32f4xx_hal_rcc_ex.o
LOAD ./Drivers/STM32F4xx_HAL_Driver/Src/stm32f4xx_hal_tim.o
LOAD ./Drivers/STM32F4xx_HAL_Driver/Src/stm32f4xx_hal_tim_ex.o
LOAD ./Drivers/STM32F4xx_HAL_Driver/Src/stm32f4xx_hal_uart.o
START GROUP
LOAD C:/ST/STM32CubeIDE_1.17.0/STM32CubeIDE/plugins/com.st.stm32cube.ide.mcu.externaltools.gnu-tools-for-stm32.12.3.rel1.win32_1.1.0.202410251130/tools/bin/../lib/gcc/arm-none-eabi/12.3.1/../../../../arm-none-eabi/lib/thumb/v7e-m+fp/hard\libc_nano.a
LOAD C:/ST/STM32CubeIDE_1.17.0/STM32CubeIDE/plugins/com.st.stm32cube.ide.mcu.externaltools.gnu-tools-for-stm32.12.3.rel1.win32_1.1.0.202410251130/tools/bin/../lib/gcc/arm-none-eabi/12.3.1/../../../../arm-none-eabi/lib/thumb/v7e-m+fp/hard\libm.a
END GROUP
START GROUP
LOAD C:/ST/STM32CubeIDE_1.17.0/STM32CubeIDE/plugins/com.st.stm32cube.ide.mcu.externaltools.gnu-tools-for-stm32.12.3.rel1.win32_1.1.0.202410251130/tools/bin/../lib/gcc/arm-none-eabi/12.3.1/thumb/v7e-m+fp/hard\libgcc.a
LOAD C:/ST/STM32CubeIDE_1.17.0/STM32CubeIDE/plugins/com.st.stm32cube.ide.mcu.externaltools.gnu-tools-for-stm32.12.3.rel1.win32_1.1.0.202410251130/tools/bin/../lib/gcc/arm-none-eabi/12.3.1/../../../../arm-none-eabi/lib/thumb/v7e-m+fp/hard\libc_nano.a
END GROUP
START GROUP
LOAD C:/ST/STM32CubeIDE_1.17.0/STM32CubeIDE/plugins/com.st.stm32cube.ide.mcu.externaltools.gnu-tools-for-stm32.12.3.rel1.win32_1.1.0.202410251130/tools/bin/../lib/gcc/arm-none-eabi/12.3.1/thumb/v7e-m+fp/hard\libgcc.a
LOAD C:/ST/STM32CubeIDE_1.17.0/STM32CubeIDE/plugins/com.st.stm32cube.ide.mcu.externaltools.gnu-tools-for-stm32.12.3.rel1.win32_1.1.0.202410251130/tools/bin/../lib/gcc/arm-none-eabi/12.3.1/../../../../arm-none-eabi/lib/thumb/v7e-m+fp/hard\libc_nano.a
LOAD C:/ST/STM32CubeIDE_1.17.0/STM32CubeIDE/plugins/com.st.stm32cube.ide.mcu.externaltools.gnu-tools-for-stm32.12.3.rel1.win32_1.1.0.202410251130/tools/bin/../lib/gcc/arm-none-eabi/12.3.1/../../../../arm-none-eabi/lib/thumb/v7e-m+fp/hard\libnosys.a
END GROUP
START GROUP
LOAD C:/ST/STM32CubeIDE_1.17.0/STM32CubeIDE/plugins/com.st.stm32cube.ide.mcu.externaltools.gnu-tools-for-stm32.12.3.rel1.win32_1.1.0.202410251130/tools/bin/../lib/gcc/arm-none-eabi/12.3.1/thumb/v7e-m+fp/hard\libgcc.a
LOAD C:/ST/STM32CubeIDE_1.17.0/STM32CubeIDE/plugins/com.st.stm32cube.ide.mcu.externaltools.gnu-tools-for-stm32.12.3.rel1.win32_1.1.0.202410251130/tools/bin/../lib/gcc/arm-none-eabi/12.3.1/../../../../arm-none-eabi/lib/thumb/v7e-m+fp/hard\libc_nano.a
LOAD C:/ST/STM32CubeIDE_1.17.0/STM32CubeIDE/plugins/com.st.stm32cube.ide.mcu.externaltools.gnu-tools-for-stm32.12.3.rel1.win32_1.1.0.202410251130/tools/bin/../lib/gcc/arm-none-eabi/12.3.1/../../../../arm-none-eabi/lib/thumb/v7e-m+fp/hard\libnosys.a
END GROUP
LOAD C:/ST/STM32CubeIDE_1.17.0/STM32CubeIDE/plugins/com.st.stm32cube.ide.mcu.externaltools.gnu-tools-for-stm32.12.3.rel1.win32_1.1.0.202410251130/tools/bin/../lib/gcc/arm-none-eabi/12.3.1/thumb/v7e-m+fp/hard/crtend.o
LOAD C:/ST/STM32CubeIDE_1.17.0/STM32CubeIDE/plugins/com.st.stm32cube.ide.mcu.externaltools.gnu-tools-for-stm32.12.3.rel1.win32_1.1.0.202410251130/tools/bin/../lib/gcc/arm-none-eabi/12.3.1/thumb/v7e-m+fp/hard/crtn.o
                0x20020000                        _estack = (ORIGIN (RAM) + LENGTH (RAM))
                0x00000200                        _Min_Heap_Size = 0x200
                0x00000400                        _Min_Stack_Size = 0x400

.isr_vector     0x08000000      0x1c4
                0x08000000                        . = ALIGN (0x4)
 *(.isr_vector)
 .isr_vector    0x08000000      0x1c4 ./Core/Startup/startup_stm32f446zetx.o
                0x08000000                g_pfnVectors
                0x080001c4                        . = ALIGN (0x4)

.text           0x080001d0     0xd9f0
                0x080001d0                        . = ALIGN (0x4)
 *(.text)
 .text          0x080001d0       0x40 C:/ST/STM32CubeIDE_1.17.0/STM32CubeIDE/plugins/com.st.stm32cube.ide.mcu.externaltools.gnu-tools-for-stm32.12.3.rel1.win32_1.1.0.202410251130/tools/bin/../lib/gcc/arm-none-eabi/12.3.1/thumb/v7e-m+fp/hard/crtbegin.o
 .text          0x08000210       0xa0 C:/ST/STM32CubeIDE_1.17.0/STM32CubeIDE/plugins/com.st.stm32cube.ide.mcu.externaltools.gnu-tools-for-stm32.12.3.rel1.win32_1.1.0.202410251130/tools/bin/../lib/gcc/arm-none-eabi/12.3.1/../../../../arm-none-eabi/lib/thumb/v7e-m+fp/hard\libc_nano.a(libc_a-memchr.o)
                0x08000210                memchr
 .text          0x080002b0      0x378 C:/ST/STM32CubeIDE_1.17.0/STM32CubeIDE/plugins/com.st.stm32cube.ide.mcu.externaltools.gnu-tools-for-stm32.12.3.rel1.win32_1.1.0.202410251130/tools/bin/../lib/gcc/arm-none-eabi/12.3.1/thumb/v7e-m+fp/hard\libgcc.a(_arm_addsubdf3.o)
                0x080002b0                __aeabi_drsub
                0x080002b8                __aeabi_dsub
                0x080002b8                __subdf3
                0x080002bc                __aeabi_dadd
                0x080002bc                __adddf3
                0x08000534                __floatunsidf
                0x08000534                __aeabi_ui2d
                0x08000554                __floatsidf
                0x08000554                __aeabi_i2d
                0x08000578                __aeabi_f2d
                0x08000578                __extendsfdf2
                0x080005bc                __floatundidf
                0x080005bc                __aeabi_ul2d
                0x080005cc                __floatdidf
                0x080005cc                __aeabi_l2d
 .text          0x08000628      0x424 C:/ST/STM32CubeIDE_1.17.0/STM32CubeIDE/plugins/com.st.stm32cube.ide.mcu.externaltools.gnu-tools-for-stm32.12.3.rel1.win32_1.1.0.202410251130/tools/bin/../lib/gcc/arm-none-eabi/12.3.1/thumb/v7e-m+fp/hard\libgcc.a(_arm_muldivdf3.o)
                0x08000628                __aeabi_dmul
                0x08000628                __muldf3
                0x0800087c                __divdf3
                0x0800087c                __aeabi_ddiv
 .text          0x08000a4c      0x110 C:/ST/STM32CubeIDE_1.17.0/STM32CubeIDE/plugins/com.st.stm32cube.ide.mcu.externaltools.gnu-tools-for-stm32.12.3.rel1.win32_1.1.0.202410251130/tools/bin/../lib/gcc/arm-none-eabi/12.3.1/thumb/v7e-m+fp/hard\libgcc.a(_arm_cmpdf2.o)
                0x08000a4c                __gtdf2
                0x08000a4c                __gedf2
                0x08000a54                __ltdf2
                0x08000a54                __ledf2
                0x08000a5c                __nedf2
                0x08000a5c                __eqdf2
                0x08000a5c                __cmpdf2
                0x08000ad8                __aeabi_cdrcmple
                0x08000ae8                __aeabi_cdcmpeq
                0x08000ae8                __aeabi_cdcmple
                0x08000af8                __aeabi_dcmpeq
                0x08000b0c                __aeabi_dcmplt
                0x08000b20                __aeabi_dcmple
                0x08000b34                __aeabi_dcmpge
                0x08000b48                __aeabi_dcmpgt
 .text          0x08000b5c       0x2c C:/ST/STM32CubeIDE_1.17.0/STM32CubeIDE/plugins/com.st.stm32cube.ide.mcu.externaltools.gnu-tools-for-stm32.12.3.rel1.win32_1.1.0.202410251130/tools/bin/../lib/gcc/arm-none-eabi/12.3.1/thumb/v7e-m+fp/hard\libgcc.a(_arm_unorddf2.o)
                0x08000b5c                __unorddf2
                0x08000b5c                __aeabi_dcmpun
 .text          0x08000b88       0x50 C:/ST/STM32CubeIDE_1.17.0/STM32CubeIDE/plugins/com.st.stm32cube.ide.mcu.externaltools.gnu-tools-for-stm32.12.3.rel1.win32_1.1.0.202410251130/tools/bin/../lib/gcc/arm-none-eabi/12.3.1/thumb/v7e-m+fp/hard\libgcc.a(_arm_fixdfsi.o)
                0x08000b88                __aeabi_d2iz
                0x08000b88                __fixdfsi
 .text          0x08000bd8       0x40 C:/ST/STM32CubeIDE_1.17.0/STM32CubeIDE/plugins/com.st.stm32cube.ide.mcu.externaltools.gnu-tools-for-stm32.12.3.rel1.win32_1.1.0.202410251130/tools/bin/../lib/gcc/arm-none-eabi/12.3.1/thumb/v7e-m+fp/hard\libgcc.a(_arm_fixunsdfsi.o)
                0x08000bd8                __aeabi_d2uiz
                0x08000bd8                __fixunsdfsi
 .text          0x08000c18       0xa0 C:/ST/STM32CubeIDE_1.17.0/STM32CubeIDE/plugins/com.st.stm32cube.ide.mcu.externaltools.gnu-tools-for-stm32.12.3.rel1.win32_1.1.0.202410251130/tools/bin/../lib/gcc/arm-none-eabi/12.3.1/thumb/v7e-m+fp/hard\libgcc.a(_arm_truncdfsf2.o)
                0x08000c18                __truncdfsf2
                0x08000c18                __aeabi_d2f
 .text          0x08000cb8       0x30 C:/ST/STM32CubeIDE_1.17.0/STM32CubeIDE/plugins/com.st.stm32cube.ide.mcu.externaltools.gnu-tools-for-stm32.12.3.rel1.win32_1.1.0.202410251130/tools/bin/../lib/gcc/arm-none-eabi/12.3.1/thumb/v7e-m+fp/hard\libgcc.a(_aeabi_uldivmod.o)
                0x08000cb8                __aeabi_uldivmod
 .text          0x08000ce8      0x2bc C:/ST/STM32CubeIDE_1.17.0/STM32CubeIDE/plugins/com.st.stm32cube.ide.mcu.externaltools.gnu-tools-for-stm32.12.3.rel1.win32_1.1.0.202410251130/tools/bin/../lib/gcc/arm-none-eabi/12.3.1/thumb/v7e-m+fp/hard\libgcc.a(_udivmoddi4.o)
                0x08000ce8                __udivmoddi4
 .text          0x08000fa4        0x4 C:/ST/STM32CubeIDE_1.17.0/STM32CubeIDE/plugins/com.st.stm32cube.ide.mcu.externaltools.gnu-tools-for-stm32.12.3.rel1.win32_1.1.0.202410251130/tools/bin/../lib/gcc/arm-none-eabi/12.3.1/thumb/v7e-m+fp/hard\libgcc.a(_dvmd_tls.o)
                0x08000fa4                __aeabi_idiv0
                0x08000fa4                __aeabi_ldiv0
 *(.text*)
 .text.InitCytron
                0x08000fa8      0x10c ./Core/Src/Cytron.o
                0x08000fa8                InitCytron
 .text.RotateCytron
                0x080010b4      0x18c ./Core/Src/Cytron.o
                0x080010b4                RotateCytron
 .text.Stop     0x08001240       0x5a ./Core/Src/Cytron.o
                0x08001240                Stop
 .text.update_encoder
                0x0800129a      0x108 ./Core/Src/Encoderlib.o
                0x0800129a                update_encoder
 .text.Map      0x080013a2       0x5c ./Core/Src/PCA9685.o
                0x080013a2                Map
 *fill*         0x080013fe        0x2 
 .text.InitPCA  0x08001400      0x178 ./Core/Src/PCA9685.o
                0x08001400                InitPCA
 .text.RotateServo
                0x08001578      0x168 ./Core/Src/PCA9685.o
                0x08001578                RotateServo
 .text.bno055_setPage
                0x080016e0       0x1c ./Core/Src/bno055.o
                0x080016e0                bno055_setPage
 .text.bno055_setOperationMode
                0x080016fc       0x30 ./Core/Src/bno055.o
                0x080016fc                bno055_setOperationMode
 .text.bno055_setOperationModeConfig
                0x0800172c        0xe ./Core/Src/bno055.o
                0x0800172c                bno055_setOperationModeConfig
 .text.bno055_setOperationModeNDOF
                0x0800173a        0xe ./Core/Src/bno055.o
                0x0800173a                bno055_setOperationModeNDOF
 .text.bno055_reset
                0x08001748       0x18 ./Core/Src/bno055.o
                0x08001748                bno055_reset
 .text.bno055_setup
                0x08001760       0x50 ./Core/Src/bno055.o
                0x08001760                bno055_setup
 .text.bno055_getVector
                0x080017b0      0x288 ./Core/Src/bno055.o
                0x080017b0                bno055_getVector
 .text.bno055_getVectorEuler
                0x08001a38       0x86 ./Core/Src/bno055.o
                0x08001a38                bno055_getVectorEuler
 *fill*         0x08001abe        0x2 
 .text.bno055_assignI2C
                0x08001ac0       0x20 ./Core/Src/main.o
                0x08001ac0                bno055_assignI2C
 .text.bno055_delay
                0x08001ae0       0x18 ./Core/Src/main.o
                0x08001ae0                bno055_delay
 .text.bno055_writeData
                0x08001af8      0x1b4 ./Core/Src/main.o
                0x08001af8                bno055_writeData
 .text.bno055_readData
                0x08001cac       0x44 ./Core/Src/main.o
                0x08001cac                bno055_readData
 .text.constrain
                0x08001cf0       0x52 ./Core/Src/main.o
                0x08001cf0                constrain
 *fill*         0x08001d42        0x2 
 .text.clearModeFlags
                0x08001d44       0x68 ./Core/Src/main.o
                0x08001d44                clearModeFlags
 .text.normalise_angle
                0x08001dac       0x70 ./Core/Src/main.o
                0x08001dac                normalise_angle
 *fill*         0x08001e1c        0x4 
 .text.rotate   0x08001e20       0xd4 ./Core/Src/main.o
                0x08001e20                rotate
 .text.get_angle
                0x08001ef4       0x58 ./Core/Src/main.o
                0x08001ef4                get_angle
 .text.Area1    0x08001f4c      0x210 ./Core/Src/main.o
                0x08001f4c                Area1
 .text.Area2    0x0800215c      0x290 ./Core/Src/main.o
                0x0800215c                Area2
 .text.Area3    0x080023ec      0x2c8 ./Core/Src/main.o
                0x080023ec                Area3
 *fill*         0x080026b4        0x4 
 .text.Navigation
                0x080026b8      0x5b8 ./Core/Src/main.o
                0x080026b8                Navigation
 .text.main     0x08002c70      0x3f0 ./Core/Src/main.o
                0x08002c70                main
 .text.SystemClock_Config
                0x08003060       0xe4 ./Core/Src/main.o
                0x08003060                SystemClock_Config
 .text.MX_FMPI2C1_Init
                0x08003144       0x6c ./Core/Src/main.o
 .text.MX_I2C1_Init
                0x080031b0       0x5c ./Core/Src/main.o
 .text.MX_I2C2_Init
                0x0800320c       0x5c ./Core/Src/main.o
 .text.MX_TIM1_Init
                0x08003268       0xb0 ./Core/Src/main.o
 .text.MX_TIM4_Init
                0x08003318      0x118 ./Core/Src/main.o
 .text.MX_TIM5_Init
                0x08003430       0xec ./Core/Src/main.o
 .text.MX_TIM6_Init
                0x0800351c       0x6c ./Core/Src/main.o
 .text.MX_TIM7_Init
                0x08003588       0x6c ./Core/Src/main.o
 .text.MX_TIM8_Init
                0x080035f4      0x13c ./Core/Src/main.o
 .text.MX_TIM9_Init
                0x08003730       0xc4 ./Core/Src/main.o
 .text.MX_TIM12_Init
                0x080037f4       0xc4 ./Core/Src/main.o
 .text.MX_UART5_Init
                0x080038b8       0x54 ./Core/Src/main.o
 .text.MX_USART2_UART_Init
                0x0800390c       0x54 ./Core/Src/main.o
 .text.MX_USART3_UART_Init
                0x08003960       0x54 ./Core/Src/main.o
 .text.MX_GPIO_Init
                0x080039b4      0x1c4 ./Core/Src/main.o
 .text.HAL_UART_RxCpltCallback
                0x08003b78      0x4c8 ./Core/Src/main.o
                0x08003b78                HAL_UART_RxCpltCallback
 .text.HAL_TIM_PeriodElapsedCallback
                0x08004040       0x2c ./Core/Src/main.o
                0x08004040                HAL_TIM_PeriodElapsedCallback
 .text.Error_Handler
                0x0800406c        0xc ./Core/Src/main.o
                0x0800406c                Error_Handler
 .text.HAL_MspInit
                0x08004078       0x50 ./Core/Src/stm32f4xx_hal_msp.o
                0x08004078                HAL_MspInit
 .text.HAL_FMPI2C_MspInit
                0x080040c8       0xbc ./Core/Src/stm32f4xx_hal_msp.o
                0x080040c8                HAL_FMPI2C_MspInit
 .text.HAL_I2C_MspInit
                0x08004184       0xfc ./Core/Src/stm32f4xx_hal_msp.o
                0x08004184                HAL_I2C_MspInit
 .text.HAL_TIM_Encoder_MspInit
                0x08004280       0x90 ./Core/Src/stm32f4xx_hal_msp.o
                0x08004280                HAL_TIM_Encoder_MspInit
 .text.HAL_TIM_Base_MspInit
                0x08004310      0x158 ./Core/Src/stm32f4xx_hal_msp.o
                0x08004310                HAL_TIM_Base_MspInit
 .text.HAL_TIM_MspPostInit
                0x08004468      0x1b8 ./Core/Src/stm32f4xx_hal_msp.o
                0x08004468                HAL_TIM_MspPostInit
 .text.HAL_UART_MspInit
                0x08004620      0x178 ./Core/Src/stm32f4xx_hal_msp.o
                0x08004620                HAL_UART_MspInit
 .text.NMI_Handler
                0x08004798        0x8 ./Core/Src/stm32f4xx_it.o
                0x08004798                NMI_Handler
 .text.HardFault_Handler
                0x080047a0        0x8 ./Core/Src/stm32f4xx_it.o
                0x080047a0                HardFault_Handler
 .text.MemManage_Handler
                0x080047a8        0x8 ./Core/Src/stm32f4xx_it.o
                0x080047a8                MemManage_Handler
 .text.BusFault_Handler
                0x080047b0        0x8 ./Core/Src/stm32f4xx_it.o
                0x080047b0                BusFault_Handler
 .text.UsageFault_Handler
                0x080047b8        0x8 ./Core/Src/stm32f4xx_it.o
                0x080047b8                UsageFault_Handler
 .text.SVC_Handler
                0x080047c0        0xe ./Core/Src/stm32f4xx_it.o
                0x080047c0                SVC_Handler
 .text.DebugMon_Handler
                0x080047ce        0xe ./Core/Src/stm32f4xx_it.o
                0x080047ce                DebugMon_Handler
 .text.PendSV_Handler
                0x080047dc        0xe ./Core/Src/stm32f4xx_it.o
                0x080047dc                PendSV_Handler
 .text.SysTick_Handler
                0x080047ea        0xc ./Core/Src/stm32f4xx_it.o
                0x080047ea                SysTick_Handler
 *fill*         0x080047f6        0x2 
 .text.USART2_IRQHandler
                0x080047f8       0x14 ./Core/Src/stm32f4xx_it.o
                0x080047f8                USART2_IRQHandler
 .text.TIM7_IRQHandler
                0x0800480c       0x14 ./Core/Src/stm32f4xx_it.o
                0x0800480c                TIM7_IRQHandler
 .text._read    0x08004820       0x3a ./Core/Src/syscalls.o
                0x08004820                _read
 .text._write   0x0800485a       0x38 ./Core/Src/syscalls.o
                0x0800485a                _write
 .text._close   0x08004892       0x18 ./Core/Src/syscalls.o
                0x08004892                _close
 .text._fstat   0x080048aa       0x20 ./Core/Src/syscalls.o
                0x080048aa                _fstat
 .text._isatty  0x080048ca       0x16 ./Core/Src/syscalls.o
                0x080048ca                _isatty
 .text._lseek   0x080048e0       0x1a ./Core/Src/syscalls.o
                0x080048e0                _lseek
 *fill*         0x080048fa        0x2 
 .text._sbrk    0x080048fc       0x6c ./Core/Src/sysmem.o
                0x080048fc                _sbrk
 .text.SystemInit
                0x08004968       0x24 ./Core/Src/system_stm32f4xx.o
                0x08004968                SystemInit
 .text.calc_checksum
                0x0800498c       0x44 ./Core/Src/tfluna_uart.o
 .text.TFLuna_Init
                0x080049d0       0x26 ./Core/Src/tfluna_uart.o
                0x080049d0                TFLuna_Init
 .text.TFLuna_ReadBlocking
                0x080049f6       0xa2 ./Core/Src/tfluna_uart.o
                0x080049f6                TFLuna_ReadBlocking
 .text.TFLuna_ParseFrame
                0x08004a98       0xd6 ./Core/Src/tfluna_uart.o
                0x08004a98                TFLuna_ParseFrame
 .text.TFLuna_SendCommand
                0x08004b6e       0xc6 ./Core/Src/tfluna_uart.o
                0x08004b6e                TFLuna_SendCommand
 .text.TFLuna_SetFrameRate
                0x08004c34       0x34 ./Core/Src/tfluna_uart.o
                0x08004c34                TFLuna_SetFrameRate
 .text.Reset_Handler
                0x08004c68       0x50 ./Core/Startup/startup_stm32f446zetx.o
                0x08004c68                Reset_Handler
 .text.Default_Handler
                0x08004cb8        0x2 ./Core/Startup/startup_stm32f446zetx.o
                0x08004cb8                RTC_Alarm_IRQHandler
                0x08004cb8                EXTI2_IRQHandler
                0x08004cb8                TIM8_CC_IRQHandler
                0x08004cb8                FMPI2C1_EV_IRQHandler
                0x08004cb8                SPI4_IRQHandler
                0x08004cb8                TIM1_CC_IRQHandler
                0x08004cb8                DMA2_Stream5_IRQHandler
                0x08004cb8                DMA1_Stream5_IRQHandler
                0x08004cb8                PVD_IRQHandler
                0x08004cb8                SDIO_IRQHandler
                0x08004cb8                TAMP_STAMP_IRQHandler
                0x08004cb8                CAN2_RX1_IRQHandler
                0x08004cb8                EXTI3_IRQHandler
                0x08004cb8                TIM8_TRG_COM_TIM14_IRQHandler
                0x08004cb8                TIM1_UP_TIM10_IRQHandler
                0x08004cb8                TIM8_UP_TIM13_IRQHandler
                0x08004cb8                I2C3_ER_IRQHandler
                0x08004cb8                EXTI0_IRQHandler
                0x08004cb8                I2C2_EV_IRQHandler
                0x08004cb8                DMA1_Stream2_IRQHandler
                0x08004cb8                CAN1_RX0_IRQHandler
                0x08004cb8                FPU_IRQHandler
                0x08004cb8                OTG_HS_WKUP_IRQHandler
                0x08004cb8                CAN2_SCE_IRQHandler
                0x08004cb8                DMA2_Stream2_IRQHandler
                0x08004cb8                SPI1_IRQHandler
                0x08004cb8                TIM6_DAC_IRQHandler
                0x08004cb8                TIM1_BRK_TIM9_IRQHandler
                0x08004cb8                DCMI_IRQHandler
                0x08004cb8                CAN2_RX0_IRQHandler
                0x08004cb8                DMA2_Stream3_IRQHandler
                0x08004cb8                SAI2_IRQHandler
                0x08004cb8                USART6_IRQHandler
                0x08004cb8                USART3_IRQHandler
                0x08004cb8                CAN1_RX1_IRQHandler
                0x08004cb8                UART5_IRQHandler
                0x08004cb8                DMA2_Stream0_IRQHandler
                0x08004cb8                TIM4_IRQHandler
                0x08004cb8                QUADSPI_IRQHandler
                0x08004cb8                I2C1_EV_IRQHandler
                0x08004cb8                DMA1_Stream6_IRQHandler
                0x08004cb8                DMA1_Stream1_IRQHandler
                0x08004cb8                UART4_IRQHandler
                0x08004cb8                TIM3_IRQHandler
                0x08004cb8                RCC_IRQHandler
                0x08004cb8                TIM8_BRK_TIM12_IRQHandler
                0x08004cb8                Default_Handler
                0x08004cb8                CEC_IRQHandler
                0x08004cb8                EXTI15_10_IRQHandler
                0x08004cb8                ADC_IRQHandler
                0x08004cb8                DMA1_Stream7_IRQHandler
                0x08004cb8                CAN2_TX_IRQHandler
                0x08004cb8                TIM5_IRQHandler
                0x08004cb8                DMA2_Stream7_IRQHandler
                0x08004cb8                I2C3_EV_IRQHandler
                0x08004cb8                EXTI9_5_IRQHandler
                0x08004cb8                RTC_WKUP_IRQHandler
                0x08004cb8                SPDIF_RX_IRQHandler
                0x08004cb8                SPI2_IRQHandler
                0x08004cb8                OTG_HS_EP1_IN_IRQHandler
                0x08004cb8                DMA1_Stream0_IRQHandler
                0x08004cb8                CAN1_TX_IRQHandler
                0x08004cb8                FMPI2C1_ER_IRQHandler
                0x08004cb8                EXTI4_IRQHandler
                0x08004cb8                OTG_HS_EP1_OUT_IRQHandler
                0x08004cb8                WWDG_IRQHandler
                0x08004cb8                TIM2_IRQHandler
                0x08004cb8                OTG_FS_WKUP_IRQHandler
                0x08004cb8                TIM1_TRG_COM_TIM11_IRQHandler
                0x08004cb8                OTG_HS_IRQHandler
                0x08004cb8                EXTI1_IRQHandler
                0x08004cb8                I2C2_ER_IRQHandler
                0x08004cb8                DMA2_Stream1_IRQHandler
                0x08004cb8                CAN1_SCE_IRQHandler
                0x08004cb8                FLASH_IRQHandler
                0x08004cb8                DMA2_Stream4_IRQHandler
                0x08004cb8                USART1_IRQHandler
                0x08004cb8                OTG_FS_IRQHandler
                0x08004cb8                SPI3_IRQHandler
                0x08004cb8                DMA1_Stream4_IRQHandler
                0x08004cb8                I2C1_ER_IRQHandler
                0x08004cb8                FMC_IRQHandler
                0x08004cb8                DMA2_Stream6_IRQHandler
                0x08004cb8                SAI1_IRQHandler
                0x08004cb8                DMA1_Stream3_IRQHandler
 *fill*         0x08004cba        0x2 
 .text.HAL_Init
                0x08004cbc       0x44 ./Drivers/STM32F4xx_HAL_Driver/Src/stm32f4xx_hal.o
                0x08004cbc                HAL_Init
 .text.HAL_InitTick
                0x08004d00       0x60 ./Drivers/STM32F4xx_HAL_Driver/Src/stm32f4xx_hal.o
                0x08004d00                HAL_InitTick
 .text.HAL_IncTick
                0x08004d60       0x28 ./Drivers/STM32F4xx_HAL_Driver/Src/stm32f4xx_hal.o
                0x08004d60                HAL_IncTick
 .text.HAL_GetTick
                0x08004d88       0x18 ./Drivers/STM32F4xx_HAL_Driver/Src/stm32f4xx_hal.o
                0x08004d88                HAL_GetTick
 .text.HAL_Delay
                0x08004da0       0x48 ./Drivers/STM32F4xx_HAL_Driver/Src/stm32f4xx_hal.o
                0x08004da0                HAL_Delay
 .text.__NVIC_SetPriorityGrouping
                0x08004de8       0x48 ./Drivers/STM32F4xx_HAL_Driver/Src/stm32f4xx_hal_cortex.o
 .text.__NVIC_GetPriorityGrouping
                0x08004e30       0x1c ./Drivers/STM32F4xx_HAL_Driver/Src/stm32f4xx_hal_cortex.o
 .text.__NVIC_EnableIRQ
                0x08004e4c       0x3c ./Drivers/STM32F4xx_HAL_Driver/Src/stm32f4xx_hal_cortex.o
 .text.__NVIC_SetPriority
                0x08004e88       0x54 ./Drivers/STM32F4xx_HAL_Driver/Src/stm32f4xx_hal_cortex.o
 .text.NVIC_EncodePriority
                0x08004edc       0x66 ./Drivers/STM32F4xx_HAL_Driver/Src/stm32f4xx_hal_cortex.o
 *fill*         0x08004f42        0x2 
 .text.SysTick_Config
                0x08004f44       0x44 ./Drivers/STM32F4xx_HAL_Driver/Src/stm32f4xx_hal_cortex.o
 .text.HAL_NVIC_SetPriorityGrouping
                0x08004f88       0x16 ./Drivers/STM32F4xx_HAL_Driver/Src/stm32f4xx_hal_cortex.o
                0x08004f88                HAL_NVIC_SetPriorityGrouping
 .text.HAL_NVIC_SetPriority
                0x08004f9e       0x38 ./Drivers/STM32F4xx_HAL_Driver/Src/stm32f4xx_hal_cortex.o
                0x08004f9e                HAL_NVIC_SetPriority
 .text.HAL_NVIC_EnableIRQ
                0x08004fd6       0x1c ./Drivers/STM32F4xx_HAL_Driver/Src/stm32f4xx_hal_cortex.o
                0x08004fd6                HAL_NVIC_EnableIRQ
 .text.HAL_SYSTICK_Config
                0x08004ff2       0x18 ./Drivers/STM32F4xx_HAL_Driver/Src/stm32f4xx_hal_cortex.o
                0x08004ff2                HAL_SYSTICK_Config
 .text.HAL_DMA_Abort
                0x0800500a       0xe0 ./Drivers/STM32F4xx_HAL_Driver/Src/stm32f4xx_hal_dma.o
                0x0800500a                HAL_DMA_Abort
 .text.HAL_DMA_Abort_IT
                0x080050ea       0x44 ./Drivers/STM32F4xx_HAL_Driver/Src/stm32f4xx_hal_dma.o
                0x080050ea                HAL_DMA_Abort_IT
 .text.HAL_FMPI2C_Init
                0x0800512e      0x136 ./Drivers/STM32F4xx_HAL_Driver/Src/stm32f4xx_hal_fmpi2c.o
                0x0800512e                HAL_FMPI2C_Init
 .text.HAL_FMPI2C_Master_Transmit
                0x08005264      0x230 ./Drivers/STM32F4xx_HAL_Driver/Src/stm32f4xx_hal_fmpi2c.o
                0x08005264                HAL_FMPI2C_Master_Transmit
 .text.HAL_FMPI2C_Master_Receive
                0x08005494      0x1ec ./Drivers/STM32F4xx_HAL_Driver/Src/stm32f4xx_hal_fmpi2c.o
                0x08005494                HAL_FMPI2C_Master_Receive
 .text.HAL_FMPI2C_GetState
                0x08005680       0x1c ./Drivers/STM32F4xx_HAL_Driver/Src/stm32f4xx_hal_fmpi2c.o
                0x08005680                HAL_FMPI2C_GetState
 .text.HAL_FMPI2C_GetError
                0x0800569c       0x18 ./Drivers/STM32F4xx_HAL_Driver/Src/stm32f4xx_hal_fmpi2c.o
                0x0800569c                HAL_FMPI2C_GetError
 .text.FMPI2C_Flush_TXDR
                0x080056b4       0x48 ./Drivers/STM32F4xx_HAL_Driver/Src/stm32f4xx_hal_fmpi2c.o
 .text.FMPI2C_WaitOnFlagUntilTimeout
                0x080056fc       0xb2 ./Drivers/STM32F4xx_HAL_Driver/Src/stm32f4xx_hal_fmpi2c.o
 .text.FMPI2C_WaitOnTXISFlagUntilTimeout
                0x080057ae       0x8e ./Drivers/STM32F4xx_HAL_Driver/Src/stm32f4xx_hal_fmpi2c.o
 .text.FMPI2C_WaitOnSTOPFlagUntilTimeout
                0x0800583c       0x86 ./Drivers/STM32F4xx_HAL_Driver/Src/stm32f4xx_hal_fmpi2c.o
 *fill*         0x080058c2        0x2 
 .text.FMPI2C_WaitOnRXNEFlagUntilTimeout
                0x080058c4      0x118 ./Drivers/STM32F4xx_HAL_Driver/Src/stm32f4xx_hal_fmpi2c.o
 .text.FMPI2C_IsErrorOccurred
                0x080059dc      0x1c0 ./Drivers/STM32F4xx_HAL_Driver/Src/stm32f4xx_hal_fmpi2c.o
 .text.FMPI2C_TransferConfig
                0x08005b9c       0x64 ./Drivers/STM32F4xx_HAL_Driver/Src/stm32f4xx_hal_fmpi2c.o
 .text.HAL_FMPI2CEx_ConfigAnalogFilter
                0x08005c00       0x96 ./Drivers/STM32F4xx_HAL_Driver/Src/stm32f4xx_hal_fmpi2c_ex.o
                0x08005c00                HAL_FMPI2CEx_ConfigAnalogFilter
 *fill*         0x08005c96        0x2 
 .text.HAL_GPIO_Init
                0x08005c98      0x328 ./Drivers/STM32F4xx_HAL_Driver/Src/stm32f4xx_hal_gpio.o
                0x08005c98                HAL_GPIO_Init
 .text.HAL_GPIO_WritePin
                0x08005fc0       0x32 ./Drivers/STM32F4xx_HAL_Driver/Src/stm32f4xx_hal_gpio.o
                0x08005fc0                HAL_GPIO_WritePin
 *fill*         0x08005ff2        0x2 
 .text.HAL_I2C_Init
                0x08005ff4      0x288 ./Drivers/STM32F4xx_HAL_Driver/Src/stm32f4xx_hal_i2c.o
                0x08005ff4                HAL_I2C_Init
 .text.HAL_I2C_Mem_Write
                0x0800627c      0x1f4 ./Drivers/STM32F4xx_HAL_Driver/Src/stm32f4xx_hal_i2c.o
                0x0800627c                HAL_I2C_Mem_Write
 .text.HAL_I2C_Mem_Read
                0x08006470      0x464 ./Drivers/STM32F4xx_HAL_Driver/Src/stm32f4xx_hal_i2c.o
                0x08006470                HAL_I2C_Mem_Read
 .text.I2C_RequestMemoryWrite
                0x080068d4      0x12c ./Drivers/STM32F4xx_HAL_Driver/Src/stm32f4xx_hal_i2c.o
 .text.I2C_RequestMemoryRead
                0x08006a00      0x1d0 ./Drivers/STM32F4xx_HAL_Driver/Src/stm32f4xx_hal_i2c.o
 .text.I2C_WaitOnFlagUntilTimeout
                0x08006bd0       0xf4 ./Drivers/STM32F4xx_HAL_Driver/Src/stm32f4xx_hal_i2c.o
 .text.I2C_WaitOnMasterAddressFlagUntilTimeout
                0x08006cc4      0x140 ./Drivers/STM32F4xx_HAL_Driver/Src/stm32f4xx_hal_i2c.o
 .text.I2C_WaitOnTXEFlagUntilTimeout
                0x08006e04       0x90 ./Drivers/STM32F4xx_HAL_Driver/Src/stm32f4xx_hal_i2c.o
 .text.I2C_WaitOnBTFFlagUntilTimeout
                0x08006e94       0x90 ./Drivers/STM32F4xx_HAL_Driver/Src/stm32f4xx_hal_i2c.o
 .text.I2C_WaitOnRXNEFlagUntilTimeout
                0x08006f24       0xba ./Drivers/STM32F4xx_HAL_Driver/Src/stm32f4xx_hal_i2c.o
 .text.I2C_IsAcknowledgeFailed
                0x08006fde       0x5e ./Drivers/STM32F4xx_HAL_Driver/Src/stm32f4xx_hal_i2c.o
 .text.HAL_PWREx_EnableOverDrive
                0x0800703c       0xa0 ./Drivers/STM32F4xx_HAL_Driver/Src/stm32f4xx_hal_pwr_ex.o
                0x0800703c                HAL_PWREx_EnableOverDrive
 .text.HAL_RCC_ClockConfig
                0x080070dc      0x1cc ./Drivers/STM32F4xx_HAL_Driver/Src/stm32f4xx_hal_rcc.o
                0x080070dc                HAL_RCC_ClockConfig
 .text.HAL_RCC_GetHCLKFreq
                0x080072a8       0x18 ./Drivers/STM32F4xx_HAL_Driver/Src/stm32f4xx_hal_rcc.o
                0x080072a8                HAL_RCC_GetHCLKFreq
 .text.HAL_RCC_GetPCLK1Freq
                0x080072c0       0x28 ./Drivers/STM32F4xx_HAL_Driver/Src/stm32f4xx_hal_rcc.o
                0x080072c0                HAL_RCC_GetPCLK1Freq
 .text.HAL_RCC_GetPCLK2Freq
                0x080072e8       0x28 ./Drivers/STM32F4xx_HAL_Driver/Src/stm32f4xx_hal_rcc.o
                0x080072e8                HAL_RCC_GetPCLK2Freq
 .text.HAL_RCCEx_PeriphCLKConfig
                0x08007310      0x654 ./Drivers/STM32F4xx_HAL_Driver/Src/stm32f4xx_hal_rcc_ex.o
                0x08007310                HAL_RCCEx_PeriphCLKConfig
 .text.HAL_RCC_GetSysClockFreq
                0x08007964      0x460 ./Drivers/STM32F4xx_HAL_Driver/Src/stm32f4xx_hal_rcc_ex.o
                0x08007964                HAL_RCC_GetSysClockFreq
 .text.HAL_RCC_OscConfig
                0x08007dc4      0x53c ./Drivers/STM32F4xx_HAL_Driver/Src/stm32f4xx_hal_rcc_ex.o
                0x08007dc4                HAL_RCC_OscConfig
 .text.HAL_TIM_Base_Init
                0x08008300       0x9e ./Drivers/STM32F4xx_HAL_Driver/Src/stm32f4xx_hal_tim.o
                0x08008300                HAL_TIM_Base_Init
 *fill*         0x0800839e        0x2 
 .text.HAL_TIM_Base_Start_IT
                0x080083a0       0xe0 ./Drivers/STM32F4xx_HAL_Driver/Src/stm32f4xx_hal_tim.o
                0x080083a0                HAL_TIM_Base_Start_IT
 .text.HAL_TIM_PWM_Init
                0x08008480       0x9e ./Drivers/STM32F4xx_HAL_Driver/Src/stm32f4xx_hal_tim.o
                0x08008480                HAL_TIM_PWM_Init
 .text.HAL_TIM_PWM_MspInit
                0x0800851e       0x14 ./Drivers/STM32F4xx_HAL_Driver/Src/stm32f4xx_hal_tim.o
                0x0800851e                HAL_TIM_PWM_MspInit
 *fill*         0x08008532        0x2 
 .text.HAL_TIM_PWM_Start
                0x08008534      0x190 ./Drivers/STM32F4xx_HAL_Driver/Src/stm32f4xx_hal_tim.o
                0x08008534                HAL_TIM_PWM_Start
 .text.HAL_TIM_Encoder_Init
                0x080086c4      0x14c ./Drivers/STM32F4xx_HAL_Driver/Src/stm32f4xx_hal_tim.o
                0x080086c4                HAL_TIM_Encoder_Init
 .text.HAL_TIM_Encoder_Start
                0x08008810      0x11c ./Drivers/STM32F4xx_HAL_Driver/Src/stm32f4xx_hal_tim.o
                0x08008810                HAL_TIM_Encoder_Start
 .text.HAL_TIM_IRQHandler
                0x0800892c      0x1e0 ./Drivers/STM32F4xx_HAL_Driver/Src/stm32f4xx_hal_tim.o
                0x0800892c                HAL_TIM_IRQHandler
 .text.HAL_TIM_PWM_ConfigChannel
                0x08008b0c      0x184 ./Drivers/STM32F4xx_HAL_Driver/Src/stm32f4xx_hal_tim.o
                0x08008b0c                HAL_TIM_PWM_ConfigChannel
 .text.HAL_TIM_GenerateEvent
                0x08008c90       0x4e ./Drivers/STM32F4xx_HAL_Driver/Src/stm32f4xx_hal_tim.o
                0x08008c90                HAL_TIM_GenerateEvent
 .text.HAL_TIM_ConfigClockSource
                0x08008cde      0x18e ./Drivers/STM32F4xx_HAL_Driver/Src/stm32f4xx_hal_tim.o
                0x08008cde                HAL_TIM_ConfigClockSource
 .text.HAL_TIM_OC_DelayElapsedCallback
                0x08008e6c       0x14 ./Drivers/STM32F4xx_HAL_Driver/Src/stm32f4xx_hal_tim.o
                0x08008e6c                HAL_TIM_OC_DelayElapsedCallback
 .text.HAL_TIM_IC_CaptureCallback
                0x08008e80       0x14 ./Drivers/STM32F4xx_HAL_Driver/Src/stm32f4xx_hal_tim.o
                0x08008e80                HAL_TIM_IC_CaptureCallback
 .text.HAL_TIM_PWM_PulseFinishedCallback
                0x08008e94       0x14 ./Drivers/STM32F4xx_HAL_Driver/Src/stm32f4xx_hal_tim.o
                0x08008e94                HAL_TIM_PWM_PulseFinishedCallback
 .text.HAL_TIM_TriggerCallback
                0x08008ea8       0x14 ./Drivers/STM32F4xx_HAL_Driver/Src/stm32f4xx_hal_tim.o
                0x08008ea8                HAL_TIM_TriggerCallback
 .text.TIM_Base_SetConfig
                0x08008ebc      0x14c ./Drivers/STM32F4xx_HAL_Driver/Src/stm32f4xx_hal_tim.o
                0x08008ebc                TIM_Base_SetConfig
 .text.TIM_OC1_SetConfig
                0x08009008       0xe0 ./Drivers/STM32F4xx_HAL_Driver/Src/stm32f4xx_hal_tim.o
 .text.TIM_OC2_SetConfig
                0x080090e8       0xec ./Drivers/STM32F4xx_HAL_Driver/Src/stm32f4xx_hal_tim.o
                0x080090e8                TIM_OC2_SetConfig
 .text.TIM_OC3_SetConfig
                0x080091d4       0xe8 ./Drivers/STM32F4xx_HAL_Driver/Src/stm32f4xx_hal_tim.o
 .text.TIM_OC4_SetConfig
                0x080092bc       0xac ./Drivers/STM32F4xx_HAL_Driver/Src/stm32f4xx_hal_tim.o
 .text.TIM_TI1_ConfigInputStage
                0x08009368       0x5e ./Drivers/STM32F4xx_HAL_Driver/Src/stm32f4xx_hal_tim.o
 .text.TIM_TI2_ConfigInputStage
                0x080093c6       0x60 ./Drivers/STM32F4xx_HAL_Driver/Src/stm32f4xx_hal_tim.o
 .text.TIM_ITRx_SetConfig
                0x08009426       0x36 ./Drivers/STM32F4xx_HAL_Driver/Src/stm32f4xx_hal_tim.o
 .text.TIM_ETR_SetConfig
                0x0800945c       0x40 ./Drivers/STM32F4xx_HAL_Driver/Src/stm32f4xx_hal_tim.o
                0x0800945c                TIM_ETR_SetConfig
 .text.TIM_CCxChannelCmd
                0x0800949c       0x4a ./Drivers/STM32F4xx_HAL_Driver/Src/stm32f4xx_hal_tim.o
                0x0800949c                TIM_CCxChannelCmd
 *fill*         0x080094e6        0x2 
 .text.HAL_TIMEx_MasterConfigSynchronization
                0x080094e8       0xf8 ./Drivers/STM32F4xx_HAL_Driver/Src/stm32f4xx_hal_tim_ex.o
                0x080094e8                HAL_TIMEx_MasterConfigSynchronization
 .text.HAL_TIMEx_ConfigBreakDeadTime
                0x080095e0       0xa4 ./Drivers/STM32F4xx_HAL_Driver/Src/stm32f4xx_hal_tim_ex.o
                0x080095e0                HAL_TIMEx_ConfigBreakDeadTime
 .text.HAL_TIMEx_CommutCallback
                0x08009684       0x14 ./Drivers/STM32F4xx_HAL_Driver/Src/stm32f4xx_hal_tim_ex.o
                0x08009684                HAL_TIMEx_CommutCallback
 .text.HAL_TIMEx_BreakCallback
                0x08009698       0x14 ./Drivers/STM32F4xx_HAL_Driver/Src/stm32f4xx_hal_tim_ex.o
                0x08009698                HAL_TIMEx_BreakCallback
 .text.HAL_UART_Init
                0x080096ac       0xa0 ./Drivers/STM32F4xx_HAL_Driver/Src/stm32f4xx_hal_uart.o
                0x080096ac                HAL_UART_Init
 .text.HAL_UART_Transmit
                0x0800974c      0x116 ./Drivers/STM32F4xx_HAL_Driver/Src/stm32f4xx_hal_uart.o
                0x0800974c                HAL_UART_Transmit
 .text.HAL_UART_Receive
                0x08009862      0x12e ./Drivers/STM32F4xx_HAL_Driver/Src/stm32f4xx_hal_uart.o
                0x08009862                HAL_UART_Receive
 .text.HAL_UART_Receive_IT
                0x08009990       0x4a ./Drivers/STM32F4xx_HAL_Driver/Src/stm32f4xx_hal_uart.o
                0x08009990                HAL_UART_Receive_IT
 *fill*         0x080099da        0x2 
 .text.HAL_UART_IRQHandler
                0x080099dc      0x554 ./Drivers/STM32F4xx_HAL_Driver/Src/stm32f4xx_hal_uart.o
                0x080099dc                HAL_UART_IRQHandler
 .text.HAL_UART_TxCpltCallback
                0x08009f30       0x14 ./Drivers/STM32F4xx_HAL_Driver/Src/stm32f4xx_hal_uart.o
                0x08009f30                HAL_UART_TxCpltCallback
 .text.HAL_UART_ErrorCallback
                0x08009f44       0x14 ./Drivers/STM32F4xx_HAL_Driver/Src/stm32f4xx_hal_uart.o
                0x08009f44                HAL_UART_ErrorCallback
 .text.HAL_UARTEx_RxEventCallback
                0x08009f58       0x18 ./Drivers/STM32F4xx_HAL_Driver/Src/stm32f4xx_hal_uart.o
                0x08009f58                HAL_UARTEx_RxEventCallback
 .text.UART_WaitOnFlagUntilTimeout
                0x08009f70       0xb2 ./Drivers/STM32F4xx_HAL_Driver/Src/stm32f4xx_hal_uart.o
 .text.UART_Start_Receive_IT
                0x0800a022       0x74 ./Drivers/STM32F4xx_HAL_Driver/Src/stm32f4xx_hal_uart.o
                0x0800a022                UART_Start_Receive_IT
 .text.UART_EndRxTransfer
                0x0800a096       0xc6 ./Drivers/STM32F4xx_HAL_Driver/Src/stm32f4xx_hal_uart.o
 .text.UART_DMAAbortOnError
                0x0800a15c       0x22 ./Drivers/STM32F4xx_HAL_Driver/Src/stm32f4xx_hal_uart.o
 .text.UART_Transmit_IT
                0x0800a17e       0xa0 ./Drivers/STM32F4xx_HAL_Driver/Src/stm32f4xx_hal_uart.o
 .text.UART_EndTransmit_IT
                0x0800a21e       0x30 ./Drivers/STM32F4xx_HAL_Driver/Src/stm32f4xx_hal_uart.o
 .text.UART_Receive_IT
                0x0800a24e      0x17c ./Drivers/STM32F4xx_HAL_Driver/Src/stm32f4xx_hal_uart.o
 *fill*         0x0800a3ca        0x2 
 .text.UART_SetConfig
                0x0800a3cc      0x4e8 ./Drivers/STM32F4xx_HAL_Driver/Src/stm32f4xx_hal_uart.o
 .text.std      0x0800a8b4       0x6c C:/ST/STM32CubeIDE_1.17.0/STM32CubeIDE/plugins/com.st.stm32cube.ide.mcu.externaltools.gnu-tools-for-stm32.12.3.rel1.win32_1.1.0.202410251130/tools/bin/../lib/gcc/arm-none-eabi/12.3.1/../../../../arm-none-eabi/lib/thumb/v7e-m+fp/hard\libc_nano.a(libc_a-findfp.o)
 .text.stdio_exit_handler
                0x0800a920       0x18 C:/ST/STM32CubeIDE_1.17.0/STM32CubeIDE/plugins/com.st.stm32cube.ide.mcu.externaltools.gnu-tools-for-stm32.12.3.rel1.win32_1.1.0.202410251130/tools/bin/../lib/gcc/arm-none-eabi/12.3.1/../../../../arm-none-eabi/lib/thumb/v7e-m+fp/hard\libc_nano.a(libc_a-findfp.o)
 .text.cleanup_stdio
                0x0800a938       0x40 C:/ST/STM32CubeIDE_1.17.0/STM32CubeIDE/plugins/com.st.stm32cube.ide.mcu.externaltools.gnu-tools-for-stm32.12.3.rel1.win32_1.1.0.202410251130/tools/bin/../lib/gcc/arm-none-eabi/12.3.1/../../../../arm-none-eabi/lib/thumb/v7e-m+fp/hard\libc_nano.a(libc_a-findfp.o)
 .text.global_stdio_init.part.0
                0x0800a978       0x3c C:/ST/STM32CubeIDE_1.17.0/STM32CubeIDE/plugins/com.st.stm32cube.ide.mcu.externaltools.gnu-tools-for-stm32.12.3.rel1.win32_1.1.0.202410251130/tools/bin/../lib/gcc/arm-none-eabi/12.3.1/../../../../arm-none-eabi/lib/thumb/v7e-m+fp/hard\libc_nano.a(libc_a-findfp.o)
 .text.__sfp_lock_acquire
                0x0800a9b4        0xc C:/ST/STM32CubeIDE_1.17.0/STM32CubeIDE/plugins/com.st.stm32cube.ide.mcu.externaltools.gnu-tools-for-stm32.12.3.rel1.win32_1.1.0.202410251130/tools/bin/../lib/gcc/arm-none-eabi/12.3.1/../../../../arm-none-eabi/lib/thumb/v7e-m+fp/hard\libc_nano.a(libc_a-findfp.o)
                0x0800a9b4                __sfp_lock_acquire
 .text.__sfp_lock_release
                0x0800a9c0        0xc C:/ST/STM32CubeIDE_1.17.0/STM32CubeIDE/plugins/com.st.stm32cube.ide.mcu.externaltools.gnu-tools-for-stm32.12.3.rel1.win32_1.1.0.202410251130/tools/bin/../lib/gcc/arm-none-eabi/12.3.1/../../../../arm-none-eabi/lib/thumb/v7e-m+fp/hard\libc_nano.a(libc_a-findfp.o)
                0x0800a9c0                __sfp_lock_release
 .text.__sinit  0x0800a9cc       0x30 C:/ST/STM32CubeIDE_1.17.0/STM32CubeIDE/plugins/com.st.stm32cube.ide.mcu.externaltools.gnu-tools-for-stm32.12.3.rel1.win32_1.1.0.202410251130/tools/bin/../lib/gcc/arm-none-eabi/12.3.1/../../../../arm-none-eabi/lib/thumb/v7e-m+fp/hard\libc_nano.a(libc_a-findfp.o)
                0x0800a9cc                __sinit
 .text._fwalk_sglue
                0x0800a9fc       0x3c C:/ST/STM32CubeIDE_1.17.0/STM32CubeIDE/plugins/com.st.stm32cube.ide.mcu.externaltools.gnu-tools-for-stm32.12.3.rel1.win32_1.1.0.202410251130/tools/bin/../lib/gcc/arm-none-eabi/12.3.1/../../../../arm-none-eabi/lib/thumb/v7e-m+fp/hard\libc_nano.a(libc_a-fwalk.o)
                0x0800a9fc                _fwalk_sglue
 .text.printf   0x0800aa38       0x24 C:/ST/STM32CubeIDE_1.17.0/STM32CubeIDE/plugins/com.st.stm32cube.ide.mcu.externaltools.gnu-tools-for-stm32.12.3.rel1.win32_1.1.0.202410251130/tools/bin/../lib/gcc/arm-none-eabi/12.3.1/../../../../arm-none-eabi/lib/thumb/v7e-m+fp/hard\libc_nano.a(libc_a-printf.o)
                0x0800aa38                iprintf
                0x0800aa38                printf
 .text._puts_r  0x0800aa5c       0xaa C:/ST/STM32CubeIDE_1.17.0/STM32CubeIDE/plugins/com.st.stm32cube.ide.mcu.externaltools.gnu-tools-for-stm32.12.3.rel1.win32_1.1.0.202410251130/tools/bin/../lib/gcc/arm-none-eabi/12.3.1/../../../../arm-none-eabi/lib/thumb/v7e-m+fp/hard\libc_nano.a(libc_a-puts.o)
                0x0800aa5c                _puts_r
 *fill*         0x0800ab06        0x2 
 .text.puts     0x0800ab08       0x10 C:/ST/STM32CubeIDE_1.17.0/STM32CubeIDE/plugins/com.st.stm32cube.ide.mcu.externaltools.gnu-tools-for-stm32.12.3.rel1.win32_1.1.0.202410251130/tools/bin/../lib/gcc/arm-none-eabi/12.3.1/../../../../arm-none-eabi/lib/thumb/v7e-m+fp/hard\libc_nano.a(libc_a-puts.o)
                0x0800ab08                puts
 .text.__sread  0x0800ab18       0x22 C:/ST/STM32CubeIDE_1.17.0/STM32CubeIDE/plugins/com.st.stm32cube.ide.mcu.externaltools.gnu-tools-for-stm32.12.3.rel1.win32_1.1.0.202410251130/tools/bin/../lib/gcc/arm-none-eabi/12.3.1/../../../../arm-none-eabi/lib/thumb/v7e-m+fp/hard\libc_nano.a(libc_a-stdio.o)
                0x0800ab18                __sread
 .text.__swrite
                0x0800ab3a       0x38 C:/ST/STM32CubeIDE_1.17.0/STM32CubeIDE/plugins/com.st.stm32cube.ide.mcu.externaltools.gnu-tools-for-stm32.12.3.rel1.win32_1.1.0.202410251130/tools/bin/../lib/gcc/arm-none-eabi/12.3.1/../../../../arm-none-eabi/lib/thumb/v7e-m+fp/hard\libc_nano.a(libc_a-stdio.o)
                0x0800ab3a                __swrite
 .text.__sseek  0x0800ab72       0x24 C:/ST/STM32CubeIDE_1.17.0/STM32CubeIDE/plugins/com.st.stm32cube.ide.mcu.externaltools.gnu-tools-for-stm32.12.3.rel1.win32_1.1.0.202410251130/tools/bin/../lib/gcc/arm-none-eabi/12.3.1/../../../../arm-none-eabi/lib/thumb/v7e-m+fp/hard\libc_nano.a(libc_a-stdio.o)
                0x0800ab72                __sseek
 .text.__sclose
                0x0800ab96        0x8 C:/ST/STM32CubeIDE_1.17.0/STM32CubeIDE/plugins/com.st.stm32cube.ide.mcu.externaltools.gnu-tools-for-stm32.12.3.rel1.win32_1.1.0.202410251130/tools/bin/../lib/gcc/arm-none-eabi/12.3.1/../../../../arm-none-eabi/lib/thumb/v7e-m+fp/hard\libc_nano.a(libc_a-stdio.o)
                0x0800ab96                __sclose
 .text.__swbuf_r
                0x0800ab9e       0x7c C:/ST/STM32CubeIDE_1.17.0/STM32CubeIDE/plugins/com.st.stm32cube.ide.mcu.externaltools.gnu-tools-for-stm32.12.3.rel1.win32_1.1.0.202410251130/tools/bin/../lib/gcc/arm-none-eabi/12.3.1/../../../../arm-none-eabi/lib/thumb/v7e-m+fp/hard\libc_nano.a(libc_a-wbuf.o)
                0x0800ab9e                __swbuf_r
 *fill*         0x0800ac1a        0x2 
 .text.__swsetup_r
                0x0800ac1c       0xac C:/ST/STM32CubeIDE_1.17.0/STM32CubeIDE/plugins/com.st.stm32cube.ide.mcu.externaltools.gnu-tools-for-stm32.12.3.rel1.win32_1.1.0.202410251130/tools/bin/../lib/gcc/arm-none-eabi/12.3.1/../../../../arm-none-eabi/lib/thumb/v7e-m+fp/hard\libc_nano.a(libc_a-wsetup.o)
                0x0800ac1c                __swsetup_r
 .text.memset   0x0800acc8       0x10 C:/ST/STM32CubeIDE_1.17.0/STM32CubeIDE/plugins/com.st.stm32cube.ide.mcu.externaltools.gnu-tools-for-stm32.12.3.rel1.win32_1.1.0.202410251130/tools/bin/../lib/gcc/arm-none-eabi/12.3.1/../../../../arm-none-eabi/lib/thumb/v7e-m+fp/hard\libc_nano.a(libc_a-memset.o)
                0x0800acc8                memset
 .text._close_r
                0x0800acd8       0x20 C:/ST/STM32CubeIDE_1.17.0/STM32CubeIDE/plugins/com.st.stm32cube.ide.mcu.externaltools.gnu-tools-for-stm32.12.3.rel1.win32_1.1.0.202410251130/tools/bin/../lib/gcc/arm-none-eabi/12.3.1/../../../../arm-none-eabi/lib/thumb/v7e-m+fp/hard\libc_nano.a(libc_a-closer.o)
                0x0800acd8                _close_r
 .text._lseek_r
                0x0800acf8       0x24 C:/ST/STM32CubeIDE_1.17.0/STM32CubeIDE/plugins/com.st.stm32cube.ide.mcu.externaltools.gnu-tools-for-stm32.12.3.rel1.win32_1.1.0.202410251130/tools/bin/../lib/gcc/arm-none-eabi/12.3.1/../../../../arm-none-eabi/lib/thumb/v7e-m+fp/hard\libc_nano.a(libc_a-lseekr.o)
                0x0800acf8                _lseek_r
 .text._read_r  0x0800ad1c       0x24 C:/ST/STM32CubeIDE_1.17.0/STM32CubeIDE/plugins/com.st.stm32cube.ide.mcu.externaltools.gnu-tools-for-stm32.12.3.rel1.win32_1.1.0.202410251130/tools/bin/../lib/gcc/arm-none-eabi/12.3.1/../../../../arm-none-eabi/lib/thumb/v7e-m+fp/hard\libc_nano.a(libc_a-readr.o)
                0x0800ad1c                _read_r
 .text._write_r
                0x0800ad40       0x24 C:/ST/STM32CubeIDE_1.17.0/STM32CubeIDE/plugins/com.st.stm32cube.ide.mcu.externaltools.gnu-tools-for-stm32.12.3.rel1.win32_1.1.0.202410251130/tools/bin/../lib/gcc/arm-none-eabi/12.3.1/../../../../arm-none-eabi/lib/thumb/v7e-m+fp/hard\libc_nano.a(libc_a-writer.o)
                0x0800ad40                _write_r
 .text.__errno  0x0800ad64        0xc C:/ST/STM32CubeIDE_1.17.0/STM32CubeIDE/plugins/com.st.stm32cube.ide.mcu.externaltools.gnu-tools-for-stm32.12.3.rel1.win32_1.1.0.202410251130/tools/bin/../lib/gcc/arm-none-eabi/12.3.1/../../../../arm-none-eabi/lib/thumb/v7e-m+fp/hard\libc_nano.a(libc_a-errno.o)
                0x0800ad64                __errno
 .text.__libc_init_array
                0x0800ad70       0x48 C:/ST/STM32CubeIDE_1.17.0/STM32CubeIDE/plugins/com.st.stm32cube.ide.mcu.externaltools.gnu-tools-for-stm32.12.3.rel1.win32_1.1.0.202410251130/tools/bin/../lib/gcc/arm-none-eabi/12.3.1/../../../../arm-none-eabi/lib/thumb/v7e-m+fp/hard\libc_nano.a(libc_a-init.o)
                0x0800ad70                __libc_init_array
 .text.__retarget_lock_init_recursive
                0x0800adb8        0x2 C:/ST/STM32CubeIDE_1.17.0/STM32CubeIDE/plugins/com.st.stm32cube.ide.mcu.externaltools.gnu-tools-for-stm32.12.3.rel1.win32_1.1.0.202410251130/tools/bin/../lib/gcc/arm-none-eabi/12.3.1/../../../../arm-none-eabi/lib/thumb/v7e-m+fp/hard\libc_nano.a(libc_a-lock.o)
                0x0800adb8                __retarget_lock_init_recursive
 .text.__retarget_lock_acquire_recursive
                0x0800adba        0x2 C:/ST/STM32CubeIDE_1.17.0/STM32CubeIDE/plugins/com.st.stm32cube.ide.mcu.externaltools.gnu-tools-for-stm32.12.3.rel1.win32_1.1.0.202410251130/tools/bin/../lib/gcc/arm-none-eabi/12.3.1/../../../../arm-none-eabi/lib/thumb/v7e-m+fp/hard\libc_nano.a(libc_a-lock.o)
                0x0800adba                __retarget_lock_acquire_recursive
 .text.__retarget_lock_release_recursive
                0x0800adbc        0x2 C:/ST/STM32CubeIDE_1.17.0/STM32CubeIDE/plugins/com.st.stm32cube.ide.mcu.externaltools.gnu-tools-for-stm32.12.3.rel1.win32_1.1.0.202410251130/tools/bin/../lib/gcc/arm-none-eabi/12.3.1/../../../../arm-none-eabi/lib/thumb/v7e-m+fp/hard\libc_nano.a(libc_a-lock.o)
                0x0800adbc                __retarget_lock_release_recursive
 *fill*         0x0800adbe        0x2 
 .text._free_r  0x0800adc0       0x94 C:/ST/STM32CubeIDE_1.17.0/STM32CubeIDE/plugins/com.st.stm32cube.ide.mcu.externaltools.gnu-tools-for-stm32.12.3.rel1.win32_1.1.0.202410251130/tools/bin/../lib/gcc/arm-none-eabi/12.3.1/../../../../arm-none-eabi/lib/thumb/v7e-m+fp/hard\libc_nano.a(libc_a-freer.o)
                0x0800adc0                _free_r
 .text.sbrk_aligned
                0x0800ae54       0x44 C:/ST/STM32CubeIDE_1.17.0/STM32CubeIDE/plugins/com.st.stm32cube.ide.mcu.externaltools.gnu-tools-for-stm32.12.3.rel1.win32_1.1.0.202410251130/tools/bin/../lib/gcc/arm-none-eabi/12.3.1/../../../../arm-none-eabi/lib/thumb/v7e-m+fp/hard\libc_nano.a(libc_a-mallocr.o)
 .text._malloc_r
                0x0800ae98      0x100 C:/ST/STM32CubeIDE_1.17.0/STM32CubeIDE/plugins/com.st.stm32cube.ide.mcu.externaltools.gnu-tools-for-stm32.12.3.rel1.win32_1.1.0.202410251130/tools/bin/../lib/gcc/arm-none-eabi/12.3.1/../../../../arm-none-eabi/lib/thumb/v7e-m+fp/hard\libc_nano.a(libc_a-mallocr.o)
                0x0800ae98                _malloc_r
 .text.__malloc_lock
                0x0800af98        0xc C:/ST/STM32CubeIDE_1.17.0/STM32CubeIDE/plugins/com.st.stm32cube.ide.mcu.externaltools.gnu-tools-for-stm32.12.3.rel1.win32_1.1.0.202410251130/tools/bin/../lib/gcc/arm-none-eabi/12.3.1/../../../../arm-none-eabi/lib/thumb/v7e-m+fp/hard\libc_nano.a(libc_a-mlock.o)
                0x0800af98                __malloc_lock
 .text.__malloc_unlock
                0x0800afa4        0xc C:/ST/STM32CubeIDE_1.17.0/STM32CubeIDE/plugins/com.st.stm32cube.ide.mcu.externaltools.gnu-tools-for-stm32.12.3.rel1.win32_1.1.0.202410251130/tools/bin/../lib/gcc/arm-none-eabi/12.3.1/../../../../arm-none-eabi/lib/thumb/v7e-m+fp/hard\libc_nano.a(libc_a-mlock.o)
                0x0800afa4                __malloc_unlock
 .text.__sfputc_r
                0x0800afb0       0x2e C:/ST/STM32CubeIDE_1.17.0/STM32CubeIDE/plugins/com.st.stm32cube.ide.mcu.externaltools.gnu-tools-for-stm32.12.3.rel1.win32_1.1.0.202410251130/tools/bin/../lib/gcc/arm-none-eabi/12.3.1/../../../../arm-none-eabi/lib/thumb/v7e-m+fp/hard\libc_nano.a(libc_a-nano-vfprintf.o)
 .text.__sfputs_r
                0x0800afde       0x24 C:/ST/STM32CubeIDE_1.17.0/STM32CubeIDE/plugins/com.st.stm32cube.ide.mcu.externaltools.gnu-tools-for-stm32.12.3.rel1.win32_1.1.0.202410251130/tools/bin/../lib/gcc/arm-none-eabi/12.3.1/../../../../arm-none-eabi/lib/thumb/v7e-m+fp/hard\libc_nano.a(libc_a-nano-vfprintf.o)
                0x0800afde                __sfputs_r
 *fill*         0x0800b002        0x2 
 .text._vfprintf_r
                0x0800b004      0x230 C:/ST/STM32CubeIDE_1.17.0/STM32CubeIDE/plugins/com.st.stm32cube.ide.mcu.externaltools.gnu-tools-for-stm32.12.3.rel1.win32_1.1.0.202410251130/tools/bin/../lib/gcc/arm-none-eabi/12.3.1/../../../../arm-none-eabi/lib/thumb/v7e-m+fp/hard\libc_nano.a(libc_a-nano-vfprintf.o)
                0x0800b004                _vfprintf_r
                0x0800b004                _vfiprintf_r
 .text._printf_common
                0x0800b234       0xda C:/ST/STM32CubeIDE_1.17.0/STM32CubeIDE/plugins/com.st.stm32cube.ide.mcu.externaltools.gnu-tools-for-stm32.12.3.rel1.win32_1.1.0.202410251130/tools/bin/../lib/gcc/arm-none-eabi/12.3.1/../../../../arm-none-eabi/lib/thumb/v7e-m+fp/hard\libc_nano.a(libc_a-nano-vfprintf_i.o)
                0x0800b234                _printf_common
 *fill*         0x0800b30e        0x2 
 .text._printf_i
                0x0800b310      0x240 C:/ST/STM32CubeIDE_1.17.0/STM32CubeIDE/plugins/com.st.stm32cube.ide.mcu.externaltools.gnu-tools-for-stm32.12.3.rel1.win32_1.1.0.202410251130/tools/bin/../lib/gcc/arm-none-eabi/12.3.1/../../../../arm-none-eabi/lib/thumb/v7e-m+fp/hard\libc_nano.a(libc_a-nano-vfprintf_i.o)
                0x0800b310                _printf_i
 .text.__sflush_r
                0x0800b550      0x108 C:/ST/STM32CubeIDE_1.17.0/STM32CubeIDE/plugins/com.st.stm32cube.ide.mcu.externaltools.gnu-tools-for-stm32.12.3.rel1.win32_1.1.0.202410251130/tools/bin/../lib/gcc/arm-none-eabi/12.3.1/../../../../arm-none-eabi/lib/thumb/v7e-m+fp/hard\libc_nano.a(libc_a-fflush.o)
                0x0800b550                __sflush_r
 .text._fflush_r
                0x0800b658       0x50 C:/ST/STM32CubeIDE_1.17.0/STM32CubeIDE/plugins/com.st.stm32cube.ide.mcu.externaltools.gnu-tools-for-stm32.12.3.rel1.win32_1.1.0.202410251130/tools/bin/../lib/gcc/arm-none-eabi/12.3.1/../../../../arm-none-eabi/lib/thumb/v7e-m+fp/hard\libc_nano.a(libc_a-fflush.o)
                0x0800b658                _fflush_r
 .text.__swhatbuf_r
                0x0800b6a8       0x4c C:/ST/STM32CubeIDE_1.17.0/STM32CubeIDE/plugins/com.st.stm32cube.ide.mcu.externaltools.gnu-tools-for-stm32.12.3.rel1.win32_1.1.0.202410251130/tools/bin/../lib/gcc/arm-none-eabi/12.3.1/../../../../arm-none-eabi/lib/thumb/v7e-m+fp/hard\libc_nano.a(libc_a-makebuf.o)
                0x0800b6a8                __swhatbuf_r
 .text.__smakebuf_r
                0x0800b6f4       0x78 C:/ST/STM32CubeIDE_1.17.0/STM32CubeIDE/plugins/com.st.stm32cube.ide.mcu.externaltools.gnu-tools-for-stm32.12.3.rel1.win32_1.1.0.202410251130/tools/bin/../lib/gcc/arm-none-eabi/12.3.1/../../../../arm-none-eabi/lib/thumb/v7e-m+fp/hard\libc_nano.a(libc_a-makebuf.o)
                0x0800b6f4                __smakebuf_r
 .text._fstat_r
                0x0800b76c       0x24 C:/ST/STM32CubeIDE_1.17.0/STM32CubeIDE/plugins/com.st.stm32cube.ide.mcu.externaltools.gnu-tools-for-stm32.12.3.rel1.win32_1.1.0.202410251130/tools/bin/../lib/gcc/arm-none-eabi/12.3.1/../../../../arm-none-eabi/lib/thumb/v7e-m+fp/hard\libc_nano.a(libc_a-fstatr.o)
                0x0800b76c                _fstat_r
 .text._isatty_r
                0x0800b790       0x20 C:/ST/STM32CubeIDE_1.17.0/STM32CubeIDE/plugins/com.st.stm32cube.ide.mcu.externaltools.gnu-tools-for-stm32.12.3.rel1.win32_1.1.0.202410251130/tools/bin/../lib/gcc/arm-none-eabi/12.3.1/../../../../arm-none-eabi/lib/thumb/v7e-m+fp/hard\libc_nano.a(libc_a-isattyr.o)
                0x0800b790                _isatty_r
 .text._sbrk_r  0x0800b7b0       0x20 C:/ST/STM32CubeIDE_1.17.0/STM32CubeIDE/plugins/com.st.stm32cube.ide.mcu.externaltools.gnu-tools-for-stm32.12.3.rel1.win32_1.1.0.202410251130/tools/bin/../lib/gcc/arm-none-eabi/12.3.1/../../../../arm-none-eabi/lib/thumb/v7e-m+fp/hard\libc_nano.a(libc_a-sbrkr.o)
                0x0800b7b0                _sbrk_r
 .text.atan2    0x0800b7d0        0x4 C:/ST/STM32CubeIDE_1.17.0/STM32CubeIDE/plugins/com.st.stm32cube.ide.mcu.externaltools.gnu-tools-for-stm32.12.3.rel1.win32_1.1.0.202410251130/tools/bin/../lib/gcc/arm-none-eabi/12.3.1/../../../../arm-none-eabi/lib/thumb/v7e-m+fp/hard\libm.a(libm_a-w_atan2.o)
                0x0800b7d0                atan2
 .text.pow      0x0800b7d4       0xe0 C:/ST/STM32CubeIDE_1.17.0/STM32CubeIDE/plugins/com.st.stm32cube.ide.mcu.externaltools.gnu-tools-for-stm32.12.3.rel1.win32_1.1.0.202410251130/tools/bin/../lib/gcc/arm-none-eabi/12.3.1/../../../../arm-none-eabi/lib/thumb/v7e-m+fp/hard\libm.a(libm_a-w_pow.o)
                0x0800b7d4                pow
 .text.sqrt     0x0800b8b4       0x58 C:/ST/STM32CubeIDE_1.17.0/STM32CubeIDE/plugins/com.st.stm32cube.ide.mcu.externaltools.gnu-tools-for-stm32.12.3.rel1.win32_1.1.0.202410251130/tools/bin/../lib/gcc/arm-none-eabi/12.3.1/../../../../arm-none-eabi/lib/thumb/v7e-m+fp/hard\libm.a(libm_a-w_sqrt.o)
                0x0800b8b4                sqrt
 *fill*         0x0800b90c        0x4 
 .text.cos      0x0800b910       0xa8 C:/ST/STM32CubeIDE_1.17.0/STM32CubeIDE/plugins/com.st.stm32cube.ide.mcu.externaltools.gnu-tools-for-stm32.12.3.rel1.win32_1.1.0.202410251130/tools/bin/../lib/gcc/arm-none-eabi/12.3.1/../../../../arm-none-eabi/lib/thumb/v7e-m+fp/hard\libm.a(libm_a-s_cos.o)
                0x0800b910                cos
 .text.sin      0x0800b9b8       0xa8 C:/ST/STM32CubeIDE_1.17.0/STM32CubeIDE/plugins/com.st.stm32cube.ide.mcu.externaltools.gnu-tools-for-stm32.12.3.rel1.win32_1.1.0.202410251130/tools/bin/../lib/gcc/arm-none-eabi/12.3.1/../../../../arm-none-eabi/lib/thumb/v7e-m+fp/hard\libm.a(libm_a-s_sin.o)
                0x0800b9b8                sin
 .text.finite   0x0800ba60       0x16 C:/ST/STM32CubeIDE_1.17.0/STM32CubeIDE/plugins/com.st.stm32cube.ide.mcu.externaltools.gnu-tools-for-stm32.12.3.rel1.win32_1.1.0.202410251130/tools/bin/../lib/gcc/arm-none-eabi/12.3.1/../../../../arm-none-eabi/lib/thumb/v7e-m+fp/hard\libm.a(libm_a-s_finite.o)
                0x0800ba60                finite
 *fill*         0x0800ba76        0x2 
 .text.__ieee754_sqrt
                0x0800ba78      0x1b4 C:/ST/STM32CubeIDE_1.17.0/STM32CubeIDE/plugins/com.st.stm32cube.ide.mcu.externaltools.gnu-tools-for-stm32.12.3.rel1.win32_1.1.0.202410251130/tools/bin/../lib/gcc/arm-none-eabi/12.3.1/../../../../arm-none-eabi/lib/thumb/v7e-m+fp/hard\libm.a(libm_a-e_sqrt.o)
                0x0800ba78                __ieee754_sqrt
 *fill*         0x0800bc2c        0x4 
 .text.__kernel_cos
                0x0800bc30      0x18c C:/ST/STM32CubeIDE_1.17.0/STM32CubeIDE/plugins/com.st.stm32cube.ide.mcu.externaltools.gnu-tools-for-stm32.12.3.rel1.win32_1.1.0.202410251130/tools/bin/../lib/gcc/arm-none-eabi/12.3.1/../../../../arm-none-eabi/lib/thumb/v7e-m+fp/hard\libm.a(libm_a-k_cos.o)
                0x0800bc30                __kernel_cos
 *fill*         0x0800bdbc        0x4 
 .text.__kernel_sin
                0x0800bdc0      0x174 C:/ST/STM32CubeIDE_1.17.0/STM32CubeIDE/plugins/com.st.stm32cube.ide.mcu.externaltools.gnu-tools-for-stm32.12.3.rel1.win32_1.1.0.202410251130/tools/bin/../lib/gcc/arm-none-eabi/12.3.1/../../../../arm-none-eabi/lib/thumb/v7e-m+fp/hard\libm.a(libm_a-k_sin.o)
                0x0800bdc0                __kernel_sin
 *fill*         0x0800bf34        0x4 
 .text.__ieee754_atan2
                0x0800bf38      0x18c C:/ST/STM32CubeIDE_1.17.0/STM32CubeIDE/plugins/com.st.stm32cube.ide.mcu.externaltools.gnu-tools-for-stm32.12.3.rel1.win32_1.1.0.202410251130/tools/bin/../lib/gcc/arm-none-eabi/12.3.1/../../../../arm-none-eabi/lib/thumb/v7e-m+fp/hard\libm.a(libm_a-e_atan2.o)
                0x0800bf38                __ieee754_atan2
 *fill*         0x0800c0c4        0x4 
 .text.__ieee754_pow
                0x0800c0c8      0xa88 C:/ST/STM32CubeIDE_1.17.0/STM32CubeIDE/plugins/com.st.stm32cube.ide.mcu.externaltools.gnu-tools-for-stm32.12.3.rel1.win32_1.1.0.202410251130/tools/bin/../lib/gcc/arm-none-eabi/12.3.1/../../../../arm-none-eabi/lib/thumb/v7e-m+fp/hard\libm.a(libm_a-e_pow.o)
                0x0800c0c8                __ieee754_pow
 .text.__ieee754_rem_pio2
                0x0800cb50      0x3f8 C:/ST/STM32CubeIDE_1.17.0/STM32CubeIDE/plugins/com.st.stm32cube.ide.mcu.externaltools.gnu-tools-for-stm32.12.3.rel1.win32_1.1.0.202410251130/tools/bin/../lib/gcc/arm-none-eabi/12.3.1/../../../../arm-none-eabi/lib/thumb/v7e-m+fp/hard\libm.a(libm_a-e_rem_pio2.o)
                0x0800cb50                __ieee754_rem_pio2
 .text.atan     0x0800cf48      0x330 C:/ST/STM32CubeIDE_1.17.0/STM32CubeIDE/plugins/com.st.stm32cube.ide.mcu.externaltools.gnu-tools-for-stm32.12.3.rel1.win32_1.1.0.202410251130/tools/bin/../lib/gcc/arm-none-eabi/12.3.1/../../../../arm-none-eabi/lib/thumb/v7e-m+fp/hard\libm.a(libm_a-s_atan.o)
                0x0800cf48                atan
 .text.fabs     0x0800d278       0x10 C:/ST/STM32CubeIDE_1.17.0/STM32CubeIDE/plugins/com.st.stm32cube.ide.mcu.externaltools.gnu-tools-for-stm32.12.3.rel1.win32_1.1.0.202410251130/tools/bin/../lib/gcc/arm-none-eabi/12.3.1/../../../../arm-none-eabi/lib/thumb/v7e-m+fp/hard\libm.a(libm_a-s_fabs.o)
                0x0800d278                fabs
 .text.scalbn   0x0800d288       0xfc C:/ST/STM32CubeIDE_1.17.0/STM32CubeIDE/plugins/com.st.stm32cube.ide.mcu.externaltools.gnu-tools-for-stm32.12.3.rel1.win32_1.1.0.202410251130/tools/bin/../lib/gcc/arm-none-eabi/12.3.1/../../../../arm-none-eabi/lib/thumb/v7e-m+fp/hard\libm.a(libm_a-s_scalbn.o)
                0x0800d288                scalbn
 .text.with_errno
                0x0800d384       0x24 C:/ST/STM32CubeIDE_1.17.0/STM32CubeIDE/plugins/com.st.stm32cube.ide.mcu.externaltools.gnu-tools-for-stm32.12.3.rel1.win32_1.1.0.202410251130/tools/bin/../lib/gcc/arm-none-eabi/12.3.1/../../../../arm-none-eabi/lib/thumb/v7e-m+fp/hard\libm.a(libm_a-math_err.o)
 .text.xflow    0x0800d3a8       0x32 C:/ST/STM32CubeIDE_1.17.0/STM32CubeIDE/plugins/com.st.stm32cube.ide.mcu.externaltools.gnu-tools-for-stm32.12.3.rel1.win32_1.1.0.202410251130/tools/bin/../lib/gcc/arm-none-eabi/12.3.1/../../../../arm-none-eabi/lib/thumb/v7e-m+fp/hard\libm.a(libm_a-math_err.o)
 *fill*         0x0800d3da        0x6 
 .text.__math_uflow
                0x0800d3e0       0x10 C:/ST/STM32CubeIDE_1.17.0/STM32CubeIDE/plugins/com.st.stm32cube.ide.mcu.externaltools.gnu-tools-for-stm32.12.3.rel1.win32_1.1.0.202410251130/tools/bin/../lib/gcc/arm-none-eabi/12.3.1/../../../../arm-none-eabi/lib/thumb/v7e-m+fp/hard\libm.a(libm_a-math_err.o)
                0x0800d3e0                __math_uflow
 .text.__math_oflow
                0x0800d3f0       0x10 C:/ST/STM32CubeIDE_1.17.0/STM32CubeIDE/plugins/com.st.stm32cube.ide.mcu.externaltools.gnu-tools-for-stm32.12.3.rel1.win32_1.1.0.202410251130/tools/bin/../lib/gcc/arm-none-eabi/12.3.1/../../../../arm-none-eabi/lib/thumb/v7e-m+fp/hard\libm.a(libm_a-math_err.o)
                0x0800d3f0                __math_oflow
 .text.__kernel_rem_pio2
                0x0800d400      0x6b0 C:/ST/STM32CubeIDE_1.17.0/STM32CubeIDE/plugins/com.st.stm32cube.ide.mcu.externaltools.gnu-tools-for-stm32.12.3.rel1.win32_1.1.0.202410251130/tools/bin/../lib/gcc/arm-none-eabi/12.3.1/../../../../arm-none-eabi/lib/thumb/v7e-m+fp/hard\libm.a(libm_a-k_rem_pio2.o)
                0x0800d400                __kernel_rem_pio2
 .text.floor    0x0800dab0       0xf8 C:/ST/STM32CubeIDE_1.17.0/STM32CubeIDE/plugins/com.st.stm32cube.ide.mcu.externaltools.gnu-tools-for-stm32.12.3.rel1.win32_1.1.0.202410251130/tools/bin/../lib/gcc/arm-none-eabi/12.3.1/../../../../arm-none-eabi/lib/thumb/v7e-m+fp/hard\libm.a(libm_a-s_floor.o)
                0x0800dab0                floor
 *(.glue_7)
 .glue_7        0x0800dba8        0x0 linker stubs
 *(.glue_7t)
 .glue_7t       0x0800dba8        0x0 linker stubs
 *(.eh_frame)
 .eh_frame      0x0800dba8        0x0 C:/ST/STM32CubeIDE_1.17.0/STM32CubeIDE/plugins/com.st.stm32cube.ide.mcu.externaltools.gnu-tools-for-stm32.12.3.rel1.win32_1.1.0.202410251130/tools/bin/../lib/gcc/arm-none-eabi/12.3.1/thumb/v7e-m+fp/hard/crtbegin.o
 *(.init)
 .init          0x0800dba8        0x4 C:/ST/STM32CubeIDE_1.17.0/STM32CubeIDE/plugins/com.st.stm32cube.ide.mcu.externaltools.gnu-tools-for-stm32.12.3.rel1.win32_1.1.0.202410251130/tools/bin/../lib/gcc/arm-none-eabi/12.3.1/thumb/v7e-m+fp/hard/crti.o
                0x0800dba8                _init
 .init          0x0800dbac        0x8 C:/ST/STM32CubeIDE_1.17.0/STM32CubeIDE/plugins/com.st.stm32cube.ide.mcu.externaltools.gnu-tools-for-stm32.12.3.rel1.win32_1.1.0.202410251130/tools/bin/../lib/gcc/arm-none-eabi/12.3.1/thumb/v7e-m+fp/hard/crtn.o
 *(.fini)
 .fini          0x0800dbb4        0x4 C:/ST/STM32CubeIDE_1.17.0/STM32CubeIDE/plugins/com.st.stm32cube.ide.mcu.externaltools.gnu-tools-for-stm32.12.3.rel1.win32_1.1.0.202410251130/tools/bin/../lib/gcc/arm-none-eabi/12.3.1/thumb/v7e-m+fp/hard/crti.o
                0x0800dbb4                _fini
 .fini          0x0800dbb8        0x8 C:/ST/STM32CubeIDE_1.17.0/STM32CubeIDE/plugins/com.st.stm32cube.ide.mcu.externaltools.gnu-tools-for-stm32.12.3.rel1.win32_1.1.0.202410251130/tools/bin/../lib/gcc/arm-none-eabi/12.3.1/thumb/v7e-m+fp/hard/crtn.o
                0x0800dbc0                        . = ALIGN (0x4)
                0x0800dbc0                        _etext = .

.vfp11_veneer   0x0800dbc0        0x0
 .vfp11_veneer  0x0800dbc0        0x0 linker stubs

.v4_bx          0x0800dbc0        0x0
 .v4_bx         0x0800dbc0        0x0 linker stubs

.iplt           0x0800dbc0        0x0
 .iplt          0x0800dbc0        0x0 C:/ST/STM32CubeIDE_1.17.0/STM32CubeIDE/plugins/com.st.stm32cube.ide.mcu.externaltools.gnu-tools-for-stm32.12.3.rel1.win32_1.1.0.202410251130/tools/bin/../lib/gcc/arm-none-eabi/12.3.1/thumb/v7e-m+fp/hard/crtbegin.o

.rodata         0x0800dbc0      0x508
                0x0800dbc0                        . = ALIGN (0x4)
 *(.rodata)
 .rodata        0x0800dbc0       0x3b ./Core/Src/bno055.o
 *fill*         0x0800dbfb        0x1 
 .rodata        0x0800dbfc      0x208 ./Core/Src/main.o
 *(.rodata*)
 .rodata.AHBPrescTable
                0x0800de04       0x10 ./Core/Src/system_stm32f4xx.o
                0x0800de04                AHBPrescTable
 .rodata.APBPrescTable
                0x0800de14        0x8 ./Core/Src/system_stm32f4xx.o
                0x0800de14                APBPrescTable
 .rodata._vfprintf_r.str1.1
                0x0800de1c       0x11 C:/ST/STM32CubeIDE_1.17.0/STM32CubeIDE/plugins/com.st.stm32cube.ide.mcu.externaltools.gnu-tools-for-stm32.12.3.rel1.win32_1.1.0.202410251130/tools/bin/../lib/gcc/arm-none-eabi/12.3.1/../../../../arm-none-eabi/lib/thumb/v7e-m+fp/hard\libc_nano.a(libc_a-nano-vfprintf.o)
 .rodata._printf_i.str1.1
                0x0800de2d       0x22 C:/ST/STM32CubeIDE_1.17.0/STM32CubeIDE/plugins/com.st.stm32cube.ide.mcu.externaltools.gnu-tools-for-stm32.12.3.rel1.win32_1.1.0.202410251130/tools/bin/../lib/gcc/arm-none-eabi/12.3.1/../../../../arm-none-eabi/lib/thumb/v7e-m+fp/hard\libc_nano.a(libc_a-nano-vfprintf_i.o)
 *fill*         0x0800de4f        0x1 
 .rodata.CSWTCH.9
                0x0800de50       0x18 C:/ST/STM32CubeIDE_1.17.0/STM32CubeIDE/plugins/com.st.stm32cube.ide.mcu.externaltools.gnu-tools-for-stm32.12.3.rel1.win32_1.1.0.202410251130/tools/bin/../lib/gcc/arm-none-eabi/12.3.1/../../../../arm-none-eabi/lib/thumb/v7e-m+fp/hard\libm.a(libm_a-e_atan2.o)
 .rodata.CSWTCH.8
                0x0800de68       0x18 C:/ST/STM32CubeIDE_1.17.0/STM32CubeIDE/plugins/com.st.stm32cube.ide.mcu.externaltools.gnu-tools-for-stm32.12.3.rel1.win32_1.1.0.202410251130/tools/bin/../lib/gcc/arm-none-eabi/12.3.1/../../../../arm-none-eabi/lib/thumb/v7e-m+fp/hard\libm.a(libm_a-e_atan2.o)
 .rodata.dp_l   0x0800de80       0x10 C:/ST/STM32CubeIDE_1.17.0/STM32CubeIDE/plugins/com.st.stm32cube.ide.mcu.externaltools.gnu-tools-for-stm32.12.3.rel1.win32_1.1.0.202410251130/tools/bin/../lib/gcc/arm-none-eabi/12.3.1/../../../../arm-none-eabi/lib/thumb/v7e-m+fp/hard\libm.a(libm_a-e_pow.o)
 .rodata.dp_h   0x0800de90       0x10 C:/ST/STM32CubeIDE_1.17.0/STM32CubeIDE/plugins/com.st.stm32cube.ide.mcu.externaltools.gnu-tools-for-stm32.12.3.rel1.win32_1.1.0.202410251130/tools/bin/../lib/gcc/arm-none-eabi/12.3.1/../../../../arm-none-eabi/lib/thumb/v7e-m+fp/hard\libm.a(libm_a-e_pow.o)
 .rodata.bp     0x0800dea0       0x10 C:/ST/STM32CubeIDE_1.17.0/STM32CubeIDE/plugins/com.st.stm32cube.ide.mcu.externaltools.gnu-tools-for-stm32.12.3.rel1.win32_1.1.0.202410251130/tools/bin/../lib/gcc/arm-none-eabi/12.3.1/../../../../arm-none-eabi/lib/thumb/v7e-m+fp/hard\libm.a(libm_a-e_pow.o)
 .rodata.npio2_hw
                0x0800deb0       0x80 C:/ST/STM32CubeIDE_1.17.0/STM32CubeIDE/plugins/com.st.stm32cube.ide.mcu.externaltools.gnu-tools-for-stm32.12.3.rel1.win32_1.1.0.202410251130/tools/bin/../lib/gcc/arm-none-eabi/12.3.1/../../../../arm-none-eabi/lib/thumb/v7e-m+fp/hard\libm.a(libm_a-e_rem_pio2.o)
 .rodata.two_over_pi
                0x0800df30      0x108 C:/ST/STM32CubeIDE_1.17.0/STM32CubeIDE/plugins/com.st.stm32cube.ide.mcu.externaltools.gnu-tools-for-stm32.12.3.rel1.win32_1.1.0.202410251130/tools/bin/../lib/gcc/arm-none-eabi/12.3.1/../../../../arm-none-eabi/lib/thumb/v7e-m+fp/hard\libm.a(libm_a-e_rem_pio2.o)
 .rodata.atanlo
                0x0800e038       0x20 C:/ST/STM32CubeIDE_1.17.0/STM32CubeIDE/plugins/com.st.stm32cube.ide.mcu.externaltools.gnu-tools-for-stm32.12.3.rel1.win32_1.1.0.202410251130/tools/bin/../lib/gcc/arm-none-eabi/12.3.1/../../../../arm-none-eabi/lib/thumb/v7e-m+fp/hard\libm.a(libm_a-s_atan.o)
 .rodata.atanhi
                0x0800e058       0x20 C:/ST/STM32CubeIDE_1.17.0/STM32CubeIDE/plugins/com.st.stm32cube.ide.mcu.externaltools.gnu-tools-for-stm32.12.3.rel1.win32_1.1.0.202410251130/tools/bin/../lib/gcc/arm-none-eabi/12.3.1/../../../../arm-none-eabi/lib/thumb/v7e-m+fp/hard\libm.a(libm_a-s_atan.o)
 .rodata.PIo2   0x0800e078       0x40 C:/ST/STM32CubeIDE_1.17.0/STM32CubeIDE/plugins/com.st.stm32cube.ide.mcu.externaltools.gnu-tools-for-stm32.12.3.rel1.win32_1.1.0.202410251130/tools/bin/../lib/gcc/arm-none-eabi/12.3.1/../../../../arm-none-eabi/lib/thumb/v7e-m+fp/hard\libm.a(libm_a-k_rem_pio2.o)
 .rodata.init_jk
                0x0800e0b8       0x10 C:/ST/STM32CubeIDE_1.17.0/STM32CubeIDE/plugins/com.st.stm32cube.ide.mcu.externaltools.gnu-tools-for-stm32.12.3.rel1.win32_1.1.0.202410251130/tools/bin/../lib/gcc/arm-none-eabi/12.3.1/../../../../arm-none-eabi/lib/thumb/v7e-m+fp/hard\libm.a(libm_a-k_rem_pio2.o)
                0x0800e0c8                        . = ALIGN (0x4)

.ARM.extab      0x0800e0c8        0x0
                0x0800e0c8                        . = ALIGN (0x4)
 *(.ARM.extab* .gnu.linkonce.armextab.*)
                0x0800e0c8                        . = ALIGN (0x4)

.ARM            0x0800e0c8        0x8
                0x0800e0c8                        . = ALIGN (0x4)
                0x0800e0c8                        __exidx_start = .
 *(.ARM.exidx*)
 .ARM.exidx     0x0800e0c8        0x8 C:/ST/STM32CubeIDE_1.17.0/STM32CubeIDE/plugins/com.st.stm32cube.ide.mcu.externaltools.gnu-tools-for-stm32.12.3.rel1.win32_1.1.0.202410251130/tools/bin/../lib/gcc/arm-none-eabi/12.3.1/../../../../arm-none-eabi/lib/thumb/v7e-m+fp/hard\libc_nano.a(libc_a-memchr.o)
 .ARM.exidx     0x0800e0d0        0x0 C:/ST/STM32CubeIDE_1.17.0/STM32CubeIDE/plugins/com.st.stm32cube.ide.mcu.externaltools.gnu-tools-for-stm32.12.3.rel1.win32_1.1.0.202410251130/tools/bin/../lib/gcc/arm-none-eabi/12.3.1/thumb/v7e-m+fp/hard\libgcc.a(_udivmoddi4.o)
                                  0x8 (size before relaxing)
                0x0800e0d0                        __exidx_end = .
                0x0800e0d0                        . = ALIGN (0x4)

.preinit_array  0x0800e0d0        0x0
                0x0800e0d0                        . = ALIGN (0x4)
                0x0800e0d0                        PROVIDE (__preinit_array_start = .)
 *(.preinit_array*)
                0x0800e0d0                        PROVIDE (__preinit_array_end = .)
                0x0800e0d0                        . = ALIGN (0x4)

.init_array     0x0800e0d0        0x4
                0x0800e0d0                        . = ALIGN (0x4)
                0x0800e0d0                        PROVIDE (__init_array_start = .)
 *(SORT_BY_NAME(.init_array.*))
 *(.init_array*)
 .init_array    0x0800e0d0        0x4 C:/ST/STM32CubeIDE_1.17.0/STM32CubeIDE/plugins/com.st.stm32cube.ide.mcu.externaltools.gnu-tools-for-stm32.12.3.rel1.win32_1.1.0.202410251130/tools/bin/../lib/gcc/arm-none-eabi/12.3.1/thumb/v7e-m+fp/hard/crtbegin.o
                0x0800e0d4                        PROVIDE (__init_array_end = .)
                0x0800e0d4                        . = ALIGN (0x4)

.fini_array     0x0800e0d4        0x4
                0x0800e0d4                        . = ALIGN (0x4)
                [!provide]                        PROVIDE (__fini_array_start = .)
 *(SORT_BY_NAME(.fini_array.*))
 *(.fini_array*)
 .fini_array    0x0800e0d4        0x4 C:/ST/STM32CubeIDE_1.17.0/STM32CubeIDE/plugins/com.st.stm32cube.ide.mcu.externaltools.gnu-tools-for-stm32.12.3.rel1.win32_1.1.0.202410251130/tools/bin/../lib/gcc/arm-none-eabi/12.3.1/thumb/v7e-m+fp/hard/crtbegin.o
                [!provide]                        PROVIDE (__fini_array_end = .)
                0x0800e0d8                        . = ALIGN (0x4)
                0x0800e0d8                        _sidata = LOADADDR (.data)

.rel.dyn        0x0800e0d8        0x0
 .rel.iplt      0x0800e0d8        0x0 C:/ST/STM32CubeIDE_1.17.0/STM32CubeIDE/plugins/com.st.stm32cube.ide.mcu.externaltools.gnu-tools-for-stm32.12.3.rel1.win32_1.1.0.202410251130/tools/bin/../lib/gcc/arm-none-eabi/12.3.1/thumb/v7e-m+fp/hard/crtbegin.o

.data           0x20000000       0xa0 load address 0x0800e0d8
                0x20000000                        . = ALIGN (0x4)
                0x20000000                        _sdata = .
 *(.data)
 *(.data*)
 .data.accelScale
                0x20000000        0x2 ./Core/Src/bno055.o
                0x20000000                accelScale
 .data.angularRateScale
                0x20000002        0x2 ./Core/Src/bno055.o
                0x20000002                angularRateScale
 .data.eulerScale
                0x20000004        0x2 ./Core/Src/bno055.o
                0x20000004                eulerScale
 .data.magScale
                0x20000006        0x2 ./Core/Src/bno055.o
                0x20000006                magScale
 .data.quaScale
                0x20000008        0x2 ./Core/Src/bno055.o
                0x20000008                quaScale
 .data.ModeCount
                0x2000000a        0x1 ./Core/Src/main.o
                0x2000000a                ModeCount
 .data.pid      0x2000000b        0x1 ./Core/Src/main.o
                0x2000000b                pid
 .data.angular_kp
                0x2000000c        0x4 ./Core/Src/main.o
                0x2000000c                angular_kp
 .data.angular_kd
                0x20000010        0x4 ./Core/Src/main.o
                0x20000010                angular_kd
 .data.Area1_StaffHeight
                0x20000014        0x1 ./Core/Src/main.o
                0x20000014                Area1_StaffHeight
 *fill*         0x20000015        0x3 
 .data.KFS_height_set
                0x20000018        0x4 ./Core/Src/main.o
                0x20000018                KFS_height_set
 .data.Gripper_Access_Array
                0x2000001c        0x5 ./Core/Src/main.o
                0x2000001c                Gripper_Access_Array
 *fill*         0x20000021        0x3 
 .data.SystemCoreClock
                0x20000024        0x4 ./Core/Src/system_stm32f4xx.o
                0x20000024                SystemCoreClock
 .data.uwTickPrio
                0x20000028        0x4 ./Drivers/STM32F4xx_HAL_Driver/Src/stm32f4xx_hal.o
                0x20000028                uwTickPrio
 .data.uwTickFreq
                0x2000002c        0x1 ./Drivers/STM32F4xx_HAL_Driver/Src/stm32f4xx_hal.o
                0x2000002c                uwTickFreq
 *fill*         0x2000002d        0x3 
 .data.__sglue  0x20000030        0xc C:/ST/STM32CubeIDE_1.17.0/STM32CubeIDE/plugins/com.st.stm32cube.ide.mcu.externaltools.gnu-tools-for-stm32.12.3.rel1.win32_1.1.0.202410251130/tools/bin/../lib/gcc/arm-none-eabi/12.3.1/../../../../arm-none-eabi/lib/thumb/v7e-m+fp/hard\libc_nano.a(libc_a-findfp.o)
                0x20000030                __sglue
 .data._impure_ptr
                0x2000003c        0x4 C:/ST/STM32CubeIDE_1.17.0/STM32CubeIDE/plugins/com.st.stm32cube.ide.mcu.externaltools.gnu-tools-for-stm32.12.3.rel1.win32_1.1.0.202410251130/tools/bin/../lib/gcc/arm-none-eabi/12.3.1/../../../../arm-none-eabi/lib/thumb/v7e-m+fp/hard\libc_nano.a(libc_a-impure.o)
                0x2000003c                _impure_ptr
 .data._impure_data
                0x20000040       0x4c C:/ST/STM32CubeIDE_1.17.0/STM32CubeIDE/plugins/com.st.stm32cube.ide.mcu.externaltools.gnu-tools-for-stm32.12.3.rel1.win32_1.1.0.202410251130/tools/bin/../lib/gcc/arm-none-eabi/12.3.1/../../../../arm-none-eabi/lib/thumb/v7e-m+fp/hard\libc_nano.a(libc_a-impure.o)
                0x20000040                _impure_data
 *fill*         0x2000008c        0x4 
 .data.tiny     0x20000090        0x8 C:/ST/STM32CubeIDE_1.17.0/STM32CubeIDE/plugins/com.st.stm32cube.ide.mcu.externaltools.gnu-tools-for-stm32.12.3.rel1.win32_1.1.0.202410251130/tools/bin/../lib/gcc/arm-none-eabi/12.3.1/../../../../arm-none-eabi/lib/thumb/v7e-m+fp/hard\libm.a(libm_a-e_sqrt.o)
 .data.one      0x20000098        0x8 C:/ST/STM32CubeIDE_1.17.0/STM32CubeIDE/plugins/com.st.stm32cube.ide.mcu.externaltools.gnu-tools-for-stm32.12.3.rel1.win32_1.1.0.202410251130/tools/bin/../lib/gcc/arm-none-eabi/12.3.1/../../../../arm-none-eabi/lib/thumb/v7e-m+fp/hard\libm.a(libm_a-e_sqrt.o)
 *(.RamFunc)
 *(.RamFunc*)
                0x200000a0                        . = ALIGN (0x4)
                0x200000a0                        _edata = .

.igot.plt       0x200000a0        0x0 load address 0x0800e178
 .igot.plt      0x200000a0        0x0 C:/ST/STM32CubeIDE_1.17.0/STM32CubeIDE/plugins/com.st.stm32cube.ide.mcu.externaltools.gnu-tools-for-stm32.12.3.rel1.win32_1.1.0.202410251130/tools/bin/../lib/gcc/arm-none-eabi/12.3.1/thumb/v7e-m+fp/hard/crtbegin.o
                0x200000a0                        . = ALIGN (0x4)

.bss            0x200000a0      0x774 load address 0x0800e178
                0x200000a0                        _sbss = .
                0x200000a0                        __bss_start__ = _sbss
 *(.bss)
 .bss           0x200000a0       0x1c C:/ST/STM32CubeIDE_1.17.0/STM32CubeIDE/plugins/com.st.stm32cube.ide.mcu.externaltools.gnu-tools-for-stm32.12.3.rel1.win32_1.1.0.202410251130/tools/bin/../lib/gcc/arm-none-eabi/12.3.1/thumb/v7e-m+fp/hard/crtbegin.o
 *(.bss*)
 .bss._bno055_i2c_port
                0x200000bc        0x4 ./Core/Src/main.o
                0x200000bc                _bno055_i2c_port
 .bss.PCA       0x200000c0        0x8 ./Core/Src/main.o
                0x200000c0                PCA
 .bss.m1        0x200000c8       0x20 ./Core/Src/main.o
                0x200000c8                m1
 .bss.m2        0x200000e8       0x20 ./Core/Src/main.o
                0x200000e8                m2
 .bss.m3        0x20000108       0x20 ./Core/Src/main.o
                0x20000108                m3
 .bss.SM1       0x20000128       0x20 ./Core/Src/main.o
                0x20000128                SM1
 .bss.Belt      0x20000148       0x20 ./Core/Src/main.o
                0x20000148                Belt
 .bss.Turret    0x20000168       0x20 ./Core/Src/main.o
                0x20000168                Turret
 .bss.conveyer  0x20000188       0x20 ./Core/Src/main.o
                0x20000188                conveyer
 .bss.Turr_enc  0x200001a8       0x18 ./Core/Src/main.o
                0x200001a8                Turr_enc
 .bss.Kfsluna   0x200001c0       0x10 ./Core/Src/main.o
                0x200001c0                Kfsluna
 .bss.Staffluna
                0x200001d0       0x10 ./Core/Src/main.o
                0x200001d0                Staffluna
 .bss.Kfsluna_Data
                0x200001e0        0xc ./Core/Src/main.o
                0x200001e0                Kfsluna_Data
 .bss.Staffluna_Data
                0x200001ec        0xc ./Core/Src/main.o
                0x200001ec                Staffluna_Data
 .bss.hfmpi2c1  0x200001f8       0x54 ./Core/Src/main.o
                0x200001f8                hfmpi2c1
 .bss.hi2c1     0x2000024c       0x54 ./Core/Src/main.o
                0x2000024c                hi2c1
 .bss.hi2c2     0x200002a0       0x54 ./Core/Src/main.o
                0x200002a0                hi2c2
 .bss.htim1     0x200002f4       0x48 ./Core/Src/main.o
                0x200002f4                htim1
 .bss.htim4     0x2000033c       0x48 ./Core/Src/main.o
                0x2000033c                htim4
 .bss.htim5     0x20000384       0x48 ./Core/Src/main.o
                0x20000384                htim5
 .bss.htim6     0x200003cc       0x48 ./Core/Src/main.o
                0x200003cc                htim6
 .bss.htim7     0x20000414       0x48 ./Core/Src/main.o
                0x20000414                htim7
 .bss.htim8     0x2000045c       0x48 ./Core/Src/main.o
                0x2000045c                htim8
 .bss.htim9     0x200004a4       0x48 ./Core/Src/main.o
                0x200004a4                htim9
 .bss.htim12    0x200004ec       0x48 ./Core/Src/main.o
                0x200004ec                htim12
 .bss.huart5    0x20000534       0x48 ./Core/Src/main.o
                0x20000534                huart5
 .bss.huart2    0x2000057c       0x48 ./Core/Src/main.o
                0x2000057c                huart2
 .bss.huart3    0x200005c4       0x48 ./Core/Src/main.o
                0x200005c4                huart3
 .bss.Turret_AngleNow
                0x2000060c        0x4 ./Core/Src/main.o
                0x2000060c                Turret_AngleNow
 .bss.Turret_Error
                0x20000610        0x4 ./Core/Src/main.o
                0x20000610                Turret_Error
 .bss.Turret_Output
                0x20000614        0x4 ./Core/Src/main.o
                0x20000614                Turret_Output
 .bss.L_joystick_x
                0x20000618        0x1 ./Core/Src/main.o
                0x20000618                L_joystick_x
 .bss.L_joystick_y
                0x20000619        0x1 ./Core/Src/main.o
                0x20000619                L_joystick_y
 .bss.R_joystick_y
                0x2000061a        0x1 ./Core/Src/main.o
                0x2000061a                R_joystick_y
 .bss.omega     0x2000061b        0x1 ./Core/Src/main.o
                0x2000061b                omega
 .bss.right     0x2000061c        0x1 ./Core/Src/main.o
                0x2000061c                right
 .bss.down      0x2000061d        0x1 ./Core/Src/main.o
                0x2000061d                down
 .bss.up        0x2000061e        0x1 ./Core/Src/main.o
                0x2000061e                up
 .bss.left      0x2000061f        0x1 ./Core/Src/main.o
                0x2000061f                left
 .bss.square    0x20000620        0x1 ./Core/Src/main.o
                0x20000620                square
 .bss.cross     0x20000621        0x1 ./Core/Src/main.o
                0x20000621                cross
 .bss.circle    0x20000622        0x1 ./Core/Src/main.o
                0x20000622                circle
 .bss.triangle  0x20000623        0x1 ./Core/Src/main.o
                0x20000623                triangle
 .bss.PS        0x20000624        0x1 ./Core/Src/main.o
                0x20000624                PS
 .bss.Touchpad  0x20000625        0x1 ./Core/Src/main.o
                0x20000625                Touchpad
 .bss.Options   0x20000626        0x1 ./Core/Src/main.o
                0x20000626                Options
 .bss.Share     0x20000627        0x1 ./Core/Src/main.o
                0x20000627                Share
 .bss.R3        0x20000628        0x1 ./Core/Src/main.o
                0x20000628                R3
 .bss.L3        0x20000629        0x1 ./Core/Src/main.o
                0x20000629                L3
 .bss.R1        0x2000062a        0x1 ./Core/Src/main.o
                0x2000062a                R1
 .bss.L1        0x2000062b        0x1 ./Core/Src/main.o
                0x2000062b                L1
 .bss.square_prev
                0x2000062c        0x1 ./Core/Src/main.o
                0x2000062c                square_prev
 .bss.cross_prev
                0x2000062d        0x1 ./Core/Src/main.o
                0x2000062d                cross_prev
 .bss.circle_prev
                0x2000062e        0x1 ./Core/Src/main.o
                0x2000062e                circle_prev
 .bss.triangle_prev
                0x2000062f        0x1 ./Core/Src/main.o
                0x2000062f                triangle_prev
 .bss.PS_prev   0x20000630        0x1 ./Core/Src/main.o
                0x20000630                PS_prev
 .bss.Touchpad_prev
                0x20000631        0x1 ./Core/Src/main.o
                0x20000631                Touchpad_prev
 .bss.Options_prev
                0x20000632        0x1 ./Core/Src/main.o
                0x20000632                Options_prev
 .bss.Share_prev
                0x20000633        0x1 ./Core/Src/main.o
                0x20000633                Share_prev
 .bss.R3_prev   0x20000634        0x1 ./Core/Src/main.o
                0x20000634                R3_prev
 .bss.L3_prev   0x20000635        0x1 ./Core/Src/main.o
                0x20000635                L3_prev
 .bss.square_clicked
                0x20000636        0x1 ./Core/Src/main.o
                0x20000636                square_clicked
 .bss.triangle_clicked
                0x20000637        0x1 ./Core/Src/main.o
                0x20000637                triangle_clicked
 .bss.circle_clicked
                0x20000638        0x1 ./Core/Src/main.o
                0x20000638                circle_clicked
 .bss.cross_clicked
                0x20000639        0x1 ./Core/Src/main.o
                0x20000639                cross_clicked
 .bss.PS_clicked
                0x2000063a        0x1 ./Core/Src/main.o
                0x2000063a                PS_clicked
 .bss.R3_clicked
                0x2000063b        0x1 ./Core/Src/main.o
                0x2000063b                R3_clicked
 .bss.L3_clicked
                0x2000063c        0x1 ./Core/Src/main.o
                0x2000063c                L3_clicked
 .bss.Touchpad_clicked
                0x2000063d        0x1 ./Core/Src/main.o
                0x2000063d                Touchpad_clicked
 .bss.Options_clicked
                0x2000063e        0x1 ./Core/Src/main.o
                0x2000063e                Options_clicked
 .bss.Share_clicked
                0x2000063f        0x1 ./Core/Src/main.o
                0x2000063f                Share_clicked
 .bss.square_last
                0x20000640        0x1 ./Core/Src/main.o
 .bss.triangle_last
                0x20000641        0x1 ./Core/Src/main.o
 .bss.circle_last
                0x20000642        0x1 ./Core/Src/main.o
 .bss.cross_last
                0x20000643        0x1 ./Core/Src/main.o
 .bss.PS_last   0x20000644        0x1 ./Core/Src/main.o
 .bss.R3_last   0x20000645        0x1 ./Core/Src/main.o
 .bss.L3_last   0x20000646        0x1 ./Core/Src/main.o
 .bss.Touchpad_last
                0x20000647        0x1 ./Core/Src/main.o
 .bss.Options_last
                0x20000648        0x1 ./Core/Src/main.o
 .bss.Share_last
                0x20000649        0x1 ./Core/Src/main.o
 .bss.rxByte    0x2000064a        0x1 ./Core/Src/main.o
                0x2000064a                rxByte
 *fill*         0x2000064b        0x1 
 .bss.data      0x2000064c        0x6 ./Core/Src/main.o
                0x2000064c                data
 .bss.receiving
                0x20000652        0x1 ./Core/Src/main.o
                0x20000652                receiving
 .bss.index1    0x20000653        0x1 ./Core/Src/main.o
                0x20000653                index1
 .bss.flag      0x20000654        0x1 ./Core/Src/main.o
                0x20000654                flag
 *fill*         0x20000655        0x3 
 .bss.t_start   0x20000658        0x4 ./Core/Src/main.o
                0x20000658                t_start
 .bss.t_end     0x2000065c        0x4 ./Core/Src/main.o
                0x2000065c                t_end
 .bss.dt        0x20000660        0x4 ./Core/Src/main.o
                0x20000660                dt
 .bss.angular_ki
                0x20000664        0x4 ./Core/Src/main.o
                0x20000664                angular_ki
 .bss.angular_p
                0x20000668        0x4 ./Core/Src/main.o
                0x20000668                angular_p
 .bss.angular_i
                0x2000066c        0x4 ./Core/Src/main.o
                0x2000066c                angular_i
 .bss.angular_d
                0x20000670        0x4 ./Core/Src/main.o
                0x20000670                angular_d
 .bss.angular_error
                0x20000674        0x4 ./Core/Src/main.o
                0x20000674                angular_error
 .bss.prev_angular_error
                0x20000678        0x4 ./Core/Src/main.o
                0x20000678                prev_angular_error
 .bss.change_in_angular_error
                0x2000067c        0x4 ./Core/Src/main.o
                0x2000067c                change_in_angular_error
 .bss.angular_correction
                0x20000680        0x4 ./Core/Src/main.o
                0x20000680                angular_correction
 .bss.target_heading
                0x20000684        0x4 ./Core/Src/main.o
                0x20000684                target_heading
 .bss.pwm1      0x20000688        0x4 ./Core/Src/main.o
                0x20000688                pwm1
 .bss.pwm2      0x2000068c        0x4 ./Core/Src/main.o
                0x2000068c                pwm2
 .bss.pwm3      0x20000690        0x4 ./Core/Src/main.o
                0x20000690                pwm3
 .bss.bot_vel   0x20000694        0x4 ./Core/Src/main.o
                0x20000694                bot_vel
 .bss.theta     0x20000698        0x4 ./Core/Src/main.o
                0x20000698                theta
 .bss.current_heading
                0x2000069c        0x4 ./Core/Src/main.o
                0x2000069c                current_heading
 .bss.imu       0x200006a0        0x1 ./Core/Src/main.o
                0x200006a0                imu
 .bss.Count_Servo_Set1
                0x200006a1        0x1 ./Core/Src/main.o
                0x200006a1                Count_Servo_Set1
 .bss.Count_Servo_Set2
                0x200006a2        0x1 ./Core/Src/main.o
                0x200006a2                Count_Servo_Set2
 .bss.Area1_height_count
                0x200006a3        0x1 ./Core/Src/main.o
                0x200006a3                Area1_height_count
 .bss.Area1_PWMOutputStaff
                0x200006a4        0x1 ./Core/Src/main.o