Archive member included to satisfy reference by file (symbol)

C:/ST/STM32CubeIDE_1.17.0/STM32CubeIDE/plugins/com.st.stm32cube.ide.mcu.externaltools.gnu-tools-for-stm32.12.3.rel1.win32_1.1.0.202410251130/tools/bin/../lib/gcc/arm-none-eabi/12.3.1/../../../../arm-none-eabi/lib/thumb/v7e-m+fp/hard\libc_nano.a(libc_a-exit.o)
                              C:/ST/STM32CubeIDE_1.17.0/STM32CubeIDE/plugins/com.st.stm32cube.ide.mcu.externaltools.gnu-tools-for-stm32.12.3.rel1.win32_1.1.0.202410251130/tools/bin/../lib/gcc/arm-none-eabi/12.3.1/../../../../arm-none-eabi/lib/thumb/v7e-m+fp/hard/crt0.o (exit)
C:/ST/STM32CubeIDE_1.17.0/STM32CubeIDE/plugins/com.st.stm32cube.ide.mcu.externaltools.gnu-tools-for-stm32.12.3.rel1.win32_1.1.0.202410251130/tools/bin/../lib/gcc/arm-none-eabi/12.3.1/../../../../arm-none-eabi/lib/thumb/v7e-m+fp/hard\libc_nano.a(libc_a-findfp.o)
                              C:/ST/STM32CubeIDE_1.17.0/STM32CubeIDE/plugins/com.st.stm32cube.ide.mcu.externaltools.gnu-tools-for-stm32.12.3.rel1.win32_1.1.0.202410251130/tools/bin/../lib/gcc/arm-none-eabi/12.3.1/../../../../arm-none-eabi/lib/thumb/v7e-m+fp/hard\libc_nano.a(libc_a-exit.o) (__stdio_exit_handler)
C:/ST/STM32CubeIDE_1.17.0/STM32CubeIDE/plugins/com.st.stm32cube.ide.mcu.externaltools.gnu-tools-for-stm32.12.3.rel1.win32_1.1.0.202410251130/tools/bin/../lib/gcc/arm-none-eabi/12.3.1/../../../../arm-none-eabi/lib/thumb/v7e-m+fp/hard\libc_nano.a(libc_a-fwalk.o)
                              C:/ST/STM32CubeIDE_1.17.0/STM32CubeIDE/plugins/com.st.stm32cube.ide.mcu.externaltools.gnu-tools-for-stm32.12.3.rel1.win32_1.1.0.202410251130/tools/bin/../lib/gcc/arm-none-eabi/12.3.1/../../../../arm-none-eabi/lib/thumb/v7e-m+fp/hard\libc_nano.a(libc_a-findfp.o) (_fwalk_sglue)
C:/ST/STM32CubeIDE_1.17.0/STM32CubeIDE/plugins/com.st.stm32cube.ide.mcu.externaltools.gnu-tools-for-stm32.12.3.rel1.win32_1.1.0.202410251130/tools/bin/../lib/gcc/arm-none-eabi/12.3.1/../../../../arm-none-eabi/lib/thumb/v7e-m+fp/hard\libc_nano.a(libc_a-stdio.o)
                              C:/ST/STM32CubeIDE_1.17.0/STM32CubeIDE/plugins/com.st.stm32cube.ide.mcu.externaltools.gnu-tools-for-stm32.12.3.rel1.win32_1.1.0.202410251130/tools/bin/../lib/gcc/arm-none-eabi/12.3.1/../../../../arm-none-eabi/lib/thumb/v7e-m+fp/hard\libc_nano.a(libc_a-findfp.o) (__sread)
C:/ST/STM32CubeIDE_1.17.0/STM32CubeIDE/plugins/com.st.stm32cube.ide.mcu.externaltools.gnu-tools-for-stm32.12.3.rel1.win32_1.1.0.202410251130/tools/bin/../lib/gcc/arm-none-eabi/12.3.1/../../../../arm-none-eabi/lib/thumb/v7e-m+fp/hard\libc_nano.a(libc_a-memset.o)
                              C:/ST/STM32CubeIDE_1.17.0/STM32CubeIDE/plugins/com.st.stm32cube.ide.mcu.externaltools.gnu-tools-for-stm32.12.3.rel1.win32_1.1.0.202410251130/tools/bin/../lib/gcc/arm-none-eabi/12.3.1/../../../../arm-none-eabi/lib/thumb/v7e-m+fp/hard/crt0.o (memset)
C:/ST/STM32CubeIDE_1.17.0/STM32CubeIDE/plugins/com.st.stm32cube.ide.mcu.externaltools.gnu-tools-for-stm32.12.3.rel1.win32_1.1.0.202410251130/tools/bin/../lib/gcc/arm-none-eabi/12.3.1/../../../../arm-none-eabi/lib/thumb/v7e-m+fp/hard\libc_nano.a(libc_a-closer.o)
                              C:/ST/STM32CubeIDE_1.17.0/STM32CubeIDE/plugins/com.st.stm32cube.ide.mcu.externaltools.gnu-tools-for-stm32.12.3.rel1.win32_1.1.0.202410251130/tools/bin/../lib/gcc/arm-none-eabi/12.3.1/../../../../arm-none-eabi/lib/thumb/v7e-m+fp/hard\libc_nano.a(libc_a-stdio.o) (_close_r)
C:/ST/STM32CubeIDE_1.17.0/STM32CubeIDE/plugins/com.st.stm32cube.ide.mcu.externaltools.gnu-tools-for-stm32.12.3.rel1.win32_1.1.0.202410251130/tools/bin/../lib/gcc/arm-none-eabi/12.3.1/../../../../arm-none-eabi/lib/thumb/v7e-m+fp/hard\libc_nano.a(libc_a-reent.o)
                              C:/ST/STM32CubeIDE_1.17.0/STM32CubeIDE/plugins/com.st.stm32cube.ide.mcu.externaltools.gnu-tools-for-stm32.12.3.rel1.win32_1.1.0.202410251130/tools/bin/../lib/gcc/arm-none-eabi/12.3.1/../../../../arm-none-eabi/lib/thumb/v7e-m+fp/hard\libc_nano.a(libc_a-closer.o) (errno)
C:/ST/STM32CubeIDE_1.17.0/STM32CubeIDE/plugins/com.st.stm32cube.ide.mcu.externaltools.gnu-tools-for-stm32.12.3.rel1.win32_1.1.0.202410251130/tools/bin/../lib/gcc/arm-none-eabi/12.3.1/../../../../arm-none-eabi/lib/thumb/v7e-m+fp/hard\libc_nano.a(libc_a-impure.o)
                              C:/ST/STM32CubeIDE_1.17.0/STM32CubeIDE/plugins/com.st.stm32cube.ide.mcu.externaltools.gnu-tools-for-stm32.12.3.rel1.win32_1.1.0.202410251130/tools/bin/../lib/gcc/arm-none-eabi/12.3.1/../../../../arm-none-eabi/lib/thumb/v7e-m+fp/hard\libc_nano.a(libc_a-reent.o) (_impure_ptr)
C:/ST/STM32CubeIDE_1.17.0/STM32CubeIDE/plugins/com.st.stm32cube.ide.mcu.externaltools.gnu-tools-for-stm32.12.3.rel1.win32_1.1.0.202410251130/tools/bin/../lib/gcc/arm-none-eabi/12.3.1/../../../../arm-none-eabi/lib/thumb/v7e-m+fp/hard\libc_nano.a(libc_a-lseekr.o)
[...]
Memory Configuration

Name             Origin             Length             Attributes
RAM              0x20000000         0x00020000         xrw
FLASH            0x08000000         0x00080000         xr
*default*        0x00000000         0xffffffff

Linker script and memory map

LOAD C:/ST/STM32CubeIDE_1.17.0/STM32CubeIDE/plugins/com.st.stm32cube.ide.mcu.externaltools.gnu-tools-for-stm32.12.3.rel1.win32_1.1.0.202410251130/tools/bin/../lib/gcc/arm-none-eabi/12.3.1/thumb/v7e-m+fp/hard/crti.o
LOAD C:/ST/STM32CubeIDE_1.17.0/STM32CubeIDE/plugins/com.st.stm32cube.ide.mcu.externaltools.gnu-tools-for-stm32.12.3.rel1.win32_1.1.0.202410251130/tools/bin/../lib/gcc/arm-none-eabi/12.3.1/thumb/v7e-m+fp/hard/crtbegin.o
LOAD C:/ST/STM32CubeIDE_1.17.0/STM32CubeIDE/plugins/com.st.stm32cube.ide.mcu.externaltools.gnu-tools-for-stm32.12.3.rel1.win32_1.1.0.202410251130/tools/bin/../lib/gcc/arm-none-eabi/12.3.1/../../../../arm-none-eabi/lib/thumb/v7e-m+fp/hard/crt0.o
LOAD ./Core/Src/main.o
LOAD ./Core/Src/stm32f4xx_hal_msp.o
LOAD ./Core/Src/stm32f4xx_it.o
LOAD ./Core/Src/syscalls.o
LOAD ./Core/Src/sysmem.o
LOAD ./Core/Src/system_stm32f4xx.o
LOAD ./Core/Startup/startup_stm32f446zetx.o
LOAD ./Drivers/STM32F4xx_HAL_Driver/Src/stm32f4xx_hal.o
LOAD ./Drivers/STM32F4xx_HAL_Driver/Src/stm32f4xx_hal_cortex.o
LOAD ./Drivers/STM32F4xx_HAL_Driver/Src/stm32f4xx_hal_dma.o
LOAD ./Drivers/STM32F4xx_HAL_Driver/Src/stm32f4xx_hal_dma_ex.o
LOAD ./Drivers/STM32F4xx_HAL_Driver/Src/stm32f4xx_hal_exti.o
LOAD ./Drivers/STM32F4xx_HAL_Driver/Src/stm32f4xx_hal_flash.o
LOAD ./Drivers/STM32F4xx_HAL_Driver/Src/stm32f4xx_hal_flash_ex.o
LOAD ./Drivers/STM32F4xx_HAL_Driver/Src/stm32f4xx_hal_flash_ramfunc.o
LOAD ./Drivers/STM32F4xx_HAL_Driver/Src/stm32f4xx_hal_gpio.o
LOAD ./Drivers/STM32F4xx_HAL_Driver/Src/stm32f4xx_hal_pcd.o
LOAD ./Drivers/STM32F4xx_HAL_Driver/Src/stm32f4xx_hal_pcd_ex.o
LOAD ./Drivers/STM32F4xx_HAL_Driver/Src/stm32f4xx_hal_pwr.o
LOAD ./Drivers/STM32F4xx_HAL_Driver/Src/stm32f4xx_hal_pwr_ex.o
LOAD ./Drivers/STM32F4xx_HAL_Driver/Src/stm32f4xx_hal_rcc.o
LOAD ./Drivers/STM32F4xx_HAL_Driver/Src/stm32f4xx_hal_rcc_ex.o
LOAD ./Drivers/STM32F4xx_HAL_Driver/Src/stm32f4xx_ll_usb.o
LOAD ./Middlewares/ST/STM32_USB_Device_Library/Class/CDC/Src/usbd_cdc.o
LOAD ./Middlewares/ST/STM32_USB_Device_Library/Core/Src/usbd_core.o
LOAD ./Middlewares/ST/STM32_USB_Device_Library/Core/Src/usbd_ctlreq.o
LOAD ./Middlewares/ST/STM32_USB_Device_Library/Core/Src/usbd_ioreq.o
LOAD ./USB_DEVICE/App/usb_device.o
LOAD ./USB_DEVICE/App/usbd_cdc_if.o
LOAD ./USB_DEVICE/App/usbd_desc.o
LOAD ./USB_DEVICE/Target/usbd_conf.o
START GROUP
LOAD C:/ST/STM32CubeIDE_1.17.0/STM32CubeIDE/plugins/com.st.stm32cube.ide.mcu.externaltools.gnu-tools-for-stm32.12.3.rel1.win32_1.1.0.202410251130/tools/bin/../lib/gcc/arm-none-eabi/12.3.1/../../../../arm-none-eabi/lib/thumb/v7e-m+fp/hard\libc_nano.a
LOAD C:/ST/STM32CubeIDE_1.17.0/STM32CubeIDE/plugins/com.st.stm32cube.ide.mcu.externaltools.gnu-tools-for-stm32.12.3.rel1.win32_1.1.0.202410251130/tools/bin/../lib/gcc/arm-none-eabi/12.3.1/../../../../arm-none-eabi/lib/thumb/v7e-m+fp/hard\libm.a
END GROUP
START GROUP
LOAD C:/ST/STM32CubeIDE_1.17.0/STM32CubeIDE/plugins/com.st.stm32cube.ide.mcu.externaltools.gnu-tools-for-stm32.12.3.rel1.win32_1.1.0.202410251130/tools/bin/../lib/gcc/arm-none-eabi/12.3.1/thumb/v7e-m+fp/hard\libgcc.a
LOAD C:/ST/STM32CubeIDE_1.17.0/STM32CubeIDE/plugins/com.st.stm32cube.ide.mcu.externaltools.gnu-tools-for-stm32.12.3.rel1.win32_1.1.0.202410251130/tools/bin/../lib/gcc/arm-none-eabi/12.3.1/../../../../arm-none-eabi/lib/thumb/v7e-m+fp/hard\libc_nano.a
END GROUP
START GROUP
LOAD C:/ST/STM32CubeIDE_1.17.0/STM32CubeIDE/plugins/com.st.stm32cube.ide.mcu.externaltools.gnu-tools-for-stm32.12.3.rel1.win32_1.1.0.202410251130/tools/bin/../lib/gcc/arm-none-eabi/12.3.1/thumb/v7e-m+fp/hard\libgcc.a
LOAD C:/ST/STM32CubeIDE_1.17.0/STM32CubeIDE/plugins/com.st.stm32cube.ide.mcu.externaltools.gnu-tools-for-stm32.12.3.rel1.win32_1.1.0.202410251130/tools/bin/../lib/gcc/arm-none-eabi/12.3.1/../../../../arm-none-eabi/lib/thumb/v7e-m+fp/hard\libc_nano.a
LOAD C:/ST/STM32CubeIDE_1.17.0/STM32CubeIDE/plugins/com.st.stm32cube.ide.mcu.externaltools.gnu-tools-for-stm32.12.3.rel1.win32_1.1.0.202410251130/tools/bin/../lib/gcc/arm-none-eabi/12.3.1/../../../../arm-none-eabi/lib/thumb/v7e-m+fp/hard\libnosys.a
END GROUP
START GROUP
LOAD C:/ST/STM32CubeIDE_1.17.0/STM32CubeIDE/plugins/com.st.stm32cube.ide.mcu.externaltools.gnu-tools-for-stm32.12.3.rel1.win32_1.1.0.202410251130/tools/bin/../lib/gcc/arm-none-eabi/12.3.1/thumb/v7e-m+fp/hard\libgcc.a
LOAD C:/ST/STM32CubeIDE_1.17.0/STM32CubeIDE/plugins/com.st.stm32cube.ide.mcu.externaltools.gnu-tools-for-stm32.12.3.rel1.win32_1.1.0.202410251130/tools/bin/../lib/gcc/arm-none-eabi/12.3.1/../../../../arm-none-eabi/lib/thumb/v7e-m+fp/hard\libc_nano.a
LOAD C:/ST/STM32CubeIDE_1.17.0/STM32CubeIDE/plugins/com.st.stm32cube.ide.mcu.externaltools.gnu-tools-for-stm32.12.3.rel1.win32_1.1.0.202410251130/tools/bin/../lib/gcc/arm-none-eabi/12.3.1/../../../../arm-none-eabi/lib/thumb/v7e-m+fp/hard\libnosys.a
END GROUP
LOAD C:/ST/STM32CubeIDE_1.17.0/STM32CubeIDE/plugins/com.st.stm32cube.ide.mcu.externaltools.gnu-tools-for-stm32.12.3.rel1.win32_1.1.0.202410251130/tools/bin/../lib/gcc/arm-none-eabi/12.3.1/thumb/v7e-m+fp/hard/crtend.o
LOAD C:/ST/STM32CubeIDE_1.17.0/STM32CubeIDE/plugins/com.st.stm32cube.ide.mcu.externaltools.gnu-tools-for-stm32.12.3.rel1.win32_1.1.0.202410251130/tools/bin/../lib/gcc/arm-none-eabi/12.3.1/thumb/v7e-m+fp/hard/crtn.o
                0x20020000                        _estack = (ORIGIN (RAM) + LENGTH (RAM))
                0x00000200                        _Min_Heap_Size = 0x200
                0x00000400                        _Min_Stack_Size = 0x400

.isr_vector     0x08000000      0x1c4
                0x08000000                        . = ALIGN (0x4)
 *(.isr_vector)
 .isr_vector    0x08000000      0x1c4 ./Core/Startup/startup_stm32f446zetx.o
                0x08000000                g_pfnVectors
                0x080001c4                        . = ALIGN (0x4)

.text           0x080001c4     0x7684
                0x080001c4                        . = ALIGN (0x4)
 *(.text)
 .text          0x080001c4       0x40 C:/ST/STM32CubeIDE_1.17.0/STM32CubeIDE/plugins/com.st.stm32cube.ide.mcu.externaltools.gnu-tools-for-stm32.12.3.rel1.win32_1.1.0.202410251130/tools/bin/../lib/gcc/arm-none-eabi/12.3.1/thumb/v7e-m+fp/hard/crtbegin.o
 .text          0x08000204       0x30 C:/ST/STM32CubeIDE_1.17.0/STM32CubeIDE/plugins/com.st.stm32cube.ide.mcu.externaltools.gnu-tools-for-stm32.12.3.rel1.win32_1.1.0.202410251130/tools/bin/../lib/gcc/arm-none-eabi/12.3.1/thumb/v7e-m+fp/hard\libgcc.a(_aeabi_uldivmod.o)
                0x08000204                __aeabi_uldivmod
 .text          0x08000234      0x2bc C:/ST/STM32CubeIDE_1.17.0/STM32CubeIDE/plugins/com.st.stm32cube.ide.mcu.externaltools.gnu-tools-for-stm32.12.3.rel1.win32_1.1.0.202410251130/tools/bin/../lib/gcc/arm-none-eabi/12.3.1/thumb/v7e-m+fp/hard\libgcc.a(_udivmoddi4.o)
                0x08000234                __udivmoddi4
 .text          0x080004f0        0x4 C:/ST/STM32CubeIDE_1.17.0/STM32CubeIDE/plugins/com.st.stm32cube.ide.mcu.externaltools.gnu-tools-for-stm32.12.3.rel1.win32_1.1.0.202410251130/tools/bin/../lib/gcc/arm-none-eabi/12.3.1/thumb/v7e-m+fp/hard\libgcc.a(_dvmd_tls.o)
                0x080004f0                __aeabi_idiv0
                0x080004f0                __aeabi_ldiv0
 *(.text*)
 .text.main     0x080004f4       0x2c ./Core/Src/main.o
                0x080004f4                main
 .text.SystemClock_Config
                0x08000520       0xe4 ./Core/Src/main.o
                0x08000520                SystemClock_Config
 .text.MX_GPIO_Init
                0x08000604       0x6c ./Core/Src/main.o
 .text.Error_Handler
                0x08000670        0xc ./Core/Src/main.o
                0x08000670                Error_Handler
 .text.HAL_MspInit
                0x0800067c       0x50 ./Core/Src/stm32f4xx_hal_msp.o
                0x0800067c                HAL_MspInit
 .text.NMI_Handler
                0x080006cc        0x8 ./Core/Src/stm32f4xx_it.o
                0x080006cc                NMI_Handler
 .text.HardFault_Handler
                0x080006d4        0x8 ./Core/Src/stm32f4xx_it.o
                0x080006d4                HardFault_Handler
 .text.MemManage_Handler
                0x080006dc        0x8 ./Core/Src/stm32f4xx_it.o
                0x080006dc                MemManage_Handler
 .text.BusFault_Handler
                0x080006e4        0x8 ./Core/Src/stm32f4xx_it.o
                0x080006e4                BusFault_Handler
 .text.UsageFault_Handler
                0x080006ec        0x8 ./Core/Src/stm32f4xx_it.o
                0x080006ec                UsageFault_Handler
 .text.SVC_Handler
                0x080006f4        0xe ./Core/Src/stm32f4xx_it.o
                0x080006f4                SVC_Handler
 .text.DebugMon_Handler
                0x08000702        0xe ./Core/Src/stm32f4xx_it.o
                0x08000702                DebugMon_Handler
 .text.PendSV_Handler
                0x08000710        0xe ./Core/Src/stm32f4xx_it.o
                0x08000710                PendSV_Handler
 .text.SysTick_Handler
                0x0800071e        0xc ./Core/Src/stm32f4xx_it.o
                0x0800071e                SysTick_Handler
 *fill*         0x0800072a        0x2 
 .text.OTG_FS_IRQHandler
                0x0800072c       0x14 ./Core/Src/stm32f4xx_it.o
                0x0800072c                OTG_FS_IRQHandler
 .text.SystemInit
                0x08000740       0x24 ./Core/Src/system_stm32f4xx.o
                0x08000740                SystemInit
 .text.Reset_Handler
                0x08000764       0x50 ./Core/Startup/startup_stm32f446zetx.o
                0x08000764                Reset_Handler
 .text.Default_Handler
                0x080007b4        0x2 ./Core/Startup/startup_stm32f446zetx.o
                0x080007b4                RTC_Alarm_IRQHandler
                0x080007b4                EXTI2_IRQHandler
                0x080007b4                TIM8_CC_IRQHandler
                0x080007b4                FMPI2C1_EV_IRQHandler
                0x080007b4                SPI4_IRQHandler
                0x080007b4                TIM1_CC_IRQHandler
                0x080007b4                DMA2_Stream5_IRQHandler
                0x080007b4                DMA1_Stream5_IRQHandler
                0x080007b4                PVD_IRQHandler
                0x080007b4                SDIO_IRQHandler
                0x080007b4                TAMP_STAMP_IRQHandler
                0x080007b4                CAN2_RX1_IRQHandler
                0x080007b4                EXTI3_IRQHandler
                0x080007b4                TIM8_TRG_COM_TIM14_IRQHandler
                0x080007b4                TIM1_UP_TIM10_IRQHandler
                0x080007b4                TIM8_UP_TIM13_IRQHandler
                0x080007b4                I2C3_ER_IRQHandler
                0x080007b4                EXTI0_IRQHandler
                0x080007b4                I2C2_EV_IRQHandler
                0x080007b4                DMA1_Stream2_IRQHandler
                0x080007b4                CAN1_RX0_IRQHandler
                0x080007b4                FPU_IRQHandler
                0x080007b4                OTG_HS_WKUP_IRQHandler
                0x080007b4                CAN2_SCE_IRQHandler
                0x080007b4                DMA2_Stream2_IRQHandler
                0x080007b4                SPI1_IRQHandler
                0x080007b4                TIM6_DAC_IRQHandler
                0x080007b4                TIM1_BRK_TIM9_IRQHandler
                0x080007b4                DCMI_IRQHandler
                0x080007b4                CAN2_RX0_IRQHandler
                0x080007b4                DMA2_Stream3_IRQHandler
                0x080007b4                SAI2_IRQHandler
                0x080007b4                USART6_IRQHandler
                0x080007b4                USART3_IRQHandler
                0x080007b4                CAN1_RX1_IRQHandler
                0x080007b4                UART5_IRQHandler
                0x080007b4                DMA2_Stream0_IRQHandler
                0x080007b4                TIM4_IRQHandler
                0x080007b4                QUADSPI_IRQHandler
                0x080007b4                I2C1_EV_IRQHandler
                0x080007b4                DMA1_Stream6_IRQHandler
                0x080007b4                DMA1_Stream1_IRQHandler
                0x080007b4                UART4_IRQHandler
                0x080007b4                TIM3_IRQHandler
                0x080007b4                RCC_IRQHandler
                0x080007b4                TIM8_BRK_TIM12_IRQHandler
                0x080007b4                Default_Handler
                0x080007b4                CEC_IRQHandler
                0x080007b4                EXTI15_10_IRQHandler
                0x080007b4                ADC_IRQHandler
                0x080007b4                DMA1_Stream7_IRQHandler
                0x080007b4                TIM7_IRQHandler
                0x080007b4                CAN2_TX_IRQHandler
                0x080007b4                TIM5_IRQHandler
                0x080007b4                DMA2_Stream7_IRQHandler
                0x080007b4                I2C3_EV_IRQHandler
                0x080007b4                EXTI9_5_IRQHandler
                0x080007b4                RTC_WKUP_IRQHandler
                0x080007b4                SPDIF_RX_IRQHandler
                0x080007b4                SPI2_IRQHandler
                0x080007b4                OTG_HS_EP1_IN_IRQHandler
                0x080007b4                DMA1_Stream0_IRQHandler
                0x080007b4                CAN1_TX_IRQHandler
                0x080007b4                FMPI2C1_ER_IRQHandler
                0x080007b4                EXTI4_IRQHandler
                0x080007b4                OTG_HS_EP1_OUT_IRQHandler
                0x080007b4                WWDG_IRQHandler
                0x080007b4                TIM2_IRQHandler
                0x080007b4                OTG_FS_WKUP_IRQHandler
                0x080007b4                TIM1_TRG_COM_TIM11_IRQHandler
                0x080007b4                OTG_HS_IRQHandler
                0x080007b4                EXTI1_IRQHandler
                0x080007b4                USART2_IRQHandler
                0x080007b4                I2C2_ER_IRQHandler
                0x080007b4                DMA2_Stream1_IRQHandler
                0x080007b4                CAN1_SCE_IRQHandler
                0x080007b4                FLASH_IRQHandler
                0x080007b4                DMA2_Stream4_IRQHandler
                0x080007b4                USART1_IRQHandler
                0x080007b4                SPI3_IRQHandler
                0x080007b4                DMA1_Stream4_IRQHandler
                0x080007b4                I2C1_ER_IRQHandler
                0x080007b4                FMC_IRQHandler
                0x080007b4                DMA2_Stream6_IRQHandler
                0x080007b4                SAI1_IRQHandler
                0x080007b4                DMA1_Stream3_IRQHandler
 *fill*         0x080007b6        0x2 
 .text.HAL_Init
                0x080007b8       0x44 ./Drivers/STM32F4xx_HAL_Driver/Src/stm32f4xx_hal.o
                0x080007b8                HAL_Init
 .text.HAL_InitTick
                0x080007fc       0x60 ./Drivers/STM32F4xx_HAL_Driver/Src/stm32f4xx_hal.o
                0x080007fc                HAL_InitTick
 .text.HAL_IncTick
                0x0800085c       0x28 ./Drivers/STM32F4xx_HAL_Driver/Src/stm32f4xx_hal.o
                0x0800085c                HAL_IncTick
 .text.HAL_GetTick
                0x08000884       0x18 ./Drivers/STM32F4xx_HAL_Driver/Src/stm32f4xx_hal.o
                0x08000884                HAL_GetTick
 .text.HAL_Delay
                0x0800089c       0x48 ./Drivers/STM32F4xx_HAL_Driver/Src/stm32f4xx_hal.o
                0x0800089c                HAL_Delay
 .text.__NVIC_SetPriorityGrouping
                0x080008e4       0x48 ./Drivers/STM32F4xx_HAL_Driver/Src/stm32f4xx_hal_cortex.o
 .text.__NVIC_GetPriorityGrouping
                0x0800092c       0x1c ./Drivers/STM32F4xx_HAL_Driver/Src/stm32f4xx_hal_cortex.o
 .text.__NVIC_EnableIRQ
                0x08000948       0x3c ./Drivers/STM32F4xx_HAL_Driver/Src/stm32f4xx_hal_cortex.o
 .text.__NVIC_SetPriority
                0x08000984       0x54 ./Drivers/STM32F4xx_HAL_Driver/Src/stm32f4xx_hal_cortex.o
 .text.NVIC_EncodePriority
                0x080009d8       0x66 ./Drivers/STM32F4xx_HAL_Driver/Src/stm32f4xx_hal_cortex.o
 *fill*         0x08000a3e        0x2 
 .text.SysTick_Config
                0x08000a40       0x44 ./Drivers/STM32F4xx_HAL_Driver/Src/stm32f4xx_hal_cortex.o
 .text.HAL_NVIC_SetPriorityGrouping
                0x08000a84       0x16 ./Drivers/STM32F4xx_HAL_Driver/Src/stm32f4xx_hal_cortex.o
                0x08000a84                HAL_NVIC_SetPriorityGrouping
 .text.HAL_NVIC_SetPriority
                0x08000a9a       0x38 ./Drivers/STM32F4xx_HAL_Driver/Src/stm32f4xx_hal_cortex.o
                0x08000a9a                HAL_NVIC_SetPriority
 .text.HAL_NVIC_EnableIRQ
                0x08000ad2       0x1c ./Drivers/STM32F4xx_HAL_Driver/Src/stm32f4xx_hal_cortex.o
                0x08000ad2                HAL_NVIC_EnableIRQ
 .text.HAL_SYSTICK_Config
                0x08000aee       0x18 ./Drivers/STM32F4xx_HAL_Driver/Src/stm32f4xx_hal_cortex.o
                0x08000aee                HAL_SYSTICK_Config
 *fill*         0x08000b06        0x2 
 .text.HAL_GPIO_Init
                0x08000b08      0x328 ./Drivers/STM32F4xx_HAL_Driver/Src/stm32f4xx_hal_gpio.o
                0x08000b08                HAL_GPIO_Init
 .text.HAL_PCD_Init
                0x08000e30      0x22c ./Drivers/STM32F4xx_HAL_Driver/Src/stm32f4xx_hal_pcd.o
                0x08000e30                HAL_PCD_Init
 .text.HAL_PCD_Start
                0x0800105c       0x6a ./Drivers/STM32F4xx_HAL_Driver/Src/stm32f4xx_hal_pcd.o
                0x0800105c                HAL_PCD_Start
 .text.HAL_PCD_IRQHandler
                0x080010c6      0x99c ./Drivers/STM32F4xx_HAL_Driver/Src/stm32f4xx_hal_pcd.o
                0x080010c6                HAL_PCD_IRQHandler
 .text.HAL_PCD_SetAddress
                0x08001a62       0x48 ./Drivers/STM32F4xx_HAL_Driver/Src/stm32f4xx_hal_pcd.o
                0x08001a62                HAL_PCD_SetAddress
 .text.HAL_PCD_EP_Open
                0x08001aaa       0xd4 ./Drivers/STM32F4xx_HAL_Driver/Src/stm32f4xx_hal_pcd.o
                0x08001aaa                HAL_PCD_EP_Open
 .text.HAL_PCD_EP_Close
                0x08001b7e       0x94 ./Drivers/STM32F4xx_HAL_Driver/Src/stm32f4xx_hal_pcd.o
                0x08001b7e                HAL_PCD_EP_Close
 .text.HAL_PCD_EP_Receive
                0x08001c12       0x76 ./Drivers/STM32F4xx_HAL_Driver/Src/stm32f4xx_hal_pcd.o
                0x08001c12                HAL_PCD_EP_Receive
 .text.HAL_PCD_EP_GetRxCount
                0x08001c88       0x30 ./Drivers/STM32F4xx_HAL_Driver/Src/stm32f4xx_hal_pcd.o
                0x08001c88                HAL_PCD_EP_GetRxCount
 .text.HAL_PCD_EP_Transmit
                0x08001cb8       0x74 ./Drivers/STM32F4xx_HAL_Driver/Src/stm32f4xx_hal_pcd.o
                0x08001cb8                HAL_PCD_EP_Transmit
 .text.HAL_PCD_EP_SetStall
                0x08001d2c       0xc6 ./Drivers/STM32F4xx_HAL_Driver/Src/stm32f4xx_hal_pcd.o
                0x08001d2c                HAL_PCD_EP_SetStall
 .text.HAL_PCD_EP_ClrStall
                0x08001df2       0xac ./Drivers/STM32F4xx_HAL_Driver/Src/stm32f4xx_hal_pcd.o
                0x08001df2                HAL_PCD_EP_ClrStall
 .text.HAL_PCD_EP_Abort
                0x08001e9e       0x62 ./Drivers/STM32F4xx_HAL_Driver/Src/stm32f4xx_hal_pcd.o
                0x08001e9e                HAL_PCD_EP_Abort
 .text.PCD_WriteEmptyTxFifo
                0x08001f00      0x118 ./Drivers/STM32F4xx_HAL_Driver/Src/stm32f4xx_hal_pcd.o
 .text.PCD_EP_OutXfrComplete_int
                0x08002018      0x1d0 ./Drivers/STM32F4xx_HAL_Driver/Src/stm32f4xx_hal_pcd.o
 .text.PCD_EP_OutSetupPacket_int
                0x080021e8       0x8c ./Drivers/STM32F4xx_HAL_Driver/Src/stm32f4xx_hal_pcd.o
 .text.HAL_PCDEx_SetTxFiFo
                0x08002274       0x8e ./Drivers/STM32F4xx_HAL_Driver/Src/stm32f4xx_hal_pcd_ex.o
                0x08002274                HAL_PCDEx_SetTxFiFo
 .text.HAL_PCDEx_SetRxFiFo
                0x08002302       0x22 ./Drivers/STM32F4xx_HAL_Driver/Src/stm32f4xx_hal_pcd_ex.o
                0x08002302                HAL_PCDEx_SetRxFiFo
 .text.HAL_PCDEx_ActivateLPM
                0x08002324       0x48 ./Drivers/STM32F4xx_HAL_Driver/Src/stm32f4xx_hal_pcd_ex.o
                0x08002324                HAL_PCDEx_ActivateLPM
 .text.HAL_PWREx_EnableOverDrive
                0x0800236c       0xa0 ./Drivers/STM32F4xx_HAL_Driver/Src/stm32f4xx_hal_pwr_ex.o
                0x0800236c                HAL_PWREx_EnableOverDrive
 .text.HAL_RCC_ClockConfig
                0x0800240c      0x1cc ./Drivers/STM32F4xx_HAL_Driver/Src/stm32f4xx_hal_rcc.o
                0x0800240c                HAL_RCC_ClockConfig
 .text.HAL_RCC_GetHCLKFreq
                0x080025d8       0x18 ./Drivers/STM32F4xx_HAL_Driver/Src/stm32f4xx_hal_rcc.o
                0x080025d8                HAL_RCC_GetHCLKFreq
 .text.HAL_RCCEx_PeriphCLKConfig
                0x080025f0      0x654 ./Drivers/STM32F4xx_HAL_Driver/Src/stm32f4xx_hal_rcc_ex.o
                0x080025f0                HAL_RCCEx_PeriphCLKConfig
 .text.HAL_RCC_GetSysClockFreq
                0x08002c44      0x460 ./Drivers/STM32F4xx_HAL_Driver/Src/stm32f4xx_hal_rcc_ex.o
                0x08002c44                HAL_RCC_GetSysClockFreq
 .text.HAL_RCC_OscConfig
                0x080030a4      0x53c ./Drivers/STM32F4xx_HAL_Driver/Src/stm32f4xx_hal_rcc_ex.o
                0x080030a4                HAL_RCC_OscConfig
 .text.USB_CoreInit
                0x080035e0       0xc8 ./Drivers/STM32F4xx_HAL_Driver/Src/stm32f4xx_ll_usb.o
                0x080035e0                USB_CoreInit
 .text.USB_SetTurnaroundTime
                0x080036a8      0x144 ./Drivers/STM32F4xx_HAL_Driver/Src/stm32f4xx_ll_usb.o
                0x080036a8                USB_SetTurnaroundTime
 .text.USB_EnableGlobalInt
                0x080037ec       0x22 ./Drivers/STM32F4xx_HAL_Driver/Src/stm32f4xx_ll_usb.o
                0x080037ec                USB_EnableGlobalInt
 .text.USB_DisableGlobalInt
                0x0800380e       0x22 ./Drivers/STM32F4xx_HAL_Driver/Src/stm32f4xx_ll_usb.o
                0x0800380e                USB_DisableGlobalInt
 .text.USB_SetCurrentMode
                0x08003830       0x98 ./Drivers/STM32F4xx_HAL_Driver/Src/stm32f4xx_ll_usb.o
                0x08003830                USB_SetCurrentMode
 .text.USB_DevInit
                0x080038c8      0x2bc ./Drivers/STM32F4xx_HAL_Driver/Src/stm32f4xx_ll_usb.o
                0x080038c8                USB_DevInit
 .text.USB_FlushTxFifo
                0x08003b84       0x64 ./Drivers/STM32F4xx_HAL_Driver/Src/stm32f4xx_ll_usb.o
                0x08003b84                USB_FlushTxFifo
 .text.USB_FlushRxFifo
                0x08003be8       0x5c ./Drivers/STM32F4xx_HAL_Driver/Src/stm32f4xx_ll_usb.o
                0x08003be8                USB_FlushRxFifo
 .text.USB_SetDevSpeed
                0x08003c44       0x32 ./Drivers/STM32F4xx_HAL_Driver/Src/stm32f4xx_ll_usb.o
                0x08003c44                USB_SetDevSpeed
 .text.USB_GetDevSpeed
                0x08003c76       0x4a ./Drivers/STM32F4xx_HAL_Driver/Src/stm32f4xx_ll_usb.o
                0x08003c76                USB_GetDevSpeed
 .text.USB_ActivateEndpoint
                0x08003cc0      0x10e ./Drivers/STM32F4xx_HAL_Driver/Src/stm32f4xx_ll_usb.o
                0x08003cc0                USB_ActivateEndpoint
 *fill*         0x08003dce        0x2 
 .text.USB_DeactivateEndpoint
                0x08003dd0      0x1b8 ./Drivers/STM32F4xx_HAL_Driver/Src/stm32f4xx_ll_usb.o
                0x08003dd0                USB_DeactivateEndpoint
 .text.USB_EPStartXfer
                0x08003f88      0x53c ./Drivers/STM32F4xx_HAL_Driver/Src/stm32f4xx_ll_usb.o
                0x08003f88                USB_EPStartXfer
 .text.USB_EPStopXfer
                0x080044c4      0x154 ./Drivers/STM32F4xx_HAL_Driver/Src/stm32f4xx_ll_usb.o
                0x080044c4                USB_EPStopXfer
 .text.USB_WritePacket
                0x08004618       0x7c ./Drivers/STM32F4xx_HAL_Driver/Src/stm32f4xx_ll_usb.o
                0x08004618                USB_WritePacket
 .text.USB_ReadPacket
                0x08004694       0xb0 ./Drivers/STM32F4xx_HAL_Driver/Src/stm32f4xx_ll_usb.o
                0x08004694                USB_ReadPacket
 .text.USB_EPSetStall
                0x08004744       0xdc ./Drivers/STM32F4xx_HAL_Driver/Src/stm32f4xx_ll_usb.o
                0x08004744                USB_EPSetStall
 .text.USB_EPClearStall
                0x08004820       0xcc ./Drivers/STM32F4xx_HAL_Driver/Src/stm32f4xx_ll_usb.o
                0x08004820                USB_EPClearStall
 .text.USB_SetDevAddress
                0x080048ec       0x4c ./Drivers/STM32F4xx_HAL_Driver/Src/stm32f4xx_ll_usb.o
                0x080048ec                USB_SetDevAddress
 .text.USB_DevConnect
                0x08004938       0x42 ./Drivers/STM32F4xx_HAL_Driver/Src/stm32f4xx_ll_usb.o
                0x08004938                USB_DevConnect
 .text.USB_DevDisconnect
                0x0800497a       0x42 ./Drivers/STM32F4xx_HAL_Driver/Src/stm32f4xx_ll_usb.o
                0x0800497a                USB_DevDisconnect
 .text.USB_ReadInterrupts
                0x080049bc       0x26 ./Drivers/STM32F4xx_HAL_Driver/Src/stm32f4xx_ll_usb.o
                0x080049bc                USB_ReadInterrupts
 .text.USB_ReadDevAllOutEpInterrupt
                0x080049e2       0x34 ./Drivers/STM32F4xx_HAL_Driver/Src/stm32f4xx_ll_usb.o
                0x080049e2                USB_ReadDevAllOutEpInterrupt
 .text.USB_ReadDevAllInEpInterrupt
                0x08004a16       0x34 ./Drivers/STM32F4xx_HAL_Driver/Src/stm32f4xx_ll_usb.o
                0x08004a16                USB_ReadDevAllInEpInterrupt
 .text.USB_ReadDevOutEPInterrupt
                0x08004a4a       0x3c ./Drivers/STM32F4xx_HAL_Driver/Src/stm32f4xx_ll_usb.o
                0x08004a4a                USB_ReadDevOutEPInterrupt
 .text.USB_ReadDevInEPInterrupt
                0x08004a86       0x5c ./Drivers/STM32F4xx_HAL_Driver/Src/stm32f4xx_ll_usb.o
                0x08004a86                USB_ReadDevInEPInterrupt
 .text.USB_GetMode
                0x08004ae2       0x1c ./Drivers/STM32F4xx_HAL_Driver/Src/stm32f4xx_ll_usb.o
                0x08004ae2                USB_GetMode
 .text.USB_ActivateSetup
                0x08004afe       0x46 ./Drivers/STM32F4xx_HAL_Driver/Src/stm32f4xx_ll_usb.o
                0x08004afe                USB_ActivateSetup
 .text.USB_EP0_OutStart
                0x08004b44       0xbc ./Drivers/STM32F4xx_HAL_Driver/Src/stm32f4xx_ll_usb.o
                0x08004b44                USB_EP0_OutStart
 .text.USB_CoreReset
                0x08004c00       0x70 ./Drivers/STM32F4xx_HAL_Driver/Src/stm32f4xx_ll_usb.o
 .text.USBD_CDC_Init
                0x08004c70      0x1f0 ./Middlewares/ST/STM32_USB_Device_Library/Class/CDC/Src/usbd_cdc.o
 .text.USBD_CDC_DeInit
                0x08004e60      0x104 ./Middlewares/ST/STM32_USB_Device_Library/Class/CDC/Src/usbd_cdc.o
 .text.USBD_CDC_Setup
                0x08004f64      0x1b8 ./Middlewares/ST/STM32_USB_Device_Library/Class/CDC/Src/usbd_cdc.o
 .text.USBD_CDC_DataIn
                0x0800511c       0xfe ./Middlewares/ST/STM32_USB_Device_Library/Class/CDC/Src/usbd_cdc.o
 .text.USBD_CDC_DataOut
                0x0800521a       0x70 ./Middlewares/ST/STM32_USB_Device_Library/Class/CDC/Src/usbd_cdc.o
 .text.USBD_CDC_EP0_RxReady
                0x0800528a       0x74 ./Middlewares/ST/STM32_USB_Device_Library/Class/CDC/Src/usbd_cdc.o
 *fill*         0x080052fe        0x2 
 .text.USBD_CDC_GetFSCfgDesc
                0x08005300       0x70 ./Middlewares/ST/STM32_USB_Device_Library/Class/CDC/Src/usbd_cdc.o
 .text.USBD_CDC_GetHSCfgDesc
                0x08005370       0x70 ./Middlewares/ST/STM32_USB_Device_Library/Class/CDC/Src/usbd_cdc.o
 .text.USBD_CDC_GetOtherSpeedCfgDesc
                0x080053e0       0x70 ./Middlewares/ST/STM32_USB_Device_Library/Class/CDC/Src/usbd_cdc.o
 .text.USBD_CDC_GetDeviceQualifierDescriptor
                0x08005450       0x20 ./Middlewares/ST/STM32_USB_Device_Library/Class/CDC/Src/usbd_cdc.o
                0x08005450                USBD_CDC_GetDeviceQualifierDescriptor
 .text.USBD_CDC_RegisterInterface
                0x08005470       0x34 ./Middlewares/ST/STM32_USB_Device_Library/Class/CDC/Src/usbd_cdc.o
                0x08005470                USBD_CDC_RegisterInterface
 .text.USBD_CDC_SetTxBuffer
                0x080054a4       0x44 ./Middlewares/ST/STM32_USB_Device_Library/Class/CDC/Src/usbd_cdc.o
                0x080054a4                USBD_CDC_SetTxBuffer
 .text.USBD_CDC_SetRxBuffer
                0x080054e8       0x3a ./Middlewares/ST/STM32_USB_Device_Library/Class/CDC/Src/usbd_cdc.o
                0x080054e8                USBD_CDC_SetRxBuffer
 *fill*         0x08005522        0x2 
 .text.USBD_CDC_TransmitPacket
                0x08005524       0x80 ./Middlewares/ST/STM32_USB_Device_Library/Class/CDC/Src/usbd_cdc.o
                0x08005524                USBD_CDC_TransmitPacket
 .text.USBD_CDC_ReceivePacket
                0x080055a4       0x6c ./Middlewares/ST/STM32_USB_Device_Library/Class/CDC/Src/usbd_cdc.o
                0x080055a4                USBD_CDC_ReceivePacket
 .text.USBD_Init
                0x08005610       0x60 ./Middlewares/ST/STM32_USB_Device_Library/Core/Src/usbd_core.o
                0x08005610                USBD_Init
 .text.USBD_RegisterClass
                0x08005670       0x6c ./Middlewares/ST/STM32_USB_Device_Library/Core/Src/usbd_core.o
                0x08005670                USBD_RegisterClass
 .text.USBD_Start
                0x080056dc       0x18 ./Middlewares/ST/STM32_USB_Device_Library/Core/Src/usbd_core.o
                0x080056dc                USBD_Start
 .text.USBD_RunTestMode
                0x080056f4       0x16 ./Middlewares/ST/STM32_USB_Device_Library/Core/Src/usbd_core.o
                0x080056f4                USBD_RunTestMode
 .text.USBD_SetClassConfig
                0x0800570a       0x38 ./Middlewares/ST/STM32_USB_Device_Library/Core/Src/usbd_core.o
                0x0800570a                USBD_SetClassConfig
 .text.USBD_ClrClassConfig
                0x08005742       0x34 ./Middlewares/ST/STM32_USB_Device_Library/Core/Src/usbd_core.o
                0x08005742                USBD_ClrClassConfig
 .text.USBD_LL_SetupStage
                0x08005776       0xaa ./Middlewares/ST/STM32_USB_Device_Library/Core/Src/usbd_core.o
                0x08005776                USBD_LL_SetupStage
 .text.USBD_LL_DataOutStage
                0x08005820      0x178 ./Middlewares/ST/STM32_USB_Device_Library/Core/Src/usbd_core.o
                0x08005820                USBD_LL_DataOutStage
 .text.USBD_LL_DataInStage
                0x08005998      0x176 ./Middlewares/ST/STM32_USB_Device_Library/Core/Src/usbd_core.o
                0x08005998                USBD_LL_DataInStage
 .text.USBD_LL_Reset
                0x08005b0e       0xa6 ./Middlewares/ST/STM32_USB_Device_Library/Core/Src/usbd_core.o
                0x08005b0e                USBD_LL_Reset
 .text.USBD_LL_SetSpeed
                0x08005bb4       0x20 ./Middlewares/ST/STM32_USB_Device_Library/Core/Src/usbd_core.o
                0x08005bb4                USBD_LL_SetSpeed
 .text.USBD_LL_Suspend
                0x08005bd4       0x38 ./Middlewares/ST/STM32_USB_Device_Library/Core/Src/usbd_core.o
                0x08005bd4                USBD_LL_Suspend
 .text.USBD_LL_Resume
                0x08005c0c       0x30 ./Middlewares/ST/STM32_USB_Device_Library/Core/Src/usbd_core.o
                0x08005c0c                USBD_LL_Resume
 .text.USBD_LL_SOF
                0x08005c3c       0x40 ./Middlewares/ST/STM32_USB_Device_Library/Core/Src/usbd_core.o
                0x08005c3c                USBD_LL_SOF
 .text.USBD_LL_IsoINIncomplete
                0x08005c7c       0x64 ./Middlewares/ST/STM32_USB_Device_Library/Core/Src/usbd_core.o
                0x08005c7c                USBD_LL_IsoINIncomplete
 .text.USBD_LL_IsoOUTIncomplete
                0x08005ce0       0x64 ./Middlewares/ST/STM32_USB_Device_Library/Core/Src/usbd_core.o
                0x08005ce0                USBD_LL_IsoOUTIncomplete
 .text.USBD_LL_DevConnected
                0x08005d44       0x16 ./Middlewares/ST/STM32_USB_Device_Library/Core/Src/usbd_core.o
                0x08005d44                USBD_LL_DevConnected
 .text.USBD_LL_DevDisconnected
                0x08005d5a       0x46 ./Middlewares/ST/STM32_USB_Device_Library/Core/Src/usbd_core.o
                0x08005d5a                USBD_LL_DevDisconnected
 .text.USBD_CoreFindIF
                0x08005da0       0x1a ./Middlewares/ST/STM32_USB_Device_Library/Core/Src/usbd_core.o
                0x08005da0                USBD_CoreFindIF
 .text.USBD_CoreFindEP
                0x08005dba       0x1a ./Middlewares/ST/STM32_USB_Device_Library/Core/Src/usbd_core.o
                0x08005dba                USBD_CoreFindEP
 .text.USBD_GetEpDesc
                0x08005dd4       0x70 ./Middlewares/ST/STM32_USB_Device_Library/Core/Src/usbd_core.o
                0x08005dd4                USBD_GetEpDesc
 .text.USBD_GetNextDesc
                0x08005e44       0x38 ./Middlewares/ST/STM32_USB_Device_Library/Core/Src/usbd_core.o
                0x08005e44                USBD_GetNextDesc
 .text.SWAPBYTE
                0x08005e7c       0x3c ./Middlewares/ST/STM32_USB_Device_Library/Core/Src/usbd_ctlreq.o
 .text.USBD_StdDevReq
                0x08005eb8       0xe4 ./Middlewares/ST/STM32_USB_Device_Library/Core/Src/usbd_ctlreq.o
                0x08005eb8                USBD_StdDevReq
 .text.USBD_StdItfReq
                0x08005f9c       0xd8 ./Middlewares/ST/STM32_USB_Device_Library/Core/Src/usbd_ctlreq.o
                0x08005f9c                USBD_StdItfReq
 .text.USBD_StdEPReq
                0x08006074      0x33e ./Middlewares/ST/STM32_USB_Device_Library/Core/Src/usbd_ctlreq.o
                0x08006074                USBD_StdEPReq
 *fill*         0x080063b2        0x2 
 .text.USBD_GetDescriptor
                0x080063b4      0x328 ./Middlewares/ST/STM32_USB_Device_Library/Core/Src/usbd_ctlreq.o
 .text.USBD_SetAddress
                0x080066dc       0x88 ./Middlewares/ST/STM32_USB_Device_Library/Core/Src/usbd_ctlreq.o
 .text.USBD_SetConfig
                0x08006764      0x154 ./Middlewares/ST/STM32_USB_Device_Library/Core/Src/usbd_ctlreq.o
 .text.USBD_GetConfig
                0x080068b8       0x6c ./Middlewares/ST/STM32_USB_Device_Library/Core/Src/usbd_ctlreq.o
 .text.USBD_GetStatus
                0x08006924       0x68 ./Middlewares/ST/STM32_USB_Device_Library/Core/Src/usbd_ctlreq.o
 .text.USBD_SetFeature
                0x0800698c       0x52 ./Middlewares/ST/STM32_USB_Device_Library/Core/Src/usbd_ctlreq.o
 .text.USBD_ClrFeature
                0x080069de       0x44 ./Middlewares/ST/STM32_USB_Device_Library/Core/Src/usbd_ctlreq.o
 .text.USBD_ParseSetupRequest
                0x08006a22       0x74 ./Middlewares/ST/STM32_USB_Device_Library/Core/Src/usbd_ctlreq.o
                0x08006a22                USBD_ParseSetupRequest
 .text.USBD_CtlError
                0x08006a96       0x22 ./Middlewares/ST/STM32_USB_Device_Library/Core/Src/usbd_ctlreq.o
                0x08006a96                USBD_CtlError
 .text.USBD_GetString
                0x08006ab8       0xa4 ./Middlewares/ST/STM32_USB_Device_Library/Core/Src/usbd_ctlreq.o
                0x08006ab8                USBD_GetString
 .text.USBD_GetLen
                0x08006b5c       0x34 ./Middlewares/ST/STM32_USB_Device_Library/Core/Src/usbd_ctlreq.o
 .text.USBD_CtlSendData
                0x08006b90       0x3c ./Middlewares/ST/STM32_USB_Device_Library/Core/Src/usbd_ioreq.o
                0x08006b90                USBD_CtlSendData
 .text.USBD_CtlContinueSendData
                0x08006bcc       0x22 ./Middlewares/ST/STM32_USB_Device_Library/Core/Src/usbd_ioreq.o
                0x08006bcc                USBD_CtlContinueSendData
 .text.USBD_CtlPrepareRx
                0x08006bee       0x42 ./Middlewares/ST/STM32_USB_Device_Library/Core/Src/usbd_ioreq.o
                0x08006bee                USBD_CtlPrepareRx
 .text.USBD_CtlContinueRx
                0x08006c30       0x22 ./Middlewares/ST/STM32_USB_Device_Library/Core/Src/usbd_ioreq.o
                0x08006c30                USBD_CtlContinueRx
 .text.USBD_CtlSendStatus
                0x08006c52       0x26 ./Middlewares/ST/STM32_USB_Device_Library/Core/Src/usbd_ioreq.o
                0x08006c52                USBD_CtlSendStatus
 .text.USBD_CtlReceiveStatus
                0x08006c78       0x26 ./Middlewares/ST/STM32_USB_Device_Library/Core/Src/usbd_ioreq.o
                0x08006c78                USBD_CtlReceiveStatus
 *fill*         0x08006c9e        0x2 
 .text.MX_USB_DEVICE_Init
                0x08006ca0       0x60 ./USB_DEVICE/App/usb_device.o
                0x08006ca0                MX_USB_DEVICE_Init
 .text.CDC_Init_FS
                0x08006d00       0x28 ./USB_DEVICE/App/usbd_cdc_if.o
 .text.CDC_DeInit_FS
                0x08006d28       0x10 ./USB_DEVICE/App/usbd_cdc_if.o
 .text.CDC_Control_FS
                0x08006d38       0xbc ./USB_DEVICE/App/usbd_cdc_if.o
 .text.CDC_Receive_FS
                0x08006df4       0x28 ./USB_DEVICE/App/usbd_cdc_if.o
 .text.CDC_Transmit_FS
                0x08006e1c       0x4c ./USB_DEVICE/App/usbd_cdc_if.o
                0x08006e1c                CDC_Transmit_FS
 .text.CDC_TransmitCplt_FS
                0x08006e68       0x22 ./USB_DEVICE/App/usbd_cdc_if.o
 *fill*         0x08006e8a        0x2 
 .text.USBD_FS_DeviceDescriptor
                0x08006e8c       0x24 ./USB_DEVICE/App/usbd_desc.o
                0x08006e8c                USBD_FS_DeviceDescriptor
 .text.USBD_FS_LangIDStrDescriptor
                0x08006eb0       0x24 ./USB_DEVICE/App/usbd_desc.o
                0x08006eb0                USBD_FS_LangIDStrDescriptor
 .text.USBD_FS_ProductStrDescriptor
                0x08006ed4       0x3c ./USB_DEVICE/App/usbd_desc.o
                0x08006ed4                USBD_FS_ProductStrDescriptor
 .text.USBD_FS_ManufacturerStrDescriptor
                0x08006f10       0x28 ./USB_DEVICE/App/usbd_desc.o
                0x08006f10                USBD_FS_ManufacturerStrDescriptor
 .text.USBD_FS_SerialStrDescriptor
                0x08006f38       0x24 ./USB_DEVICE/App/usbd_desc.o
                0x08006f38                USBD_FS_SerialStrDescriptor
 .text.USBD_FS_ConfigStrDescriptor
                0x08006f5c       0x3c ./USB_DEVICE/App/usbd_desc.o
                0x08006f5c                USBD_FS_ConfigStrDescriptor
 .text.USBD_FS_InterfaceStrDescriptor
                0x08006f98       0x3c ./USB_DEVICE/App/usbd_desc.o
                0x08006f98                USBD_FS_InterfaceStrDescriptor
 .text.USBD_FS_USR_BOSDescriptor
                0x08006fd4       0x24 ./USB_DEVICE/App/usbd_desc.o
                0x08006fd4                USBD_FS_USR_BOSDescriptor
 .text.Get_SerialNum
                0x08006ff8       0x58 ./USB_DEVICE/App/usbd_desc.o
 .text.IntToUnicode
                0x08007050       0x7e ./USB_DEVICE/App/usbd_desc.o
 *fill*         0x080070ce        0x2 
 .text.HAL_PCD_MspInit
                0x080070d0       0xec ./USB_DEVICE/Target/usbd_conf.o
                0x080070d0                HAL_PCD_MspInit
 .text.HAL_PCD_SetupStageCallback
                0x080071bc       0x24 ./USB_DEVICE/Target/usbd_conf.o
                0x080071bc                HAL_PCD_SetupStageCallback
 .text.HAL_PCD_DataOutStageCallback
                0x080071e0       0x36 ./USB_DEVICE/Target/usbd_conf.o
                0x080071e0                HAL_PCD_DataOutStageCallback
 .text.HAL_PCD_DataInStageCallback
                0x08007216       0x34 ./USB_DEVICE/Target/usbd_conf.o
                0x08007216                HAL_PCD_DataInStageCallback
 .text.HAL_PCD_SOFCallback
                0x0800724a       0x1c ./USB_DEVICE/Target/usbd_conf.o
                0x0800724a                HAL_PCD_SOFCallback
 .text.HAL_PCD_ResetCallback
                0x08007266       0x50 ./USB_DEVICE/Target/usbd_conf.o
                0x08007266                HAL_PCD_ResetCallback
 *fill*         0x080072b6        0x2 
 .text.HAL_PCD_SuspendCallback
                0x080072b8       0x4c ./USB_DEVICE/Target/usbd_conf.o
                0x080072b8                HAL_PCD_SuspendCallback
 .text.HAL_PCD_ResumeCallback
                0x08007304       0x1c ./USB_DEVICE/Target/usbd_conf.o
                0x08007304                HAL_PCD_ResumeCallback
 .text.HAL_PCD_ISOOUTIncompleteCallback
                0x08007320       0x24 ./USB_DEVICE/Target/usbd_conf.o
                0x08007320                HAL_PCD_ISOOUTIncompleteCallback
 .text.HAL_PCD_ISOINIncompleteCallback
                0x08007344       0x24 ./USB_DEVICE/Target/usbd_conf.o
                0x08007344                HAL_PCD_ISOINIncompleteCallback
 .text.HAL_PCD_ConnectCallback
                0x08007368       0x1c ./USB_DEVICE/Target/usbd_conf.o
                0x08007368                HAL_PCD_ConnectCallback
 .text.HAL_PCD_DisconnectCallback
                0x08007384       0x1c ./USB_DEVICE/Target/usbd_conf.o
                0x08007384                HAL_PCD_DisconnectCallback
 .text.USBD_LL_Init
                0x080073a0       0x98 ./USB_DEVICE/Target/usbd_conf.o
                0x080073a0                USBD_LL_Init
 .text.USBD_LL_Start
                0x08007438       0x36 ./USB_DEVICE/Target/usbd_conf.o
                0x08007438                USBD_LL_Start
 .text.USBD_LL_OpenEP
                0x0800746e       0x4c ./USB_DEVICE/Target/usbd_conf.o
                0x0800746e                USBD_LL_OpenEP
 .text.USBD_LL_CloseEP
                0x080074ba       0x3e ./USB_DEVICE/Target/usbd_conf.o
                0x080074ba                USBD_LL_CloseEP
 .text.USBD_LL_StallEP
                0x080074f8       0x3e ./USB_DEVICE/Target/usbd_conf.o
                0x080074f8                USBD_LL_StallEP
 .text.USBD_LL_ClearStallEP
                0x08007536       0x3e ./USB_DEVICE/Target/usbd_conf.o
                0x08007536                USBD_LL_ClearStallEP
 .text.USBD_LL_IsStallEP
                0x08007574       0x58 ./USB_DEVICE/Target/usbd_conf.o
                0x08007574                USBD_LL_IsStallEP
 .text.USBD_LL_SetUSBAddress
                0x080075cc       0x3e ./USB_DEVICE/Target/usbd_conf.o
                0x080075cc                USBD_LL_SetUSBAddress
 .text.USBD_LL_Transmit
                0x0800760a       0x42 ./USB_DEVICE/Target/usbd_conf.o
                0x0800760a                USBD_LL_Transmit
 .text.USBD_LL_PrepareReceive
                0x0800764c       0x42 ./USB_DEVICE/Target/usbd_conf.o
                0x0800764c                USBD_LL_PrepareReceive
 .text.USBD_LL_GetRxDataSize
                0x0800768e       0x26 ./USB_DEVICE/Target/usbd_conf.o
                0x0800768e                USBD_LL_GetRxDataSize
 .text.HAL_PCDEx_LPM_Callback
                0x080076b4       0x9c ./USB_DEVICE/Target/usbd_conf.o
                0x080076b4                HAL_PCDEx_LPM_Callback
 .text.USBD_static_malloc
                0x08007750       0x1c ./USB_DEVICE/Target/usbd_conf.o
                0x08007750                USBD_static_malloc
 .text.USBD_static_free
                0x0800776c       0x14 ./USB_DEVICE/Target/usbd_conf.o
                0x0800776c                USBD_static_free
 .text.USBD_Get_USB_Status
                0x08007780       0x58 ./USB_DEVICE/Target/usbd_conf.o
                0x08007780                USBD_Get_USB_Status
 .text.memset   0x080077d8       0x10 C:/ST/STM32CubeIDE_1.17.0/STM32CubeIDE/plugins/com.st.stm32cube.ide.mcu.externaltools.gnu-tools-for-stm32.12.3.rel1.win32_1.1.0.202410251130/tools/bin/../lib/gcc/arm-none-eabi/12.3.1/../../../../arm-none-eabi/lib/thumb/v7e-m+fp/hard\libc_nano.a(libc_a-memset.o)
                0x080077d8                memset
 .text.__libc_init_array
                0x080077e8       0x48 C:/ST/STM32CubeIDE_1.17.0/STM32CubeIDE/plugins/com.st.stm32cube.ide.mcu.externaltools.gnu-tools-for-stm32.12.3.rel1.win32_1.1.0.202410251130/tools/bin/../lib/gcc/arm-none-eabi/12.3.1/../../../../arm-none-eabi/lib/thumb/v7e-m+fp/hard\libc_nano.a(libc_a-init.o)
                0x080077e8                __libc_init_array
 *(.glue_7)
 .glue_7        0x08007830        0x0 linker stubs
 *(.glue_7t)
 .glue_7t       0x08007830        0x0 linker stubs
 *(.eh_frame)
 .eh_frame      0x08007830        0x0 C:/ST/STM32CubeIDE_1.17.0/STM32CubeIDE/plugins/com.st.stm32cube.ide.mcu.externaltools.gnu-tools-for-stm32.12.3.rel1.win32_1.1.0.202410251130/tools/bin/../lib/gcc/arm-none-eabi/12.3.1/thumb/v7e-m+fp/hard/crtbegin.o
 *(.init)
 .init          0x08007830        0x4 C:/ST/STM32CubeIDE_1.17.0/STM32CubeIDE/plugins/com.st.stm32cube.ide.mcu.externaltools.gnu-tools-for-stm32.12.3.rel1.win32_1.1.0.202410251130/tools/bin/../lib/gcc/arm-none-eabi/12.3.1/thumb/v7e-m+fp/hard/crti.o
                0x08007830                _init
 .init          0x08007834        0x8 C:/ST/STM32CubeIDE_1.17.0/STM32CubeIDE/plugins/com.st.stm32cube.ide.mcu.externaltools.gnu-tools-for-stm32.12.3.rel1.win32_1.1.0.202410251130/tools/bin/../lib/gcc/arm-none-eabi/12.3.1/thumb/v7e-m+fp/hard/crtn.o
 *(.fini)
 .fini          0x0800783c        0x4 C:/ST/STM32CubeIDE_1.17.0/STM32CubeIDE/plugins/com.st.stm32cube.ide.mcu.externaltools.gnu-tools-for-stm32.12.3.rel1.win32_1.1.0.202410251130/tools/bin/../lib/gcc/arm-none-eabi/12.3.1/thumb/v7e-m+fp/hard/crti.o
                0x0800783c                _fini
 .fini          0x08007840        0x8 C:/ST/STM32CubeIDE_1.17.0/STM32CubeIDE/plugins/com.st.stm32cube.ide.mcu.externaltools.gnu-tools-for-stm32.12.3.rel1.win32_1.1.0.202410251130/tools/bin/../lib/gcc/arm-none-eabi/12.3.1/thumb/v7e-m+fp/hard/crtn.o
                0x08007848                        . = ALIGN (0x4)
                0x08007848                        _etext = .

.vfp11_veneer   0x08007848        0x0
 .vfp11_veneer  0x08007848        0x0 linker stubs

.v4_bx          0x08007848        0x0
 .v4_bx         0x08007848        0x0 linker stubs

.iplt           0x08007848        0x0
 .iplt          0x08007848        0x0 C:/ST/STM32CubeIDE_1.17.0/STM32CubeIDE/plugins/com.st.stm32cube.ide.mcu.externaltools.gnu-tools-for-stm32.12.3.rel1.win32_1.1.0.202410251130/tools/bin/../lib/gcc/arm-none-eabi/12.3.1/thumb/v7e-m+fp/hard/crtbegin.o

.rodata         0x08007848       0x58
                0x08007848                        . = ALIGN (0x4)
 *(.rodata)
 .rodata        0x08007848       0x46 ./USB_DEVICE/App/usbd_desc.o
 *(.rodata*)
 *fill*         0x0800788e        0x2 
 .rodata.AHBPrescTable
                0x08007890       0x10 ./Core/Src/system_stm32f4xx.o
                0x08007890                AHBPrescTable
                0x080078a0                        . = ALIGN (0x4)

.ARM.extab      0x080078a0        0x0
                0x080078a0                        . = ALIGN (0x4)
 *(.ARM.extab* .gnu.linkonce.armextab.*)
                0x080078a0                        . = ALIGN (0x4)

.ARM            0x080078a0        0x8
                0x080078a0                        . = ALIGN (0x4)
                0x080078a0                        __exidx_start = .
 *(.ARM.exidx*)
 .ARM.exidx     0x080078a0        0x8 C:/ST/STM32CubeIDE_1.17.0/STM32CubeIDE/plugins/com.st.stm32cube.ide.mcu.externaltools.gnu-tools-for-stm32.12.3.rel1.win32_1.1.0.202410251130/tools/bin/../lib/gcc/arm-none-eabi/12.3.1/thumb/v7e-m+fp/hard\libgcc.a(_udivmoddi4.o)
                0x080078a8                        __exidx_end = .
                0x080078a8                        . = ALIGN (0x4)

.preinit_array  0x080078a8        0x0
                0x080078a8                        . = ALIGN (0x4)
                0x080078a8                        PROVIDE (__preinit_array_start = .)
 *(.preinit_array*)
                0x080078a8                        PROVIDE (__preinit_array_end = .)
                0x080078a8                        . = ALIGN (0x4)

.init_array     0x080078a8        0x4
                0x080078a8                        . = ALIGN (0x4)
                0x080078a8                        PROVIDE (__init_array_start = .)
 *(SORT_BY_NAME(.init_array.*))
 *(.init_array*)
 .init_array    0x080078a8        0x4 C:/ST/STM32CubeIDE_1.17.0/STM32CubeIDE/plugins/com.st.stm32cube.ide.mcu.externaltools.gnu-tools-for-stm32.12.3.rel1.win32_1.1.0.202410251130/tools/bin/../lib/gcc/arm-none-eabi/12.3.1/thumb/v7e-m+fp/hard/crtbegin.o
                0x080078ac                        PROVIDE (__init_array_end = .)
                0x080078ac                        . = ALIGN (0x4)

.fini_array     0x080078ac        0x4
                0x080078ac                        . = ALIGN (0x4)
                [!provide]                        PROVIDE (__fini_array_start = .)
 *(SORT_BY_NAME(.fini_array.*))
 *(.fini_array*)
 .fini_array    0x080078ac        0x4 C:/ST/STM32CubeIDE_1.17.0/STM32CubeIDE/plugins/com.st.stm32cube.ide.mcu.externaltools.gnu-tools-for-stm32.12.3.rel1.win32_1.1.0.202410251130/tools/bin/../lib/gcc/arm-none-eabi/12.3.1/thumb/v7e-m+fp/hard/crtbegin.o
                [!provide]                        PROVIDE (__fini_array_end = .)
                0x080078b0                        . = ALIGN (0x4)
                0x080078b0                        _sidata = LOADADDR (.data)

.rel.dyn        0x080078b0        0x0
 .rel.iplt      0x080078b0        0x0 C:/ST/STM32CubeIDE_1.17.0/STM32CubeIDE/plugins/com.st.stm32cube.ide.mcu.externaltools.gnu-tools-for-stm32.12.3.rel1.win32_1.1.0.202410251130/tools/bin/../lib/gcc/arm-none-eabi/12.3.1/thumb/v7e-m+fp/hard/crtbegin.o

.data           0x20000000      0x120 load address 0x080078b0
                0x20000000                        . = ALIGN (0x4)
                0x20000000                        _sdata = .
 *(.data)
 *(.data*)
 .data.buff     0x20000000       0x14 ./Core/Src/main.o
                0x20000000                buff
 .data.SystemCoreClock
                0x20000014        0x4 ./Core/Src/system_stm32f4xx.o
                0x20000014                SystemCoreClock
 .data.uwTickPrio
                0x20000018        0x4 ./Drivers/STM32F4xx_HAL_Driver/Src/stm32f4xx_hal.o
                0x20000018                uwTickPrio
 .data.uwTickFreq
                0x2000001c        0x1 ./Drivers/STM32F4xx_HAL_Driver/Src/stm32f4xx_hal.o
                0x2000001c                uwTickFreq
 *fill*         0x2000001d        0x3 
 .data.USBD_CDC_DeviceQualifierDesc
                0x20000020        0xa ./Middlewares/ST/STM32_USB_Device_Library/Class/CDC/Src/usbd_cdc.o
 *fill*         0x2000002a        0x2 
 .data.USBD_CDC
                0x2000002c       0x38 ./Middlewares/ST/STM32_USB_Device_Library/Class/CDC/Src/usbd_cdc.o
                0x2000002c                USBD_CDC
 .data.USBD_CDC_CfgDesc
                0x20000064       0x43 ./Middlewares/ST/STM32_USB_Device_Library/Class/CDC/Src/usbd_cdc.o
 .data.CDCInEpAdd
                0x200000a7        0x1 ./Middlewares/ST/STM32_USB_Device_Library/Class/CDC/Src/usbd_cdc.o
 .data.CDCOutEpAdd
                0x200000a8        0x1 ./Middlewares/ST/STM32_USB_Device_Library/Class/CDC/Src/usbd_cdc.o
 .data.CDCCmdEpAdd
                0x200000a9        0x1 ./Middlewares/ST/STM32_USB_Device_Library/Class/CDC/Src/usbd_cdc.o
 *fill*         0x200000aa        0x2 
 .data.USBD_Interface_fops_FS
                0x200000ac       0x14 ./USB_DEVICE/App/usbd_cdc_if.o
                0x200000ac                USBD_Interface_fops_FS
 .data.FS_Desc  0x200000c0       0x20 ./USB_DEVICE/App/usbd_desc.o
                0x200000c0                FS_Desc
 .data.USBD_FS_DeviceDesc
                0x200000e0       0x12 ./USB_DEVICE/App/usbd_desc.o
                0x200000e0                USBD_FS_DeviceDesc
 *fill*         0x200000f2        0x2 
 .data.USBD_FS_BOSDesc
                0x200000f4        0xc ./USB_DEVICE/App/usbd_desc.o
                0x200000f4                USBD_FS_BOSDesc
 .data.USBD_LangIDDesc
                0x20000100        0x4 ./USB_DEVICE/App/usbd_desc.o
                0x20000100                USBD_LangIDDesc
 .data.USBD_StringSerial
                0x20000104       0x1a ./USB_DEVICE/App/usbd_desc.o
                0x20000104                USBD_StringSerial
 *(.RamFunc)
 *(.RamFunc*)
                0x20000120                        . = ALIGN (0x4)
 *fill*         0x2000011e        0x2 
                0x20000120                        _edata = .

.igot.plt       0x20000120        0x0 load address 0x080079d0
 .igot.plt      0x20000120        0x0 C:/ST/STM32CubeIDE_1.17.0/STM32CubeIDE/plugins/com.st.stm32cube.ide.mcu.externaltools.gnu-tools-for-stm32.12.3.rel1.win32_1.1.0.202410251130/tools/bin/../lib/gcc/arm-none-eabi/12.3.1/thumb/v7e-m+fp/hard/crtbegin.o
                0x20000120                        . = ALIGN (0x4)

.bss            0x20000120     0x1c04 load address 0x080079d0
                0x20000120                        _sbss = .
                0x20000120                        __bss_start__ = _sbss
 *(.bss)
 .bss           0x20000120       0x1c C:/ST/STM32CubeIDE_1.17.0/STM32CubeIDE/plugins/com.st.stm32cube.ide.mcu.externaltools.gnu-tools-for-stm32.12.3.rel1.win32_1.1.0.202410251130/tools/bin/../lib/gcc/arm-none-eabi/12.3.1/thumb/v7e-m+fp/hard/crtbegin.o
 *(.bss*)
 .bss.uwTick    0x2000013c        0x4 ./Drivers/STM32F4xx_HAL_Driver/Src/stm32f4xx_hal.o
                0x2000013c                uwTick
 .bss.cfgidx.0  0x20000140        0x1 ./Middlewares/ST/STM32_USB_Device_Library/Core/Src/usbd_ctlreq.o
 *fill*         0x20000141        0x3 
 .bss.hUsbDeviceFS
                0x20000144      0x2dc ./USB_DEVICE/App/usb_device.o
                0x20000144                hUsbDeviceFS
 .bss.UserRxBufferFS
                0x20000420      0x800 ./USB_DEVICE/App/usbd_cdc_if.o
                0x20000420                UserRxBufferFS
 .bss.UserTxBufferFS
                0x20000c20      0x800 ./USB_DEVICE/App/usbd_cdc_if.o
                0x20000c20                UserTxBufferFS
 .bss.USBD_StrDesc
                0x20001420      0x200 ./USB_DEVICE/App/usbd_desc.o
                0x20001420                USBD_StrDesc
 .bss.hpcd_USB_OTG_FS
                0x20001620      0x4e4 ./USB_DEVICE/Target/usbd_conf.o
                0x20001620                hpcd_USB_OTG_FS
 .bss.mem.0     0x20001b04      0x220 ./USB_DEVICE/Target/usbd_conf.o
 *(COMMON)
                0x20001d24                        . = ALIGN (0x4)
                0x20001d24                        _ebss = .
                0x20001d24                        __bss_end__ = _ebss

._user_heap_stack
                0x20001d24      0x604 load address 0x080079d0
                0x20001d28                        . = ALIGN (0x8)
 *fill*         0x20001d24        0x4 
                [!provide]                        PROVIDE (end = .)
                0x20001d28                        PROVIDE (_end = .)
                0x20001f28                        . = (. + _Min_Heap_Size)
 *fill*         0x20001d28      0x200 
                0x20002328                        . = (. + _Min_Stack_Size)
 *fill*         0x20001f28      0x400 
                0x20002328                        . = ALIGN (0x8)

/DISCARD/
 libc.a(*)
 libm.a(*)
 libgcc.a(*)

.ARM.attributes
                0x00000000       0x30
 *(.ARM.attributes)
 .ARM.attributes
                0x00000000       0x22 C:/ST/STM32CubeIDE_1.17.0/STM32CubeIDE/plugins/com.st.stm32cube.ide.mcu.externaltools.gnu-tools-for-stm32.12.3.rel1.win32_1.1.0.202410251130/tools/bin/../lib/gcc/arm-none-eabi/12.3.1/thumb/v7e-m+fp/hard/crti.o
 .ARM.attributes
                0x00000022       0x34 C:/ST/STM32CubeIDE_1.17.0/STM32CubeIDE/plugins/com.st.stm32cube.ide.mcu.externaltools.gnu-tools-for-stm32.12.3.rel1.win32_1.1.0.202410251130/tools/bin/../lib/gcc/arm-none-eabi/12.3.1/thumb/v7e-m+fp/hard/crtbegin.o
 .ARM.attributes
                0x00000056       0x34 ./Core/Src/main.o
 .ARM.attributes
                0x0000008a       0x34 ./Core/Src/stm32f4xx_hal_msp.o
 .ARM.attributes
                0x000000be       0x34 ./Core/Src/stm32f4xx_it.o
 .ARM.attributes
                0x000000f2       0x34 ./Core/Src/system_stm32f4xx.o
 .ARM.attributes
                0x00000126       0x21 ./Core/Startup/startup_stm32f446zetx.o
 .ARM.attributes
                0x00000147       0x34 ./Drivers/STM32F4xx_HAL_Driver/Src/stm32f4xx_hal.o
 .ARM.attributes
                0x0000017b       0x34 ./Drivers/STM32F4xx_HAL_Driver/Src/stm32f4xx_hal_cortex.o
 .ARM.attributes
                0x000001af       0x34 ./Drivers/STM32F4xx_HAL_Driver/Src/stm32f4xx_hal_gpio.o
 .ARM.attributes
                0x000001e3       0x34 ./Drivers/STM32F4xx_HAL_Driver/Src/stm32f4xx_hal_pcd.o
 .ARM.attributes
                0x00000217       0x34 ./Drivers/STM32F4xx_HAL_Driver/Src/stm32f4xx_hal_pcd_ex.o
 .ARM.attributes
                0x0000024b       0x34 ./Drivers/STM32F4xx_HAL_Driver/Src/stm32f4xx_hal_pwr_ex.o
 .ARM.attributes
                0x0000027f       0x34 ./Drivers/STM32F4xx_HAL_Driver/Src/stm32f4xx_hal_rcc.o
 .ARM.attributes
                0x000002b3       0x34 ./Drivers/STM32F4xx_HAL_Driver/Src/stm32f4xx_hal_rcc_ex.o
 .ARM.attributes
                0x000002e7       0x34 ./Drivers/STM32F4xx_HAL_Driver/Src/stm32f4xx_ll_usb.o
 .ARM.attributes
                0x0000031b       0x34 ./Middlewares/ST/STM32_USB_Device_Library/Class/CDC/Src/usbd_cdc.o
 .ARM.attributes
                0x0000034f       0x34 ./Middlewares/ST/STM32_USB_Device_Library/Core/Src/usbd_core.o
 .ARM.attributes
                0x00000383       0x34 ./Middlewares/ST/STM32_USB_Device_Library/Core/Src/usbd_ctlreq.o
 .ARM.attributes
                0x000003b7       0x34 ./Middlewares/ST/STM32_USB_Device_Library/Core/Src/usbd_ioreq.o
 .ARM.attributes
                0x000003eb       0x34 ./USB_DEVICE/App/usb_device.o
 .ARM.attributes
                0x0000041f       0x34 ./USB_DEVICE/App/usbd_cdc_if.o
 .ARM.attributes
                0x00000453       0x34 ./USB_DEVICE/App/usbd_desc.o
 .ARM.attributes
                0x00000487       0x34 ./USB_DEVICE/Target/usbd_conf.o
 .ARM.attributes
                0x000004bb       0x34 C:/ST/STM32CubeIDE_1.17.0/STM32CubeIDE/plugins/com.st.stm32cube.ide.mcu.externaltools.gnu-tools-for-stm32.12.3.rel1.win32_1.1.0.202410251130/tools/bin/../lib/gcc/arm-none-eabi/12.3.1/../../../../arm-none-eabi/lib/thumb/v7e-m+fp/hard\libc_nano.a(libc_a-memset.o)
 .ARM.attributes
                0x000004ef       0x34 C:/ST/STM32CubeIDE_1.17.0/STM32CubeIDE/plugins/com.st.stm32cube.ide.mcu.externaltools.gnu-tools-for-stm32.12.3.rel1.win32_1.1.0.202410251130/tools/bin/../lib/gcc/arm-none-eabi/12.3.1/../../../../arm-none-eabi/lib/thumb/v7e-m+fp/hard\libc_nano.a(libc_a-init.o)
 .ARM.attributes
                0x00000523       0x22 C:/ST/STM32CubeIDE_1.17.0/STM32CubeIDE/plugins/com.st.stm32cube.ide.mcu.externaltools.gnu-tools-for-stm32.12.3.rel1.win32_1.1.0.202410251130/tools/bin/../lib/gcc/arm-none-eabi/12.3.1/thumb/v7e-m+fp/hard\libgcc.a(_aeabi_uldivmod.o)
 .ARM.attributes
                0x00000545       0x34 C:/ST/STM32CubeIDE_1.17.0/STM32CubeIDE/plugins/com.st.stm32cube.ide.mcu.externaltools.gnu-tools-for-stm32.12.3.rel1.win32_1.1.0.202410251130/tools/bin/../lib/gcc/arm-none-eabi/12.3.1/thumb/v7e-m+fp/hard\libgcc.a(_udivmoddi4.o)
 .ARM.attributes
                0x00000579       0x22 C:/ST/STM32CubeIDE_1.17.0/STM32CubeIDE/plugins/com.st.stm32cube.ide.mcu.externaltools.gnu-tools-for-stm32.12.3.rel1.win32_1.1.0.202410251130/tools/bin/../lib/gcc/arm-none-eabi/12.3.1/thumb/v7e-m+fp/hard\libgcc.a(_dvmd_tls.o)
 .ARM.attributes
                0x0000059b       0x22 C:/ST/STM32CubeIDE_1.17.0/STM32CubeIDE/plugins/com.st.stm32cube.ide.mcu.externaltools.gnu-tools-for-stm32.12.3.rel1.win32_1.1.0.202410251130/tools/bin/../lib/gcc/arm-none-eabi/12.3.1/thumb/v7e-m+fp/hard/crtn.o
OUTPUT(003_CDC_USB.elf elf32-littlearm)
LOAD linker stubs
LOAD C:/ST/STM32CubeIDE_1.17.0/STM32CubeIDE/plugins/com.st.stm32cube.ide.mcu.externaltools.gnu-tools-for-stm32.12.3.rel1.win32_1.1.0.202410251130/tools/bin/../lib/gcc/arm-none-eabi/12.3.1/../../../../arm-none-eabi/lib/thumb/v7e-m+fp/hard\libc.a
LOAD C:/ST/STM32CubeIDE_1.17.0/STM32CubeIDE/plugins/com.st.stm32cube.ide.mcu.externaltools.gnu-tools-for-stm32.12.3.rel1.win32_1.1.0.202410251130/tools/bin/../lib/gcc/arm-none-eabi/12.3.1/../../../../arm-none-eabi/lib/thumb/v7e-m+fp/hard\libm.a
LOAD C:/ST/STM32CubeIDE_1.17.0/STM32CubeIDE/plugins/com.st.stm32cube.ide.mcu.externaltools.gnu-tools-for-stm32.12.3.rel1.win32_1.1.0.202410251130/tools/bin/../lib/gcc/arm-none-eabi/12.3.1/thumb/v7e-m+fp/hard\libgcc.a

.debug_info     0x00000000     0xeb78
 .debug_info    0x00000000      0x5e5 ./Core/Src/main.o
 .debug_info    0x000005e5      0x299 ./Core/Src/stm32f4xx_hal_msp.o
 .debug_info    0x0000087e      0x685 ./Core/Src/stm32f4xx_it.o
 .debug_info    0x00000f03      0x54a ./Core/Src/system_stm32f4xx.o
 .debug_info    0x0000144d       0x30 ./Core/Startup/startup_stm32f446zetx.o
 .debug_info    0x0000147d      0x99a ./Drivers/STM32F4xx_HAL_Driver/Src/stm32f4xx_hal.o
 .debug_info    0x00001e17      0xdaa ./Drivers/STM32F4xx_HAL_Driver/Src/stm32f4xx_hal_cortex.o
 .debug_info    0x00002bc1      0x70b ./Drivers/STM32F4xx_HAL_Driver/Src/stm32f4xx_hal_gpio.o
 .debug_info    0x000032cc     0x15e3 ./Drivers/STM32F4xx_HAL_Driver/Src/stm32f4xx_hal_pcd.o
 .debug_info    0x000048af      0x7b4 ./Drivers/STM32F4xx_HAL_Driver/Src/stm32f4xx_hal_pcd_ex.o
 .debug_info    0x00005063      0x6da ./Drivers/STM32F4xx_HAL_Driver/Src/stm32f4xx_hal_pwr_ex.o
 .debug_info    0x0000573d      0x8ff ./Drivers/STM32F4xx_HAL_Driver/Src/stm32f4xx_hal_rcc.o
 .debug_info    0x0000603c      0x960 ./Drivers/STM32F4xx_HAL_Driver/Src/stm32f4xx_hal_rcc_ex.o
 .debug_info    0x0000699c     0x19f1 ./Drivers/STM32F4xx_HAL_Driver/Src/stm32f4xx_ll_usb.o
 .debug_info    0x0000838d     0x1323 ./Middlewares/ST/STM32_USB_Device_Library/Class/CDC/Src/usbd_cdc.o
 .debug_info    0x000096b0      0xe1f ./Middlewares/ST/STM32_USB_Device_Library/Core/Src/usbd_core.o
 .debug_info    0x0000a4cf      0xaf8 ./Middlewares/ST/STM32_USB_Device_Library/Core/Src/usbd_ctlreq.o
 .debug_info    0x0000afc7      0x76f ./Middlewares/ST/STM32_USB_Device_Library/Core/Src/usbd_ioreq.o
 .debug_info    0x0000b736      0x71b ./USB_DEVICE/App/usb_device.o
 .debug_info    0x0000be51      0x914 ./USB_DEVICE/App/usbd_cdc_if.o
 .debug_info    0x0000c765      0x4ba ./USB_DEVICE/App/usbd_desc.o
 .debug_info    0x0000cc1f     0x1f59 ./USB_DEVICE/Target/usbd_conf.o

.debug_abbrev   0x00000000     0x2db1
 .debug_abbrev  0x00000000      0x24e ./Core/Src/main.o
 .debug_abbrev  0x0000024e       0xd8 ./Core/Src/stm32f4xx_hal_msp.o
 .debug_abbrev  0x00000326      0x1a4 ./Core/Src/stm32f4xx_it.o
 .debug_abbrev  0x000004ca      0x11a ./Core/Src/system_stm32f4xx.o
 .debug_abbrev  0x000005e4       0x24 ./Core/Startup/startup_stm32f446zetx.o
 .debug_abbrev  0x00000608      0x214 ./Drivers/STM32F4xx_HAL_Driver/Src/stm32f4xx_hal.o
 .debug_abbrev  0x0000081c      0x31d ./Drivers/STM32F4xx_HAL_Driver/Src/stm32f4xx_hal_cortex.o
 .debug_abbrev  0x00000b39      0x1d4 ./Drivers/STM32F4xx_HAL_Driver/Src/stm32f4xx_hal_gpio.o
 .debug_abbrev  0x00000d0d      0x2d0 ./Drivers/STM32F4xx_HAL_Driver/Src/stm32f4xx_hal_pcd.o
 .debug_abbrev  0x00000fdd      0x1dd ./Drivers/STM32F4xx_HAL_Driver/Src/stm32f4xx_hal_pcd_ex.o
 .debug_abbrev  0x000011ba      0x1cf ./Drivers/STM32F4xx_HAL_Driver/Src/stm32f4xx_hal_pwr_ex.o
 .debug_abbrev  0x00001389      0x2b7 ./Drivers/STM32F4xx_HAL_Driver/Src/stm32f4xx_hal_rcc.o
 .debug_abbrev  0x00001640      0x211 ./Drivers/STM32F4xx_HAL_Driver/Src/stm32f4xx_hal_rcc_ex.o
 .debug_abbrev  0x00001851      0x2b3 ./Drivers/STM32F4xx_HAL_Driver/Src/stm32f4xx_ll_usb.o
 .debug_abbrev  0x00001b04      0x2d2 ./Middlewares/ST/STM32_USB_Device_Library/Class/CDC/Src/usbd_cdc.o
 .debug_abbrev  0x00001dd6      0x27c ./Middlewares/ST/STM32_USB_Device_Library/Core/Src/usbd_core.o
 .debug_abbrev  0x00002052      0x26f ./Middlewares/ST/STM32_USB_Device_Library/Core/Src/usbd_ctlreq.o
 .debug_abbrev  0x000022c1      0x19a ./Middlewares/ST/STM32_USB_Device_Library/Core/Src/usbd_ioreq.o
 .debug_abbrev  0x0000245b      0x195 ./USB_DEVICE/App/usb_device.o
 .debug_abbrev  0x000025f0      0x29d ./USB_DEVICE/App/usbd_cdc_if.o
 .debug_abbrev  0x0000288d      0x1e3 ./USB_DEVICE/App/usbd_desc.o
 .debug_abbrev  0x00002a70      0x341 ./USB_DEVICE/Target/usbd_conf.o

.debug_aranges  0x00000000      0xc48
 .debug_aranges
                0x00000000       0x38 ./Core/Src/main.o
 .debug_aranges
                0x00000038       0x20 ./Core/Src/stm32f4xx_hal_msp.o
 .debug_aranges
                0x00000058       0x68 ./Core/Src/stm32f4xx_it.o
 .debug_aranges
                0x000000c0       0x28 ./Core/Src/system_stm32f4xx.o
 .debug_aranges
                0x000000e8       0x28 ./Core/Startup/startup_stm32f446zetx.o
 .debug_aranges
                0x00000110       0xf0 ./Drivers/STM32F4xx_HAL_Driver/Src/stm32f4xx_hal.o
 .debug_aranges
                0x00000200      0x130 ./Drivers/STM32F4xx_HAL_Driver/Src/stm32f4xx_hal_cortex.o
 .debug_aranges
                0x00000330       0x58 ./Drivers/STM32F4xx_HAL_Driver/Src/stm32f4xx_hal_gpio.o
 .debug_aranges
                0x00000388      0x148 ./Drivers/STM32F4xx_HAL_Driver/Src/stm32f4xx_hal_pcd.o
 .debug_aranges
                0x000004d0       0x48 ./Drivers/STM32F4xx_HAL_Driver/Src/stm32f4xx_hal_pcd_ex.o
 .debug_aranges
                0x00000518       0x60 ./Drivers/STM32F4xx_HAL_Driver/Src/stm32f4xx_hal_pwr_ex.o
 .debug_aranges
                0x00000578       0x88 ./Drivers/STM32F4xx_HAL_Driver/Src/stm32f4xx_hal_rcc.o
 .debug_aranges
                0x00000600       0x78 ./Drivers/STM32F4xx_HAL_Driver/Src/stm32f4xx_hal_rcc_ex.o
 .debug_aranges
                0x00000678      0x1a0 ./Drivers/STM32F4xx_HAL_Driver/Src/stm32f4xx_ll_usb.o
 .debug_aranges
                0x00000818       0x90 ./Middlewares/ST/STM32_USB_Device_Library/Class/CDC/Src/usbd_cdc.o
 .debug_aranges
                0x000008a8       0xd8 ./Middlewares/ST/STM32_USB_Device_Library/Core/Src/usbd_core.o
 .debug_aranges
                0x00000980       0x90 ./Middlewares/ST/STM32_USB_Device_Library/Core/Src/usbd_ctlreq.o
 .debug_aranges
                0x00000a10       0x50 ./Middlewares/ST/STM32_USB_Device_Library/Core/Src/usbd_ioreq.o
 .debug_aranges
                0x00000a60       0x20 ./USB_DEVICE/App/usb_device.o
 .debug_aranges
                0x00000a80       0x48 ./USB_DEVICE/App/usbd_cdc_if.o
 .debug_aranges
                0x00000ac8       0x68 ./USB_DEVICE/App/usbd_desc.o
 .debug_aranges
                0x00000b30      0x118 ./USB_DEVICE/Target/usbd_conf.o

.debug_rnglists
                0x00000000      0x911
 .debug_rnglists
                0x00000000       0x26 ./Core/Src/main.o
 .debug_rnglists
                0x00000026       0x13 ./Core/Src/stm32f4xx_hal_msp.o
 .debug_rnglists
                0x00000039       0x49 ./Core/Src/stm32f4xx_it.o
 .debug_rnglists
                0x00000082       0x1a ./Core/Src/system_stm32f4xx.o
 .debug_rnglists
                0x0000009c       0x19 ./Core/Startup/startup_stm32f446zetx.o
 .debug_rnglists
                0x000000b5       0xaf ./Drivers/STM32F4xx_HAL_Driver/Src/stm32f4xx_hal.o
 .debug_rnglists
                0x00000164       0xe0 ./Drivers/STM32F4xx_HAL_Driver/Src/stm32f4xx_hal_cortex.o
 .debug_rnglists
                0x00000244       0x3f ./Drivers/STM32F4xx_HAL_Driver/Src/stm32f4xx_hal_gpio.o
 .debug_rnglists
                0x00000283       0xfa ./Drivers/STM32F4xx_HAL_Driver/Src/stm32f4xx_hal_pcd.o
 .debug_rnglists
                0x0000037d       0x32 ./Drivers/STM32F4xx_HAL_Driver/Src/stm32f4xx_hal_pcd_ex.o
 .debug_rnglists
                0x000003af       0x47 ./Drivers/STM32F4xx_HAL_Driver/Src/stm32f4xx_hal_pwr_ex.o
 .debug_rnglists
                0x000003f6       0x66 ./Drivers/STM32F4xx_HAL_Driver/Src/stm32f4xx_hal_rcc.o
 .debug_rnglists
                0x0000045c       0x5e ./Drivers/STM32F4xx_HAL_Driver/Src/stm32f4xx_hal_rcc_ex.o
 .debug_rnglists
                0x000004ba      0x147 ./Drivers/STM32F4xx_HAL_Driver/Src/stm32f4xx_ll_usb.o
 .debug_rnglists
                0x00000601       0x6c ./Middlewares/ST/STM32_USB_Device_Library/Class/CDC/Src/usbd_cdc.o
 .debug_rnglists
                0x0000066d       0xa1 ./Middlewares/ST/STM32_USB_Device_Library/Core/Src/usbd_core.o
 .debug_rnglists
                0x0000070e       0x6e ./Middlewares/ST/STM32_USB_Device_Library/Core/Src/usbd_ctlreq.o
 .debug_rnglists
                0x0000077c       0x37 ./Middlewares/ST/STM32_USB_Device_Library/Core/Src/usbd_ioreq.o
 .debug_rnglists
                0x000007b3       0x13 ./USB_DEVICE/App/usb_device.o
 .debug_rnglists
                0x000007c6       0x32 ./USB_DEVICE/App/usbd_cdc_if.o
 .debug_rnglists
                0x000007f8       0x49 ./USB_DEVICE/App/usbd_desc.o
 .debug_rnglists
                0x00000841       0xd0 ./USB_DEVICE/Target/usbd_conf.o

.debug_macro    0x00000000    0x236fa
 .debug_macro   0x00000000      0x342 ./Core/Src/main.o
 .debug_macro   0x00000342      0xab4 ./Core/Src/main.o
 .debug_macro   0x00000df6      0x295 ./Core/Src/main.o
 .debug_macro   0x0000108b       0x2e ./Core/Src/main.o
 .debug_macro   0x000010b9       0x28 ./Core/Src/main.o
 .debug_macro   0x000010e1       0x22 ./Core/Src/main.o
 .debug_macro   0x00001103       0x8e ./Core/Src/main.o
 .debug_macro   0x00001191       0x51 ./Core/Src/main.o
 .debug_macro   0x000011e2      0x103 ./Core/Src/main.o
 .debug_macro   0x000012e5       0x6a ./Core/Src/main.o
 .debug_macro   0x0000134f      0x1df ./Core/Src/main.o
 .debug_macro   0x0000152e       0x1c ./Core/Src/main.o
 .debug_macro   0x0000154a       0x22 ./Core/Src/main.o
 .debug_macro   0x0000156c       0xfb ./Core/Src/main.o
 .debug_macro   0x00001667     0x1011 ./Core/Src/main.o
 .debug_macro   0x00002678      0x11f ./Core/Src/main.o
 .debug_macro   0x00002797    0x1675e ./Core/Src/main.o
 .debug_macro   0x00018ef5       0x6d ./Core/Src/main.o
 .debug_macro   0x00018f62     0x3693 ./Core/Src/main.o
 .debug_macro   0x0001c5f5      0x189 ./Core/Src/main.o
 .debug_macro   0x0001c77e       0x5c ./Core/Src/main.o
 .debug_macro   0x0001c7da      0xca5 ./Core/Src/main.o
 .debug_macro   0x0001d47f      0x9e9 ./Core/Src/main.o
 .debug_macro   0x0001de68      0x115 ./Core/Src/main.o
 .debug_macro   0x0001df7d      0x1a0 ./Core/Src/main.o
 .debug_macro   0x0001e11d       0xa5 ./Core/Src/main.o
 .debug_macro   0x0001e1c2      0x16d ./Core/Src/main.o
 .debug_macro   0x0001e32f      0x287 ./Core/Src/main.o
 .debug_macro   0x0001e5b6       0x5f ./Core/Src/main.o
 .debug_macro   0x0001e615      0x236 ./Core/Src/main.o
 .debug_macro   0x0001e84b      0x132 ./Core/Src/main.o
 .debug_macro   0x0001e97d      0x29c ./Core/Src/main.o
 .debug_macro   0x0001ec19       0x2e ./Core/Src/main.o
 .debug_macro   0x0001ec47      0x127 ./Core/Src/main.o
 .debug_macro   0x0001ed6e       0xe8 ./Core/Src/main.o
 .debug_macro   0x0001ee56       0x89 ./Core/Src/main.o
 .debug_macro   0x0001eedf      0x293 ./Core/Src/main.o
 .debug_macro   0x0001f172       0xba ./Core/Src/main.o
 .debug_macro   0x0001f22c      0x126 ./Core/Src/main.o
 .debug_macro   0x0001f352       0x61 ./Core/Src/main.o
 .debug_macro   0x0001f3b3       0x2a ./Core/Src/main.o
 .debug_macro   0x0001f3dd       0x43 ./Core/Src/main.o
 .debug_macro   0x0001f420       0x34 ./Core/Src/main.o
 .debug_macro   0x0001f454       0x16 ./Core/Src/main.o
 .debug_macro   0x0001f46a       0x35 ./Core/Src/main.o
 .debug_macro   0x0001f49f      0x369 ./Core/Src/main.o
 .debug_macro   0x0001f808       0x10 ./Core/Src/main.o
 .debug_macro   0x0001f818       0x16 ./Core/Src/main.o
 .debug_macro   0x0001f82e       0x43 ./Core/Src/main.o
 .debug_macro   0x0001f871       0x34 ./Core/Src/main.o
 .debug_macro   0x0001f8a5       0x10 ./Core/Src/main.o
 .debug_macro   0x0001f8b5       0x58 ./Core/Src/main.o
 .debug_macro   0x0001f90d       0x8e ./Core/Src/main.o
 .debug_macro   0x0001f99b       0x1c ./Core/Src/main.o
 .debug_macro   0x0001f9b7      0x177 ./Core/Src/main.o
 .debug_macro   0x0001fb2e       0x16 ./Core/Src/main.o
 .debug_macro   0x0001fb44       0x16 ./Core/Src/main.o
 .debug_macro   0x0001fb5a      0x146 ./Core/Src/main.o
 .debug_macro   0x0001fca0       0x16 ./Core/Src/main.o
 .debug_macro   0x0001fcb6       0x16 ./Core/Src/main.o
 .debug_macro   0x0001fccc       0x29 ./Core/Src/main.o
 .debug_macro   0x0001fcf5       0x16 ./Core/Src/main.o
 .debug_macro   0x0001fd0b       0x20 ./Core/Src/main.o
 .debug_macro   0x0001fd2b       0x65 ./Core/Src/main.o
 .debug_macro   0x0001fd90      0x20f ./Core/Src/main.o
 .debug_macro   0x0001ff9f      0x1de ./Core/Src/stm32f4xx_hal_msp.o
 .debug_macro   0x0002017d      0x1e8 ./Core/Src/stm32f4xx_it.o
 .debug_macro   0x00020365      0x1d4 ./Core/Src/system_stm32f4xx.o
 .debug_macro   0x00020539      0x234 ./Drivers/STM32F4xx_HAL_Driver/Src/stm32f4xx_hal.o
 .debug_macro   0x0002076d      0x1d4 ./Drivers/STM32F4xx_HAL_Driver/Src/stm32f4xx_hal_cortex.o
 .debug_macro   0x00020941      0x1da ./Drivers/STM32F4xx_HAL_Driver/Src/stm32f4xx_hal_gpio.o
 .debug_macro   0x00020b1b      0x1e0 ./Drivers/STM32F4xx_HAL_Driver/Src/stm32f4xx_hal_pcd.o
 .debug_macro   0x00020cfb      0x1d4 ./Drivers/STM32F4xx_HAL_Driver/Src/stm32f4xx_hal_pcd_ex.o
 .debug_macro   0x00020ecf      0x1ec ./Drivers/STM32F4xx_HAL_Driver/Src/stm32f4xx_hal_pwr_ex.o
 .debug_macro   0x000210bb      0x1f8 ./Drivers/STM32F4xx_HAL_Driver/Src/stm32f4xx_hal_rcc.o
 .debug_macro   0x000212b3      0x1d4 ./Drivers/STM32F4xx_HAL_Driver/Src/stm32f4xx_hal_rcc_ex.o
 .debug_macro   0x00021487      0x1d4 ./Drivers/STM32F4xx_HAL_Driver/Src/stm32f4xx_ll_usb.o
 .debug_macro   0x0002165b      0x36d ./Middlewares/ST/STM32_USB_Device_Library/Class/CDC/Src/usbd_cdc.o
 .debug_macro   0x000219c8       0x9e ./Middlewares/ST/STM32_USB_Device_Library/Class/CDC/Src/usbd_cdc.o
 .debug_macro   0x00021a66      0x10b ./Middlewares/ST/STM32_USB_Device_Library/Class/CDC/Src/usbd_cdc.o
 .debug_macro   0x00021b71       0x56 ./Middlewares/ST/STM32_USB_Device_Library/Class/CDC/Src/usbd_cdc.o
 .debug_macro   0x00021bc7       0x95 ./Middlewares/ST/STM32_USB_Device_Library/Class/CDC/Src/usbd_cdc.o
 .debug_macro   0x00021c5c      0x354 ./Middlewares/ST/STM32_USB_Device_Library/Core/Src/usbd_core.o
 .debug_macro   0x00021fb0      0x215 ./Middlewares/ST/STM32_USB_Device_Library/Core/Src/usbd_core.o
 .debug_macro   0x000221c5      0x35e ./Middlewares/ST/STM32_USB_Device_Library/Core/Src/usbd_ctlreq.o
 .debug_macro   0x00022523      0x35a ./Middlewares/ST/STM32_USB_Device_Library/Core/Src/usbd_ioreq.o
 .debug_macro   0x0002287d      0x393 ./USB_DEVICE/App/usb_device.o
 .debug_macro   0x00022c10       0x22 ./USB_DEVICE/App/usb_device.o
 .debug_macro   0x00022c32       0x16 ./USB_DEVICE/App/usb_device.o
 .debug_macro   0x00022c48      0x378 ./USB_DEVICE/App/usbd_cdc_if.o
 .debug_macro   0x00022fc0       0x10 ./USB_DEVICE/App/usbd_cdc_if.o
 .debug_macro   0x00022fd0      0x397 ./USB_DEVICE/App/usbd_desc.o
 .debug_macro   0x00023367       0x1c ./USB_DEVICE/App/usbd_desc.o
 .debug_macro   0x00023383      0x377 ./USB_DEVICE/Target/usbd_conf.o

.debug_line     0x00000000    0x113a1
 .debug_line    0x00000000      0xa18 ./Core/Src/main.o
 .debug_line    0x00000a18      0x744 ./Core/Src/stm32f4xx_hal_msp.o
 .debug_line    0x0000115c      0x81f ./Core/Src/stm32f4xx_it.o
 .debug_line    0x0000197b      0x7ba ./Core/Src/system_stm32f4xx.o
 .debug_line    0x00002135       0x7a ./Core/Startup/startup_stm32f446zetx.o
 .debug_line    0x000021af      0xa32 ./Drivers/STM32F4xx_HAL_Driver/Src/stm32f4xx_hal.o
 .debug_line    0x00002be1      0xd24 ./Drivers/STM32F4xx_HAL_Driver/Src/stm32f4xx_hal_cortex.o
 .debug_line    0x00003905      0xbaa ./Drivers/STM32F4xx_HAL_Driver/Src/stm32f4xx_hal_gpio.o
 .debug_line    0x000044af     0x1546 ./Drivers/STM32F4xx_HAL_Driver/Src/stm32f4xx_hal_pcd.o
 .debug_line    0x000059f5      0x866 ./Drivers/STM32F4xx_HAL_Driver/Src/stm32f4xx_hal_pcd_ex.o
 .debug_line    0x0000625b      0x95b ./Drivers/STM32F4xx_HAL_Driver/Src/stm32f4xx_hal_pwr_ex.o
 .debug_line    0x00006bb6      0xdc9 ./Drivers/STM32F4xx_HAL_Driver/Src/stm32f4xx_hal_rcc.o
 .debug_line    0x0000797f     0x1439 ./Drivers/STM32F4xx_HAL_Driver/Src/stm32f4xx_hal_rcc_ex.o
 .debug_line    0x00008db8     0x1e08 ./Drivers/STM32F4xx_HAL_Driver/Src/stm32f4xx_ll_usb.o
 .debug_line    0x0000abc0      0xec8 ./Middlewares/ST/STM32_USB_Device_Library/Class/CDC/Src/usbd_cdc.o
 .debug_line    0x0000ba88      0xf57 ./Middlewares/ST/STM32_USB_Device_Library/Core/Src/usbd_core.o
 .debug_line    0x0000c9df     0x1165 ./Middlewares/ST/STM32_USB_Device_Library/Core/Src/usbd_ctlreq.o
 .debug_line    0x0000db44      0xa62 ./Middlewares/ST/STM32_USB_Device_Library/Core/Src/usbd_ioreq.o
 .debug_line    0x0000e5a6      0xa18 ./USB_DEVICE/App/usb_device.o
 .debug_line    0x0000efbe      0xa7b ./USB_DEVICE/App/usbd_cdc_if.o
 .debug_line    0x0000fa39      0xafc ./USB_DEVICE/App/usbd_desc.o
 .debug_line    0x00010535      0xe6c ./USB_DEVICE/Target/usbd_conf.o

.debug_str      0x00000000    0xc9c85
 .debug_str     0x00000000    0xc5d2f ./Core/Src/main.o
                              0xc604e (size before relaxing)
 .debug_str     0x000c5d2f       0x2c ./Core/Src/stm32f4xx_hal_msp.o
                              0xc1ba1 (size before relaxing)
 .debug_str     0x000c5d5b      0x4dd ./Core/Src/stm32f4xx_it.o
                              0xc1f6c (size before relaxing)
 .debug_str     0x000c6238       0xdb ./Core/Src/system_stm32f4xx.o
                              0xc1c51 (size before relaxing)
 .debug_str     0x000c6313       0x44 ./Core/Startup/startup_stm32f446zetx.o
                                 0x65 (size before relaxing)
 .debug_str     0x000c6357      0xb2e ./Drivers/STM32F4xx_HAL_Driver/Src/stm32f4xx_hal.o
                              0xc2816 (size before relaxing)
 .debug_str     0x000c6e85      0x39e ./Drivers/STM32F4xx_HAL_Driver/Src/stm32f4xx_hal_cortex.o
                              0xc256d (size before relaxing)
 .debug_str     0x000c7223      0x1cd ./Drivers/STM32F4xx_HAL_Driver/Src/stm32f4xx_hal_gpio.o
                              0xc1dcc (size before relaxing)
 .debug_str     0x000c73f0      0x852 ./Drivers/STM32F4xx_HAL_Driver/Src/stm32f4xx_hal_pcd.o
                              0xc2762 (size before relaxing)
 .debug_str     0x000c7c42      0x12d ./Drivers/STM32F4xx_HAL_Driver/Src/stm32f4xx_hal_pcd_ex.o
                              0xc2064 (size before relaxing)
 .debug_str     0x000c7d6f      0x135 ./Drivers/STM32F4xx_HAL_Driver/Src/stm32f4xx_hal_pwr_ex.o
                              0xc1e29 (size before relaxing)
 .debug_str     0x000c7ea4      0x22f ./Drivers/STM32F4xx_HAL_Driver/Src/stm32f4xx_hal_rcc.o
                              0xc208a (size before relaxing)
 .debug_str     0x000c80d3      0x31c ./Drivers/STM32F4xx_HAL_Driver/Src/stm32f4xx_hal_rcc_ex.o
                              0xc20bd (size before relaxing)
 .debug_str     0x000c83ef      0x4b0 ./Drivers/STM32F4xx_HAL_Driver/Src/stm32f4xx_ll_usb.o
                              0xc261e (size before relaxing)
 .debug_str     0x000c889f      0xa4b ./Middlewares/ST/STM32_USB_Device_Library/Class/CDC/Src/usbd_cdc.o
                              0xc6c4d (size before relaxing)
 .debug_str     0x000c92ea      0x35c ./Middlewares/ST/STM32_USB_Device_Library/Core/Src/usbd_core.o
                              0xc656f (size before relaxing)
 .debug_str     0x000c9646      0x139 ./Middlewares/ST/STM32_USB_Device_Library/Core/Src/usbd_ctlreq.o
                              0xc639a (size before relaxing)
 .debug_str     0x000c977f       0x51 ./Middlewares/ST/STM32_USB_Device_Library/Core/Src/usbd_ioreq.o
                              0xc626f (size before relaxing)
 .debug_str     0x000c97d0      0x105 ./USB_DEVICE/App/usb_device.o
                              0xc6622 (size before relaxing)
 .debug_str     0x000c98d5       0x91 ./USB_DEVICE/App/usbd_cdc_if.o
                              0xc6662 (size before relaxing)
 .debug_str     0x000c9966      0x298 ./USB_DEVICE/App/usbd_desc.o
                              0xc6191 (size before relaxing)
 .debug_str     0x000c9bfe       0x87 ./USB_DEVICE/Target/usbd_conf.o
                              0xc772e (size before relaxing)

.comment        0x00000000       0x43
 .comment       0x00000000       0x43 ./Core/Src/main.o
                                 0x44 (size before relaxing)
 .comment       0x00000043       0x44 ./Core/Src/stm32f4xx_hal_msp.o
 .comment       0x00000043       0x44 ./Core/Src/stm32f4xx_it.o
 .comment       0x00000043       0x44 ./Core/Src/system_stm32f4xx.o
 .comment       0x00000043       0x44 ./Drivers/STM32F4xx_HAL_Driver/Src/stm32f4xx_hal.o
 .comment       0x00000043       0x44 ./Drivers/STM32F4xx_HAL_Driver/Src/stm32f4xx_hal_cortex.o
 .comment       0x00000043       0x44 ./Drivers/STM32F4xx_HAL_Driver/Src/stm32f4xx_hal_gpio.o
 .comment       0x00000043       0x44 ./Drivers/STM32F4xx_HAL_Driver/Src/stm32f4xx_hal_pcd.o
 .comment       0x00000043       0x44 ./Drivers/STM32F4xx_HAL_Driver/Src/stm32f4xx_hal_pcd_ex.o
 .comment       0x00000043       0x44 ./Drivers/STM32F4xx_HAL_Driver/Src/stm32f4xx_hal_pwr_ex.o
 .comment       0x00000043       0x44 ./Drivers/STM32F4xx_HAL_Driver/Src/stm32f4xx_hal_rcc.o
 .comment       0x00000043       0x44 ./Drivers/STM32F4xx_HAL_Driver/Src/stm32f4xx_hal_rcc_ex.o
 .comment       0x00000043       0x44 ./Drivers/STM32F4xx_HAL_Driver/Src/stm32f4xx_ll_usb.o
 .comment       0x00000043       0x44 ./Middlewares/ST/STM32_USB_Device_Library/Class/CDC/Src/usbd_cdc.o
 .comment       0x00000043       0x44 ./Middlewares/ST/STM32_USB_Device_Library/Core/Src/usbd_core.o
 .comment       0x00000043       0x44 ./Middlewares/ST/STM32_USB_Device_Library/Core/Src/usbd_ctlreq.o
 .comment       0x00000043       0x44 ./Middlewares/ST/STM32_USB_Device_Library/Core/Src/usbd_ioreq.o
 .comment       0x00000043       0x44 ./USB_DEVICE/App/usb_device.o
 .comment       0x00000043       0x44 ./USB_DEVICE/App/usbd_cdc_if.o
 .comment       0x00000043       0x44 ./USB_DEVICE/App/usbd_desc.o
 .comment       0x00000043       0x44 ./USB_DEVICE/Target/usbd_conf.o

.debug_frame    0x00000000     0x30a4
 .debug_frame   0x00000000       0x90 ./Core/Src/main.o
 .debug_frame   0x00000090       0x38 ./Core/Src/stm32f4xx_hal_msp.o
 .debug_frame   0x000000c8      0x120 ./Core/Src/stm32f4xx_it.o
 .debug_frame   0x000001e8       0x58 ./Core/Src/system_stm32f4xx.o
 .debug_frame   0x00000240      0x374 ./Drivers/STM32F4xx_HAL_Driver/Src/stm32f4xx_hal.o
 .debug_frame   0x000005b4      0x508 ./Drivers/STM32F4xx_HAL_Driver/Src/stm32f4xx_hal_cortex.o
 .debug_frame   0x00000abc      0x14c ./Drivers/STM32F4xx_HAL_Driver/Src/stm32f4xx_hal_gpio.o
 .debug_frame   0x00000c08      0x5b8 ./Drivers/STM32F4xx_HAL_Driver/Src/stm32f4xx_hal_pcd.o
 .debug_frame   0x000011c0      0x100 ./Drivers/STM32F4xx_HAL_Driver/Src/stm32f4xx_hal_pcd_ex.o
 .debug_frame   0x000012c0      0x14c ./Drivers/STM32F4xx_HAL_Driver/Src/stm32f4xx_hal_pwr_ex.o
 .debug_frame   0x0000140c      0x1f4 ./Drivers/STM32F4xx_HAL_Driver/Src/stm32f4xx_hal_rcc.o
 .debug_frame   0x00001600      0x1e8 ./Drivers/STM32F4xx_HAL_Driver/Src/stm32f4xx_hal_rcc_ex.o
 .debug_frame   0x000017e8      0x7c0 ./Drivers/STM32F4xx_HAL_Driver/Src/stm32f4xx_ll_usb.o
 .debug_frame   0x00001fa8      0x23c ./Middlewares/ST/STM32_USB_Device_Library/Class/CDC/Src/usbd_cdc.o
 .debug_frame   0x000021e4      0x390 ./Middlewares/ST/STM32_USB_Device_Library/Core/Src/usbd_core.o
 .debug_frame   0x00002574      0x23c ./Middlewares/ST/STM32_USB_Device_Library/Core/Src/usbd_ctlreq.o
 .debug_frame   0x000027b0      0x10c ./Middlewares/ST/STM32_USB_Device_Library/Core/Src/usbd_ioreq.o
 .debug_frame   0x000028bc       0x2c ./USB_DEVICE/App/usb_device.o
 .debug_frame   0x000028e8       0xe4 ./USB_DEVICE/App/usbd_cdc_if.o
 .debug_frame   0x000029cc      0x188 ./USB_DEVICE/App/usbd_desc.o
 .debug_frame   0x00002b54      0x4a4 ./USB_DEVICE/Target/usbd_conf.o
 .debug_frame   0x00002ff8       0x20 C:/ST/STM32CubeIDE_1.17.0/STM32CubeIDE/plugins/com.st.stm32cube.ide.mcu.externaltools.gnu-tools-for-stm32.12.3.rel1.win32_1.1.0.202410251130/tools/bin/../lib/gcc/arm-none-eabi/12.3.1/../../../../arm-none-eabi/lib/thumb/v7e-m+fp/hard\libc_nano.a(libc_a-memset.o)
 .debug_frame   0x00003018       0x2c C:/ST/STM32CubeIDE_1.17.0/STM32CubeIDE/plugins/com.st.stm32cube.ide.mcu.externaltools.gnu-tools-for-stm32.12.3.rel1.win32_1.1.0.202410251130/tools/bin/../lib/gcc/arm-none-eabi/12.3.1/../../../../arm-none-eabi/lib/thumb/v7e-m+fp/hard\libc_nano.a(libc_a-init.o)
 .debug_frame   0x00003044       0x2c C:/ST/STM32CubeIDE_1.17.0/STM32CubeIDE/plugins/com.st.stm32cube.ide.mcu.externaltools.gnu-tools-for-stm32.12.3.rel1.win32_1.1.0.202410251130/tools/bin/../lib/gcc/arm-none-eabi/12.3.1/thumb/v7e-m+fp/hard\libgcc.a(_aeabi_uldivmod.o)
 .debug_frame   0x00003070       0x34 C:/ST/STM32CubeIDE_1.17.0/STM32CubeIDE/plugins/com.st.stm32cube.ide.mcu.externaltools.gnu-tools-for-stm32.12.3.rel1.win32_1.1.0.202410251130/tools/bin/../lib/gcc/arm-none-eabi/12.3.1/thumb/v7e-m+fp/hard\libgcc.a(_udivmoddi4.o)

.debug_line_str
                0x00000000       0x49
 .debug_line_str
                0x00000000       0x49 ./Core/Startup/startup_stm32f446zetx.o
