../Core/Inc/BNO055_STM32.h:26:6:bno055_assignI2C	16	static
../Core/Inc/BNO055_STM32.h:30:6:bno055_delay	16	static
../Core/Inc/BNO055_STM32.h:38:6:bno055_writeData	40	static
../Core/Inc/BNO055_STM32.h:103:6:bno055_readData	24	static
../Core/Src/main.c:201:7:radians	16	static
../Core/Src/main.c:205:7:degrees	16	static
../Core/Src/main.c:209:7:map	32	static
../Core/Src/main.c:213:7:constrain	24	static
../Core/Src/main.c:228:7:normalise_angle	16	static
../Core/Src/main.c:239:6:process_data	16	static
../Core/Src/main.c:291:6:find_wheel_vel	32	static
../Core/Src/main.c:313:6:rotate_motor	24	static
../Core/Src/main.c:321:6:get_angle	40	static
../Core/Src/main.c:328:6:PID2	8	static
../Core/Src/main.c:347:6:STAFF_Motor	8	static
../Core/Src/main.c:358:6:TurretMotor	8	static
../Core/Src/main.c:368:6:BeltMotor	8	static
../Core/Src/main.c:378:6:ConveyerMotor	8	static
../Core/Src/main.c:389:6:kfs_picking_placing	8	static
../Core/Src/main.c:451:6:STAFF_Servo	8	static
../Core/Src/main.c:500:6:M1_ODrive	8	static
../Core/Src/main.c:551:5:main	24	static
../Core/Src/main.c:690:6:SystemClock_Config	88	static
../Core/Src/main.c:745:13:MX_FMPI2C1_Init	8	static
../Core/Src/main.c:786:13:MX_I2C2_Init	8	static
../Core/Src/main.c:820:13:MX_TIM4_Init	64	static
../Core/Src/main.c:887:13:MX_TIM5_Init	64	static
../Core/Src/main.c:946:13:MX_TIM6_Init	16	static
../Core/Src/main.c:984:13:MX_TIM7_Init	16	static
../Core/Src/main.c:1022:13:MX_TIM8_Init	96	static
../Core/Src/main.c:1096:13:MX_TIM9_Init	56	static
../Core/Src/main.c:1148:13:MX_TIM12_Init	56	static
../Core/Src/main.c:1200:13:MX_USART2_UART_Init	8	static
../Core/Src/main.c:1233:13:MX_USART6_UART_Init	8	static
../Core/Src/main.c:1266:13:MX_GPIO_Init	64	static
../Core/Src/main.c:1339:6:HAL_UART_RxCpltCallback	16	static
../Core/Src/main.c:1387:6:HAL_TIM_PeriodElapsedCallback	16	static
../Core/Src/main.c:1412:6:Error_Handler	4	static,ignoring_inline_asm
